Archive member included to satisfy reference by file (symbol)

build/cooja/contiki-ng-cooja.a(simEnvChange.o)
                              build/cooja/mtype515300759.o (simDontFallAsleep)
build/cooja/contiki-ng-cooja.a(cooja_mt.o)
                              build/cooja/mtype515300759.o (cooja_mt_start)
build/cooja/contiki-ng-cooja.a(cooja_mtarch.o)
                              build/cooja/contiki-ng-cooja.a(cooja_mt.o) (cooja_mtarch_start)
build/cooja/contiki-ng-cooja.a(rtimer-arch.o)
                              build/cooja/mtype515300759.o (rtimer_arch_check)
build/cooja/contiki-ng-cooja.a(beep.o)
                              build/cooja/mtype515300759.o (beep_interface)
build/cooja/contiki-ng-cooja.a(leds-arch.o)
                              build/cooja/mtype515300759.o (leds_interface)
build/cooja/contiki-ng-cooja.a(moteid.o)
                              build/cooja/mtype515300759.o (moteid_interface)
build/cooja/contiki-ng-cooja.a(pir-sensor.o)
                              build/cooja/mtype515300759.o (pir_interface)
build/cooja/contiki-ng-cooja.a(rs232.o)
                              build/cooja/mtype515300759.o (rs232_interface)
build/cooja/contiki-ng-cooja.a(vib-sensor.o)
                              build/cooja/mtype515300759.o (vib_interface)
build/cooja/contiki-ng-cooja.a(clock.o)
                              build/cooja/mtype515300759.o (clock_interface)
build/cooja/contiki-ng-cooja.a(cooja-log.o)
                              build/cooja/mtype515300759.o (simlog_interface)
build/cooja/contiki-ng-cooja.a(cfs-cooja.o)
                              build/cooja/mtype515300759.o (cfs_interface)
build/cooja/contiki-ng-cooja.a(cooja-radio.o)
                              build/cooja/mtype515300759.o (radio_interface)
build/cooja/contiki-ng-cooja.a(eeprom.o)
                              build/cooja/mtype515300759.o (eeprom_interface)
build/cooja/contiki-ng-cooja.a(random.o)
                              build/cooja/contiki-ng-cooja.a(moteid.o) (random_init)
build/cooja/contiki-ng-cooja.a(sensors.o)
                              build/cooja/contiki-ng-cooja.a(pir-sensor.o) (sensors_changed)
build/cooja/contiki-ng-cooja.a(leds.o)
                              build/cooja/contiki-ng-cooja.a(leds-arch.o) (leds_get)
build/cooja/contiki-ng-cooja.a(gpio-hal-arch.o)
                              build/cooja/contiki-ng-cooja.a(leds-arch.o) (gpio_hal_arch_register_pin_callback)
build/cooja/contiki-ng-cooja.a(buttons.o)
                              build/cooja/mtype515300759.o (button_interface)
build/cooja/contiki-ng-cooja.a(mqtt.o)
                              noise-sensor.o (mqtt_register)
build/cooja/contiki-ng-cooja.a(contiki-main.o)
                              build/cooja/mtype515300759.o (main)
build/cooja/contiki-ng-cooja.a(autostart.o)
                              build/cooja/contiki-ng-cooja.a(contiki-main.o) (autostart_start)
build/cooja/contiki-ng-cooja.a(ctimer.o)
                              build/cooja/contiki-ng-cooja.a(contiki-main.o) (ctimer_init)
build/cooja/contiki-ng-cooja.a(energest.o)
                              build/cooja/contiki-ng-cooja.a(contiki-main.o) (energest_init)
build/cooja/contiki-ng-cooja.a(etimer.o)
                              build/cooja/contiki-ng-cooja.a(contiki-main.o) (etimer_process)
build/cooja/contiki-ng-cooja.a(log.o)
                              build/cooja/contiki-ng-cooja.a(contiki-main.o) (curr_log_level_main)
build/cooja/contiki-ng-cooja.a(node-id.o)
                              noise-sensor.o (node_id)
build/cooja/contiki-ng-cooja.a(process.o)
                              build/cooja/contiki-ng-cooja.a(mqtt.o) (process_current)
build/cooja/contiki-ng-cooja.a(rtimer.o)
                              build/cooja/contiki-ng-cooja.a(contiki-main.o) (rtimer_init)
build/cooja/contiki-ng-cooja.a(timer.o)
                              build/cooja/contiki-ng-cooja.a(mqtt.o) (timer_set)
build/cooja/contiki-ng-cooja.a(list.o)
                              build/cooja/contiki-ng-cooja.a(mqtt.o) (list_init)
build/cooja/contiki-ng-cooja.a(button-hal.o)
                              build/cooja/mtype515300759.o (button_hal_init)
build/cooja/contiki-ng-cooja.a(gpio-hal.o)
                              build/cooja/contiki-ng-cooja.a(button-hal.o) (gpio_hal_register_handler)
build/cooja/contiki-ng-cooja.a(serial-line.o)
                              build/cooja/contiki-ng-cooja.a(rs232.o) (serial_line_input_byte)
build/cooja/contiki-ng-cooja.a(linkaddr.o)
                              noise-sensor.o (linkaddr_node_addr)
build/cooja/contiki-ng-cooja.a(netstack.o)
                              build/cooja/contiki-ng-cooja.a(contiki-main.o) (netstack_init)
build/cooja/contiki-ng-cooja.a(packetbuf.o)
                              build/cooja/contiki-ng-cooja.a(cooja-radio.o) (packetbuf_clear)
build/cooja/contiki-ng-cooja.a(queuebuf.o)
                              build/cooja/contiki-ng-cooja.a(contiki-main.o) (queuebuf_init)
[...]
Memory Configuration

Name             Origin             Length             Attributes
*default*        0x0000000000000000 0xffffffffffffffff

Linker script and memory map

LOAD /usr/lib/gcc/x86_64-linux-gnu/11/../../../x86_64-linux-gnu/crti.o
LOAD /usr/lib/gcc/x86_64-linux-gnu/11/crtbeginS.o
LOAD noise-sensor.o
LOAD build/cooja/mtype515300759.o
LOAD build/cooja/contiki-ng-cooja.a
LOAD /usr/lib/gcc/x86_64-linux-gnu/11/libgcc.a
LOAD /usr/lib/gcc/x86_64-linux-gnu/11/libgcc_s.so
START GROUP
LOAD /usr/lib/gcc/x86_64-linux-gnu/11/../../../x86_64-linux-gnu/libgcc_s.so.1
LOAD /usr/lib/gcc/x86_64-linux-gnu/11/libgcc.a
END GROUP
LOAD /usr/lib/gcc/x86_64-linux-gnu/11/../../../x86_64-linux-gnu/libc.so
START GROUP
LOAD /lib/x86_64-linux-gnu/libc.so.6
LOAD /usr/lib/x86_64-linux-gnu/libc_nonshared.a
LOAD /lib64/ld-linux-x86-64.so.2
END GROUP
LOAD /usr/lib/gcc/x86_64-linux-gnu/11/libgcc.a
LOAD /usr/lib/gcc/x86_64-linux-gnu/11/libgcc_s.so
START GROUP
LOAD /usr/lib/gcc/x86_64-linux-gnu/11/../../../x86_64-linux-gnu/libgcc_s.so.1
LOAD /usr/lib/gcc/x86_64-linux-gnu/11/libgcc.a
END GROUP
LOAD /usr/lib/gcc/x86_64-linux-gnu/11/crtendS.o
LOAD /usr/lib/gcc/x86_64-linux-gnu/11/../../../x86_64-linux-gnu/crtn.o
                0x00000000000002a8                . = (SEGMENT_START ("text-segment", 0x0) + SIZEOF_HEADERS)

.note.gnu.property
                0x00000000000002a8       0x20
 .note.gnu.property
                0x00000000000002a8       0x20 /usr/lib/gcc/x86_64-linux-gnu/11/../../../x86_64-linux-gnu/crti.o

.note.gnu.build-id
                0x00000000000002c8       0x24
 *(.note.gnu.build-id)
 .note.gnu.build-id
                0x00000000000002c8       0x24 /usr/lib/gcc/x86_64-linux-gnu/11/../../../x86_64-linux-gnu/crti.o

.hash
 *(.hash)

.gnu.hash       0x00000000000002f0     0x14c4
 *(.gnu.hash)
 .gnu.hash      0x00000000000002f0     0x14c4 /usr/lib/gcc/x86_64-linux-gnu/11/../../../x86_64-linux-gnu/crti.o

.dynsym         0x00000000000017b8     0x4110
 *(.dynsym)
 .dynsym        0x00000000000017b8     0x4110 /usr/lib/gcc/x86_64-linux-gnu/11/../../../x86_64-linux-gnu/crti.o

.dynstr         0x00000000000058c8     0x30ed
 *(.dynstr)
 .dynstr        0x00000000000058c8     0x30ed /usr/lib/gcc/x86_64-linux-gnu/11/../../../x86_64-linux-gnu/crti.o

.gnu.version    0x00000000000089b6      0x56c
 *(.gnu.version)
 .gnu.version   0x00000000000089b6      0x56c /usr/lib/gcc/x86_64-linux-gnu/11/../../../x86_64-linux-gnu/crti.o

.gnu.version_d  0x0000000000008f28        0x0
 *(.gnu.version_d)
 .gnu.version_d
                0x0000000000008f28        0x0 /usr/lib/gcc/x86_64-linux-gnu/11/../../../x86_64-linux-gnu/crti.o

.gnu.version_r  0x0000000000008f28       0x40
 *(.gnu.version_r)
 .gnu.version_r
                0x0000000000008f28       0x40 /usr/lib/gcc/x86_64-linux-gnu/11/../../../x86_64-linux-gnu/crti.o

.rela.dyn       0x0000000000008f68     0x1f08
 *(.rela.init)
 *(.rela.text .rela.text.* .rela.gnu.linkonce.t.*)
 .rela.text     0x0000000000008f68        0x0 /usr/lib/gcc/x86_64-linux-gnu/11/../../../x86_64-linux-gnu/crti.o
 *(.rela.fini)
 *(.rela.rodata .rela.rodata.* .rela.gnu.linkonce.r.*)
 *(.rela.data .rela.data.* .rela.gnu.linkonce.d.*)
 .rela.data.rel.local
                0x0000000000008f68      0x720 /usr/lib/gcc/x86_64-linux-gnu/11/../../../x86_64-linux-gnu/crti.o
 .rela.data.rel.ro
                0x0000000000009688      0x288 /usr/lib/gcc/x86_64-linux-gnu/11/../../../x86_64-linux-gnu/crti.o
 .rela.data.rel
                0x0000000000009910      0x3a8 /usr/lib/gcc/x86_64-linux-gnu/11/../../../x86_64-linux-gnu/crti.o
 .rela.data.rel.ro.local
                0x0000000000009cb8      0x5a0 /usr/lib/gcc/x86_64-linux-gnu/11/../../../x86_64-linux-gnu/crti.o
 *(.rela.tdata .rela.tdata.* .rela.gnu.linkonce.td.*)
 *(.rela.tbss .rela.tbss.* .rela.gnu.linkonce.tb.*)
 *(.rela.ctors)
 *(.rela.dtors)
 *(.rela.got)
 .rela.got      0x000000000000a258      0xbe8 /usr/lib/gcc/x86_64-linux-gnu/11/../../../x86_64-linux-gnu/crti.o
 *(.rela.bss .rela.bss.* .rela.gnu.linkonce.b.*)
 *(.rela.ldata .rela.ldata.* .rela.gnu.linkonce.l.*)
 *(.rela.lbss .rela.lbss.* .rela.gnu.linkonce.lb.*)
 *(.rela.lrodata .rela.lrodata.* .rela.gnu.linkonce.lr.*)
 *(.rela.ifunc)
 .rela.ifunc    0x000000000000ae40        0x0 /usr/lib/gcc/x86_64-linux-gnu/11/../../../x86_64-linux-gnu/crti.o
 .rela.fini_array
                0x000000000000ae40       0x18 /usr/lib/gcc/x86_64-linux-gnu/11/../../../x86_64-linux-gnu/crti.o
 .rela.init_array
                0x000000000000ae58       0x18 /usr/lib/gcc/x86_64-linux-gnu/11/../../../x86_64-linux-gnu/crti.o

.rela.plt       0x000000000000ae70     0x2310
 *(.rela.plt)
 .rela.plt      0x000000000000ae70     0x2310 /usr/lib/gcc/x86_64-linux-gnu/11/../../../x86_64-linux-gnu/crti.o
 *(.rela.iplt)

.relr.dyn
 *(.relr.dyn)
                0x000000000000e000                . = ALIGN (CONSTANT (MAXPAGESIZE))

.init           0x000000000000e000       0x1b
 *(SORT_NONE(.init))
 .init          0x000000000000e000       0x16 /usr/lib/gcc/x86_64-linux-gnu/11/../../../x86_64-linux-gnu/crti.o
                0x000000000000e000                _init
 .init          0x000000000000e016        0x5 /usr/lib/gcc/x86_64-linux-gnu/11/../../../x86_64-linux-gnu/crtn.o

.plt            0x000000000000e020     0x1770
 *(.plt)
 .plt           0x000000000000e020     0x1770 /usr/lib/gcc/x86_64-linux-gnu/11/../../../x86_64-linux-gnu/crti.o
 *(.iplt)

.plt.got        0x000000000000f790       0x30
 *(.plt.got)
 .plt.got       0x000000000000f790       0x30 /usr/lib/gcc/x86_64-linux-gnu/11/../../../x86_64-linux-gnu/crti.o

.plt.sec        0x000000000000f7c0     0x1760
 *(.plt.sec)
 .plt.sec       0x000000000000f7c0     0x1760 /usr/lib/gcc/x86_64-linux-gnu/11/../../../x86_64-linux-gnu/crti.o

.text           0x0000000000010f20    0x2147d
 *(.text.unlikely .text.*_unlikely .text.unlikely.*)
 *(.text.exit .text.exit.*)
 *(.text.startup .text.startup.*)
 *(.text.hot .text.hot.*)
 *(SORT_BY_NAME(.text.sorted.*))
 *(.text .stub .text.* .gnu.linkonce.t.*)
 .text          0x0000000000010f20        0x0 /usr/lib/gcc/x86_64-linux-gnu/11/../../../x86_64-linux-gnu/crti.o
 .text          0x0000000000010f20       0xb9 /usr/lib/gcc/x86_64-linux-gnu/11/crtbeginS.o
 .text          0x0000000000010fd9      0x5f4 noise-sensor.o
 .text          0x00000000000115cd      0x374 build/cooja/mtype515300759.o
                0x0000000000011683                platform_init_stage_one
                0x0000000000011698                platform_init_stage_two
                0x00000000000116ad                platform_init_stage_three
                0x00000000000116c2                platform_main_loop
                0x000000000001175c                JNI_OnLoad
                0x0000000000011773                Java_org_contikios_cooja_corecomm_Lib27_init
                0x00000000000117c6                Java_org_contikios_cooja_corecomm_Lib27_getMemory
                0x0000000000011825                Java_org_contikios_cooja_corecomm_Lib27_setMemory
                0x0000000000011884                Java_org_contikios_cooja_corecomm_Lib27_tick
                0x0000000000011912                Java_org_contikios_cooja_corecomm_Lib27_setReferenceAddress
 .text          0x0000000000011941       0x93 build/cooja/contiki-ng-cooja.a(simEnvChange.o)
                0x0000000000011941                doActionsBeforeTick
                0x000000000001198a                doActionsAfterTick
 .text          0x00000000000119d4       0xab build/cooja/contiki-ng-cooja.a(cooja_mt.o)
                0x00000000000119d4                cooja_mt_start
                0x0000000000011a14                cooja_mt_exec
                0x0000000000011a57                cooja_mt_yield
 .text          0x0000000000011a7f      0x10e build/cooja/contiki-ng-cooja.a(cooja_mtarch.o)
                0x0000000000011a7f                cooja_mtarch_start
                0x0000000000011b22                cooja_sw
                0x0000000000011b4f                cooja_mtarch_exec
                0x0000000000011b7d                cooja_mtarch_yield
 .text          0x0000000000011b8d       0xcc build/cooja/contiki-ng-cooja.a(rtimer-arch.o)
                0x0000000000011b8d                rtimer_arch_init
                0x0000000000011bb3                rtimer_arch_schedule
                0x0000000000011bdd                rtimer_arch_next
                0x0000000000011bf1                rtimer_arch_pending
                0x0000000000011c04                rtimer_arch_check
                0x0000000000011c45                rtimer_arch_now
 .text          0x0000000000011c59       0xe6 build/cooja/contiki-ng-cooja.a(beep.o)
                0x0000000000011c59                beep_alarm
                0x0000000000011c74                beep_beep
                0x0000000000011c8c                beep
                0x0000000000011ca1                beep_down
                0x0000000000011cb9                beep_on
                0x0000000000011cce                beep_off
                0x0000000000011ce3                beep_spinup
                0x0000000000011cf8                beep_quick
                0x0000000000011d10                beep_long
 .text          0x0000000000011d3f       0x80 build/cooja/contiki-ng-cooja.a(leds-arch.o)
                0x0000000000011d58                leds_arch_init
 .text          0x0000000000011dbf       0x41 build/cooja/contiki-ng-cooja.a(moteid.o)
 .text          0x0000000000011e00       0xfa build/cooja/contiki-ng-cooja.a(pir-sensor.o)
 .text          0x0000000000011efa      0x18b build/cooja/contiki-ng-cooja.a(rs232.o)
                0x0000000000011efa                rs232_init
                0x0000000000011f05                rs232_set_speed
                0x0000000000011f15                rs232_set_input
                0x0000000000011f2f                rs232_send
                0x0000000000011f4e                rs232_print
                0x0000000000011f7c                slip_arch_writeb
 .text          0x0000000000012085       0xfa build/cooja/contiki-ng-cooja.a(vib-sensor.o)
 .text          0x000000000001217f       0x6f build/cooja/contiki-ng-cooja.a(clock.o)
                0x000000000001217f                clock_init
                0x000000000001218a                clock_time
                0x000000000001219e                clock_seconds
                0x00000000000121ca                clock_delay
 .text          0x00000000000121ee      0x214 build/cooja/contiki-ng-cooja.a(cooja-log.o)
                0x00000000000121ee                simlog_char
                0x0000000000012248                simlog
                0x00000000000122cd                log_message
                0x0000000000012312                log_set_putchar_with_slip
                0x0000000000012329                dbg_putchar
                0x00000000000123aa                dbg_send_bytes
 .text          0x0000000000012402      0x39b build/cooja/contiki-ng-cooja.a(cfs-cooja.o)
                0x0000000000012402                cfs_open
                0x000000000001247f                cfs_close
                0x0000000000012494                cfs_read
                0x000000000001255b                cfs_write
                0x000000000001266b                cfs_seek
                0x000000000001271a                cfs_remove
                0x000000000001274a                cfs_opendir
                0x0000000000012761                cfs_readdir
                0x0000000000012778                cfs_closedir
 .text          0x000000000001279d      0x79f build/cooja/contiki-ng-cooja.a(cooja-radio.o)
                0x00000000000127fc                radio_set_channel
                0x0000000000012816                radio_set_txpower
                0x0000000000012833                radio_signal_strength_last
                0x0000000000012846                radio_signal_strength_current
                0x0000000000012859                radio_LQI
 .text          0x0000000000012f3c      0x163 build/cooja/contiki-ng-cooja.a(eeprom.o)
                0x0000000000012f3c                eeprom_init
                0x0000000000012f4b                eeprom_read
                0x0000000000012fea                eeprom_write
 .text          0x000000000001309f       0x2f build/cooja/contiki-ng-cooja.a(random.o)
                0x000000000001309f                random_init
                0x00000000000130bf                random_rand
 .text          0x00000000000130ce      0x35f build/cooja/contiki-ng-cooja.a(sensors.o)
                0x0000000000013117                sensors_first
                0x000000000001312b                sensors_next
                0x000000000001315a                sensors_changed
                0x00000000000131a7                sensors_find
 .text          0x000000000001342d      0x3ad build/cooja/contiki-ng-cooja.a(leds.o)
                0x000000000001342d                leds_init
                0x0000000000013478                leds_single_on
                0x00000000000134e5                leds_single_off
                0x0000000000013552                leds_single_toggle
                0x000000000001358a                leds_on
                0x000000000001361b                leds_off
                0x00000000000136ac                leds_toggle
                0x0000000000013708                leds_set
                0x0000000000013731                leds_get
 .text          0x00000000000137da      0x41b build/cooja/contiki-ng-cooja.a(gpio-hal-arch.o)
                0x00000000000137da                gpio_hal_arch_register_pin_callback
                0x0000000000013881                gpio_hal_arch_init
                0x00000000000138d7                gpio_hal_arch_no_port_interrupt_enable
                0x0000000000013924                gpio_hal_arch_no_port_interrupt_disable
                0x0000000000013971                gpio_hal_arch_no_port_pin_cfg_set
                0x00000000000139a7                gpio_hal_arch_no_port_pin_cfg_get
                0x00000000000139db                gpio_hal_arch_no_port_pin_set_input
                0x00000000000139ee                gpio_hal_arch_no_port_pin_set_output
                0x0000000000013a01                gpio_hal_arch_no_port_set_pin
                0x0000000000013a25                gpio_hal_arch_no_port_clear_pin
                0x0000000000013a49                gpio_hal_arch_no_port_read_pin
                0x0000000000013a76                gpio_hal_arch_no_port_write_pin
                0x0000000000013aa0                gpio_hal_arch_no_port_set_pins
                0x0000000000013aef                gpio_hal_arch_no_port_clear_pins
                0x0000000000013b3e                gpio_hal_arch_no_port_read_pins
                0x0000000000013b8c                gpio_hal_arch_no_port_write_pins
 .text          0x0000000000013bf5       0xa8 build/cooja/contiki-ng-cooja.a(buttons.o)
 .text          0x0000000000013c9d     0x3e2f build/cooja/contiki-ng-cooja.a(mqtt.o)
                0x000000000001413e                mqtt_decode_var_byte_int
                0x0000000000014243                mqtt_encode_var_byte_int
                0x0000000000017334                mqtt_init
                0x000000000001740e                mqtt_register
                0x00000000000174d6                mqtt_connect
                0x0000000000017616                mqtt_disconnect
                0x0000000000017667                mqtt_subscribe
                0x0000000000017770                mqtt_unsubscribe
                0x0000000000017869                mqtt_publish
                0x00000000000179a4                mqtt_set_username_password
                0x0000000000017a55                mqtt_set_last_will
 .text          0x0000000000017acc      0x400 build/cooja/contiki-ng-cooja.a(contiki-main.o)
                0x0000000000017acc                main
 .text          0x0000000000017ecc       0xbd build/cooja/contiki-ng-cooja.a(autostart.o)
                0x0000000000017ecc                autostart_start
                0x0000000000017f2d                autostart_exit
 .text          0x0000000000017f89      0x441 build/cooja/contiki-ng-cooja.a(ctimer.o)
                0x00000000000180eb                ctimer_init
                0x0000000000018120                ctimer_set
                0x0000000000018164                ctimer_set_with_process
                0x000000000001821e                ctimer_reset
                0x000000000001828f                ctimer_restart
                0x0000000000018300                ctimer_stop
                0x000000000001835e                ctimer_expired
 .text          0x00000000000183ca       0x25 build/cooja/contiki-ng-cooja.a(energest.o)
                0x00000000000183ca                energest_init
                0x00000000000183d5                energest_flush
                0x00000000000183e0                energest_get_total_time
 .text          0x00000000000183ef      0x57c build/cooja/contiki-ng-cooja.a(etimer.o)
                0x0000000000018697                etimer_request_poll
                0x0000000000018749                etimer_set
                0x000000000001877f                etimer_reset_with_new_interval
                0x00000000000187ba                etimer_reset
                0x00000000000187e5                etimer_restart
                0x0000000000018810                etimer_adjust
                0x0000000000018841                etimer_expired
                0x0000000000018860                etimer_expiration_time
                0x0000000000018880                etimer_start_time
                0x0000000000018895                etimer_pending
                0x00000000000188af                etimer_next_expiration_time
                0x00000000000188d0                etimer_stop
 .text          0x000000000001896b      0x539 build/cooja/contiki-ng-cooja.a(log.o)
                0x000000000001896b                log_6addr
                0x00000000000189d1                log_6addr_compact_snprint
                0x0000000000018aac                log_6addr_compact
                0x0000000000018b12                log_lladdr
                0x0000000000018b92                log_lladdr_compact
                0x0000000000018c14                log_bytes
                0x0000000000018c74                log_set_level
                0x0000000000018d82                log_get_level
                0x0000000000018e39                log_level_to_str
 .text          0x0000000000018ea4       0x36 build/cooja/contiki-ng-cooja.a(node-id.o)
                0x0000000000018ea4                node_id_init
 .text          0x0000000000018eda      0x673 build/cooja/contiki-ng-cooja.a(process.o)
                0x0000000000018eda                process_alloc_event
                0x0000000000018ef4                process_start
                0x0000000000019164                process_exit
                0x0000000000019190                process_init
                0x0000000000019387                process_run
                0x00000000000193bc                process_nevents
                0x00000000000193dc                process_post
                0x00000000000194a4                process_post_synch
                0x00000000000194f2                process_poll
                0x000000000001952f                process_is_running
 .text          0x000000000001954d      0x101 build/cooja/contiki-ng-cooja.a(rtimer.o)
                0x000000000001954d                rtimer_init
                0x000000000001955d                rtimer_set
                0x00000000000195de                rtimer_run_next
 .text          0x000000000001964e       0xfd build/cooja/contiki-ng-cooja.a(timer.o)
                0x000000000001964e                timer_set
                0x000000000001967d                timer_reset
                0x00000000000196b9                timer_restart
                0x00000000000196d8                timer_expired
                0x0000000000019713                timer_remaining
 .text          0x000000000001974b      0x39b build/cooja/contiki-ng-cooja.a(list.o)
                0x000000000001974b                list_init
                0x0000000000019765                list_head
                0x000000000001977a                list_copy
                0x000000000001979b                list_tail
                0x00000000000197e4                list_add
                0x0000000000019848                list_push
                0x000000000001988b                list_chop
                0x0000000000019918                list_pop
                0x0000000000019952                list_remove
                0x00000000000199de                list_length
                0x0000000000019a19                list_insert
                0x0000000000019a7c                list_item_next
                0x0000000000019a9f                list_contains
 .text          0x0000000000019ae6      0x574 build/cooja/contiki-ng-cooja.a(button-hal.o)
                0x0000000000019cb1                button_hal_get_by_id
                0x0000000000019cff                button_hal_get_by_index
                0x0000000000019d36                button_hal_get_state
                0x0000000000019d99                button_hal_init
 .text          0x000000000001a05a      0x181 build/cooja/contiki-ng-cooja.a(gpio-hal.o)
                0x000000000001a05a                gpio_hal_register_handler
                0x000000000001a083                gpio_hal_event_handler
                0x000000000001a0ee                gpio_hal_init
                0x000000000001a10d                gpio_hal_arch_port_toggle_pin
                0x000000000001a144                gpio_hal_arch_port_toggle_pins
                0x000000000001a175                gpio_hal_arch_no_port_toggle_pin
                0x000000000001a1af                gpio_hal_arch_no_port_toggle_pins
 .text          0x000000000001a1db      0x238 build/cooja/contiki-ng-cooja.a(serial-line.o)
                0x000000000001a1db                serial_line_input_byte
                0x000000000001a3d6                serial_line_init
 .text          0x000000000001a413       0x80 build/cooja/contiki-ng-cooja.a(linkaddr.o)
                0x000000000001a413                linkaddr_copy
                0x000000000001a434                linkaddr_cmp
                0x000000000001a46a                linkaddr_set_node_addr
 .text          0x000000000001a493      0x12b build/cooja/contiki-ng-cooja.a(netstack.o)
                0x000000000001a493                netstack_process_ip_callback
                0x000000000001a534                netstack_ip_packet_processor_add
                0x000000000001a564                uip_ds6_ip_packet_processor_rm
                0x000000000001a58d                netstack_init
 .text          0x000000000001a5be      0x4a8 build/cooja/contiki-ng-cooja.a(packetbuf.o)
                0x000000000001a5be                packetbuf_clear
                0x000000000001a5ec                packetbuf_copyfrom
                0x000000000001a645                packetbuf_copyto
                0x000000000001a6eb                packetbuf_hdralloc
                0x000000000001a77a                packetbuf_hdrreduce
                0x000000000001a7ca                packetbuf_set_datalen
                0x000000000001a7e6                packetbuf_dataptr
                0x000000000001a80b                packetbuf_hdrptr
                0x000000000001a81c                packetbuf_datalen
                0x000000000001a82d                packetbuf_hdrlen
                0x000000000001a849                packetbuf_totlen
                0x000000000001a86b                packetbuf_remaininglen
                0x000000000001a883                packetbuf_attr_clear
                0x000000000001a8e8                packetbuf_attr_copyto
                0x000000000001a933                packetbuf_attr_copyfrom
                0x000000000001a97e                packetbuf_set_attr
                0x000000000001a9ae                packetbuf_attr
                0x000000000001a9cf                packetbuf_set_addr
                0x000000000001aa15                packetbuf_addr
                0x000000000001aa3f                packetbuf_holds_broadcast
 .text          0x000000000001aa66      0x382 build/cooja/contiki-ng-cooja.a(queuebuf.o)
                0x000000000001aa7b                queuebuf_init
                0x000000000001aaa4                queuebuf_numfree
                0x000000000001aabd                queuebuf_new_from_packetbuf
                0x000000000001ab70                queuebuf_update_attr_from_packetbuf
                0x000000000001abb3                queuebuf_update_from_packetbuf
                0x000000000001ac0f                queuebuf_free
                0x000000000001ac6b                queuebuf_to_packetbuf
                0x000000000001ace4                queuebuf_dataptr
                0x000000000001ad2b                queuebuf_datalen
                0x000000000001ad5b                queuebuf_addr
                0x000000000001ada2                queuebuf_attr
                0x000000000001addd                queuebuf_debug_print
 .text          0x000000000001ade8      0x116 build/cooja/contiki-ng-cooja.a(printf.o)
                0x000000000001ae1d                log_printf
 .text          0x000000000001aefe       0x1e build/cooja/contiki-ng-cooja.a(putchar.o)
                0x000000000001aefe                log_putchar
 .text          0x000000000001af1c       0x3d build/cooja/contiki-ng-cooja.a(puts.o)
                0x000000000001af1c                log_puts
 .text          0x000000000001af59      0x1f8 build/cooja/contiki-ng-cooja.a(snprintf.o)
                0x000000000001afe4                log_snprintf
                0x000000000001b0c9                log_vsnprintf
 .text          0x000000000001b151      0x152 build/cooja/contiki-ng-cooja.a(sprintf.o)
                0x000000000001b19c                log_sprintf
 .text          0x000000000001b2a3     0x170b build/cooja/contiki-ng-cooja.a(strformat.o)
                0x000000000001b616                format_str
                0x000000000001b6f7                format_str_v
 .text          0x000000000001c9ae      0x292 build/cooja/contiki-ng-cooja.a(csma.o)
 .text          0x000000000001cc40     0x3747 build/cooja/contiki-ng-cooja.a(sicslowpan.o)
                0x000000000001d416                netstack_sniffer_add
                0x000000000001d430                netstack_sniffer_remove
                0x0000000000020350                sicslowpan_init
                0x0000000000020377                sicslowpan_get_last_rssi
 .text          0x0000000000020387      0xbaa build/cooja/contiki-ng-cooja.a(tcp-socket.o)
                0x0000000000020ac0                tcp_socket_register
                0x0000000000020b88                tcp_socket_connect
                0x0000000000020c45                tcp_socket_listen
                0x0000000000020cd2                tcp_socket_unlisten
                0x0000000000020d5e                tcp_socket_send
                0x0000000000020e1b                tcp_socket_send_str
                0x0000000000020e52                tcp_socket_close
                0x0000000000020e87                tcp_socket_unregister
                0x0000000000020ef0                tcp_socket_max_sendlen
                0x0000000000020f18                tcp_socket_queuelen
 .text          0x0000000000020f31      0xc96 build/cooja/contiki-ng-cooja.a(tcpip.o)
                0x0000000000020f61                tcpip_output
                0x0000000000021063                tcp_connect
                0x00000000000210ca                tcp_unlisten
                0x000000000002113a                tcp_listen
                0x00000000000211a6                tcp_attach
                0x00000000000211d4                udp_attach
                0x0000000000021202                udp_new
                0x000000000002125d                udp_broadcast_new
                0x0000000000021570                tcpip_input
                0x0000000000021748                tcpip_ipv6_output
                0x00000000000219a1                tcpip_poll_udp
                0x00000000000219cf                tcpip_poll_tcp
                0x00000000000219fd                tcpip_uipcall
 .text          0x0000000000021bc7      0x416 build/cooja/contiki-ng-cooja.a(uip-ds6-nbr.o)
                0x0000000000021bc7                uip_ds6_neighbors_init
                0x0000000000021bf0                uip_ds6_nbr_add
                0x0000000000021c8e                uip_ds6_nbr_rm
                0x0000000000021ceb                uip_ds6_nbr_update_ll
                0x0000000000021df0                uip_ds6_nbr_get_ipaddr
                0x0000000000021e10                uip_ds6_nbr_get_ll
                0x0000000000021e38                uip_ds6_nbr_num
                0x0000000000021e8a                uip_ds6_nbr_head
                0x0000000000021ea3                uip_ds6_nbr_next
                0x0000000000021ecb                uip_ds6_nbr_lookup
                0x0000000000021f34                uip_ds6_nbr_ll_lookup
                0x0000000000021f5c                uip_ds6_nbr_ipaddr_from_lladdr
                0x0000000000021f90                uip_ds6_nbr_lladdr_from_ipaddr
                0x0000000000021fcc                uip_ds6_link_callback
 .text          0x0000000000021fdd      0x3f9 build/cooja/contiki-ng-cooja.a(uip-ds6-route.o)
                0x0000000000022034                uip_ds6_route_init
                0x000000000002205d                uip_ds6_route_count_nexthop_neighbors
                0x000000000002206c                uip_ds6_route_nexthop
                0x000000000002207f                uip_ds6_route_head
                0x000000000002208e                uip_ds6_route_next
                0x00000000000220a1                uip_ds6_route_is_nexthop
                0x00000000000220b4                uip_ds6_route_num_routes
                0x00000000000220c3                uip_ds6_route_lookup
                0x00000000000220d6                uip_ds6_route_add
                0x00000000000220f2                uip_ds6_route_rm
                0x0000000000022101                uip_ds6_route_rm_by_nexthop
                0x0000000000022110                uip_ds6_defrt_head
                0x0000000000022129                uip_ds6_defrt_add
                0x00000000000221e9                uip_ds6_defrt_rm
                0x000000000002225f                uip_ds6_defrt_lookup
                0x00000000000222d6                uip_ds6_defrt_choose
                0x0000000000022359                uip_ds6_defrt_periodic
 .text          0x00000000000223d6      0xebc build/cooja/contiki-ng-cooja.a(uip-ds6.o)
                0x00000000000223d6                uip_ds6_default_prefix
                0x00000000000223e7                uip_ds6_set_default_prefix
                0x000000000002240f                uip_ds6_init
                0x00000000000226ae                uip_ds6_periodic
                0x0000000000022750                uip_ds6_list_loop
                0x0000000000022839                uip_ds6_prefix_add
                0x000000000002290a                uip_ds6_prefix_rm
                0x0000000000022928                uip_ds6_prefix_lookup
                0x000000000002297f                uip_ds6_is_addr_onlink
                0x0000000000022a13                uip_ds6_addr_add
                0x0000000000022b5e                uip_ds6_addr_rm
                0x0000000000022c19                uip_ds6_addr_lookup
                0x0000000000022c6e                uip_ds6_get_link_local
                0x0000000000022d13                uip_ds6_get_global
                0x0000000000022db8                uip_ds6_maddr_add
                0x0000000000022e34                uip_ds6_maddr_rm
                0x0000000000022e52                uip_ds6_maddr_lookup
                0x0000000000022eaa                uip_ds6_aaddr_add
                0x0000000000022f26                uip_ds6_aaddr_rm
                0x0000000000022f44                uip_ds6_aaddr_lookup
                0x0000000000022f9c                uip_ds6_select_src
                0x0000000000023126                uip_ds6_set_addr_iid
                0x000000000002315f                uip_ds6_set_lladdr_from_iid
                0x0000000000023196                get_match_length
                0x0000000000023244                uip_ds6_compute_reachable_time
 .text          0x0000000000023292      0x1b9 build/cooja/contiki-ng-cooja.a(uip-packetqueue.o)
                0x00000000000232d1                uip_packetqueue_new
                0x00000000000232eb                uip_packetqueue_alloc
                0x0000000000023365                uip_packetqueue_free
                0x00000000000233bd                uip_packetqueue_buf
                0x00000000000233e9                uip_packetqueue_buflen
                0x0000000000023418                uip_packetqueue_set_buflen
 .text          0x000000000002344b     0x3915 build/cooja/contiki-ng-cooja.a(uip6.o)
                0x000000000002344b                uip_add32
                0x0000000000023655                uip_chksum
                0x000000000002373b                uip_icmp6chksum
                0x000000000002374f                uip_tcpchksum
                0x0000000000023763                uip_udpchksum
                0x0000000000023777                uip_init
                0x000000000002383c                uip_connect
                0x00000000000239e6                uip_remove_ext_hdr
                0x0000000000023ae7                uip_udp_new
                0x0000000000023c53                uip_unlisten
                0x0000000000023ca2                uip_listen
                0x0000000000023fc4                uip_process
                0x0000000000026be6                uip_htons
                0x0000000000026c09                uip_htonl
                0x0000000000026c51                uip_send
 .text          0x0000000000026d60      0x5b1 build/cooja/contiki-ng-cooja.a(uipbuf.o)
                0x0000000000026d60                uipbuf_clear
                0x0000000000026d92                uipbuf_add_ext_hdr
                0x0000000000026e2a                uipbuf_set_len
                0x0000000000026e5c                uipbuf_set_len_field
                0x0000000000026e8f                uipbuf_get_len_field
                0x0000000000026eba                uipbuf_get_next_header
                0x000000000002702c                uipbuf_get_last_header
                0x00000000000270bf                uipbuf_search_header
                0x0000000000027186                uipbuf_get_attr
                0x00000000000271b7                uipbuf_set_attr
                0x00000000000271f7                uipbuf_set_default_attr
                0x0000000000027237                uipbuf_clear_attr
                0x000000000002725e                uipbuf_set_attr_flag
                0x0000000000027281                uipbuf_clr_attr_flag
                0x00000000000272aa                uipbuf_is_attr_flag
                0x00000000000272cf                uipbuf_init
 .text          0x0000000000027311      0x57d build/cooja/contiki-ng-cooja.a(uiplib.o)
                0x0000000000027311                uiplib_ip6addrconv
                0x00000000000274ed                uiplib_ip4addrconv
                0x00000000000275bf                uiplib_ipaddr_print
                0x0000000000027625                uiplib_ipaddr_snprint
 .text          0x000000000002788e      0x66e build/cooja/contiki-ng-cooja.a(rpl.o)
                0x000000000002788e                rpl_lollipop_greater_than
                0x00000000000278f2                rpl_get_global_address
                0x0000000000027a92                rpl_link_callback
                0x0000000000027afc                rpl_has_joined
                0x0000000000027b2f                rpl_is_reachable
                0x0000000000027bd5                rpl_reset_prefix
                0x0000000000027c4c                rpl_set_prefix_from_addr
                0x0000000000027d67                rpl_set_prefix
                0x0000000000027ed1                rpl_set_leaf_only
                0x0000000000027eeb                rpl_get_leaf_only
 .text          0x0000000000027efc       0x49 build/cooja/contiki-ng-cooja.a(watchdog.o)
                0x0000000000027efc                watchdog_init
                0x0000000000027f07                watchdog_start
                0x0000000000027f12                watchdog_periodic
                0x0000000000027f2f                watchdog_stop
                0x0000000000027f3a                watchdog_reboot
 .text          0x0000000000027f45       0x61 build/cooja/contiki-ng-cooja.a(int-master.o)
                0x0000000000027f45                int_master_enable
                0x0000000000027f5a                int_master_read_and_disable
                0x0000000000027f7a                int_master_status_set
                0x0000000000027f91                int_master_is_enabled
 .text          0x0000000000027fa6      0x125 build/cooja/contiki-ng-cooja.a(stimer.o)
                0x0000000000027fa6                stimer_set
                0x0000000000027fd5                stimer_reset
                0x0000000000028011                stimer_restart
                0x0000000000028030                stimer_expired
                0x0000000000028072                stimer_remaining
                0x00000000000280aa                stimer_elapsed
 .text          0x00000000000280cb      0x21a build/cooja/contiki-ng-cooja.a(memb.o)
                0x00000000000280cb                memb_init
                0x000000000002812e                memb_alloc
                0x00000000000281a8                memb_free
                0x000000000002823b                memb_inmemb
                0x0000000000028292                memb_numfree
 .text          0x00000000000282e5      0x19d build/cooja/contiki-ng-cooja.a(ringbuf.o)
                0x00000000000282e5                ringbuf_init
                0x0000000000028326                ringbuf_put
                0x00000000000283b5                ringbuf_get
                0x0000000000028433                ringbuf_size
                0x000000000002844f                ringbuf_elements
 .text          0x0000000000028482      0x481 build/cooja/contiki-ng-cooja.a(link-stats.o)
                0x0000000000028482                link_stats_from_lladdr
                0x00000000000284aa                link_stats_get_lladdr
                0x00000000000284d2                link_stats_is_fresh
                0x000000000002851a                guess_etx_from_rssi
                0x000000000002859f                link_stats_packet_sent
                0x0000000000028703                link_stats_input_callback
                0x0000000000028865                link_stats_reset
                0x00000000000288c1                link_stats_init
 .text          0x0000000000028903      0xcb3 build/cooja/contiki-ng-cooja.a(nbr-table.o)
                0x0000000000028d61                nbr_table_count_entries
                0x0000000000028e03                nbr_table_gc_get_worst
                0x0000000000028e46                nbr_table_can_accept_new
                0x0000000000028ffb                nbr_table_entry_is_allowed
                0x00000000000290a8                nbr_table_register
                0x000000000002913a                nbr_table_is_registered
                0x0000000000029191                nbr_table_head
                0x00000000000291ff                nbr_table_next
                0x000000000002927c                nbr_table_add_lladdr
                0x00000000000293dc                nbr_table_get_from_lladdr
                0x000000000002943b                nbr_table_remove
                0x0000000000029495                nbr_table_lock
                0x00000000000294ca                nbr_table_unlock
                0x00000000000294ff                nbr_table_get_lladdr
                0x0000000000029542                nbr_table_clear
                0x000000000002957f                nbr_table_key_head
                0x0000000000029598                nbr_table_key_next
 .text          0x00000000000295b6      0x1e0 build/cooja/contiki-ng-cooja.a(mac-sequence.o)
                0x00000000000295b6                mac_sequence_is_duplicate
                0x0000000000029697                mac_sequence_register_seqno
 .text          0x0000000000029796      0x451 build/cooja/contiki-ng-cooja.a(framer-802154.o)
                0x0000000000029931                framer_802154_setup_params
 .text          0x0000000000029be7      0xae3 build/cooja/contiki-ng-cooja.a(csma-output.o)
                0x000000000002a3c9                csma_output_packet
                0x000000000002a692                csma_output_init
 .text          0x000000000002a6ca       0x3d build/cooja/contiki-ng-cooja.a(csma-security.o)
                0x000000000002a6ca                csma_security_create_frame
                0x000000000002a6f0                csma_security_parse_frame
 .text          0x000000000002a707      0x8b7 build/cooja/contiki-ng-cooja.a(uip-icmp6.o)
                0x000000000002a784                uip_icmp6_input
                0x000000000002a7e2                uip_icmp6_register_input_handler
                0x000000000002a974                uip_icmp6_error_output
                0x000000000002acd9                uip_icmp6_send
                0x000000000002af25                uip_icmp6_echo_reply_callback_add
                0x000000000002af6c                uip_icmp6_echo_reply_callback_rm
                0x000000000002af95                uip_icmp6_init
 .text          0x000000000002afbe      0x87f build/cooja/contiki-ng-cooja.a(uip-nd6.o)
                0x000000000002b823                uip_nd6_init
 .text          0x000000000002b83d      0x7e7 build/cooja/contiki-ng-cooja.a(uip-sr.o)
                0x000000000002b83d                uip_sr_num_nodes
                0x000000000002b8e8                uip_sr_get_node
                0x000000000002b950                uip_sr_is_addr_reachable
                0x000000000002ba18                uip_sr_expire_parent
                0x000000000002ba87                uip_sr_update_node
                0x000000000002bbfb                uip_sr_init
                0x000000000002bc2e                uip_sr_node_head
                0x000000000002bc47                uip_sr_node_next
                0x000000000002bc65                uip_sr_periodic
                0x000000000002bda1                uip_sr_free_all
                0x000000000002be20                uip_sr_link_snprint
 .text          0x000000000002c024      0x35a build/cooja/contiki-ng-cooja.a(rpl-dag-root.o)
                0x000000000002c024                rpl_dag_root_print_links
                0x000000000002c199                rpl_dag_root_set_prefix
                0x000000000002c1d5                rpl_dag_root_start
                0x000000000002c33e                rpl_dag_root_is_root
 .text          0x000000000002c37e     0x1219 build/cooja/contiki-ng-cooja.a(rpl-dag.o)
                0x000000000002c37e                rpl_dag_state_to_str
                0x000000000002c3dc                rpl_dag_get_root_ipaddr
                0x000000000002c426                rpl_dag_leave
                0x000000000002c4d1                rpl_dag_poison_and_leave
                0x000000000002c4ef                rpl_dag_periodic
                0x000000000002c5b3                rpl_is_addr_in_our_dag
                0x000000000002c60f                rpl_get_default_instance
                0x000000000002c636                rpl_get_any_dag
                0x000000000002c6a3                rpl_refresh_routes
                0x000000000002c705                rpl_global_repair
                0x000000000002c7c7                rpl_local_repair
                0x000000000002c829                rpl_dag_ready_to_advertise
                0x000000000002c881                rpl_dag_update_state
                0x000000000002d144                rpl_process_dio
                0x000000000002d1e6                rpl_process_dis
                0x000000000002d23a                rpl_process_dao
                0x000000000002d2e3                rpl_process_dao_ack
                0x000000000002d393                rpl_process_hbh
                0x000000000002d3f2                rpl_dag_init_root
                0x000000000002d573                rpl_dag_init
 .text          0x000000000002d597      0xdef build/cooja/contiki-ng-cooja.a(rpl-ext-header.o)
                0x000000000002d597                rpl_ext_header_srh_get_next_hop
                0x000000000002d6a8                rpl_ext_header_srh_update
                0x000000000002dd37                rpl_ext_header_hbh_update
                0x000000000002e0d7                rpl_ext_header_update
                0x000000000002e181                rpl_ext_header_remove
 .text          0x000000000002e386     0x16eb build/cooja/contiki-ng-cooja.a(rpl-icmp6.o)
                0x000000000002e51a                rpl_icmp6_update_nbr_table
                0x000000000002e5cf                rpl_icmp6_dis_output
                0x000000000002ecf3                rpl_icmp6_dio_output
                0x000000000002f623                rpl_icmp6_dao_output
                0x000000000002f994                rpl_icmp6_dao_ack_output
                0x000000000002fa2a                rpl_icmp6_init
 .text          0x000000000002fa71      0x36f build/cooja/contiki-ng-cooja.a(rpl-mrhof.o)
 .text          0x000000000002fde0       0x8c build/cooja/contiki-ng-cooja.a(rpl-nbr-policy.o)
                0x000000000002fe28                rpl_nbr_gc_get_worst
 .text          0x000000000002fe6c      0xadd build/cooja/contiki-ng-cooja.a(rpl-neighbor.o)
                0x000000000002feff                rpl_neighbor_snprint
                0x000000000003022d                rpl_neighbor_print_list
                0x0000000000030304                rpl_neighbor_count
                0x00000000000303ef                rpl_neighbor_get_from_lladdr
                0x000000000003041a                rpl_neighbor_is_acceptable_parent
                0x0000000000030466                rpl_neighbor_get_link_metric
                0x00000000000304b2                rpl_neighbor_rank_via_nbr
                0x00000000000304fe                rpl_neighbor_get_lladdr
                0x0000000000030529                rpl_neighbor_get_ipaddr
                0x0000000000030557                rpl_neighbor_get_link_stats
                0x0000000000030585                rpl_neighbor_is_fresh
                0x00000000000305b3                rpl_neighbor_is_parent
                0x00000000000305ec                rpl_neighbor_set_preferred_parent
                0x00000000000306a3                rpl_neighbor_remove_all
                0x0000000000030709                rpl_neighbor_get_from_ipaddr
                0x0000000000030842                rpl_neighbor_select_best
                0x0000000000030922                rpl_neighbor_init
 .text          0x0000000000030949      0xd3d build/cooja/contiki-ng-cooja.a(rpl-timers.o)
                0x0000000000030949                rpl_timers_schedule_periodic_dis
                0x0000000000030aff                rpl_timers_dio_reset
                0x0000000000030c83                rpl_timers_schedule_unicast_dio
                0x0000000000030e6a                rpl_timers_schedule_dao
                0x0000000000030f70                rpl_timers_schedule_dao_ack
                0x0000000000031035                rpl_timers_notify_dao_ack
                0x00000000000310aa                get_probing_delay
                0x00000000000310f1                get_probing_target
                0x000000000003132f                rpl_schedule_probing
                0x0000000000031376                rpl_schedule_probing_now
                0x0000000000031404                rpl_timers_unschedule_leaving
                0x000000000003144e                rpl_timers_schedule_leaving
                0x00000000000314ac                rpl_timers_init
                0x000000000003155e                rpl_timers_stop_dag_timers
                0x0000000000031600                rpl_timers_unschedule_state_update
                0x000000000003162d                rpl_timers_schedule_state_update
 .text          0x0000000000031686       0x34 build/cooja/contiki-ng-cooja.a(assert.o)
                0x0000000000031686                _xassert
 .text          0x00000000000316ba       0x3a build/cooja/contiki-ng-cooja.a(mac.o)
                0x00000000000316ba                mac_call_sent_callback
 .text          0x00000000000316f4      0xca9 build/cooja/contiki-ng-cooja.a(frame802154.o)
                0x0000000000031722                frame802154_get_pan_id
                0x0000000000031733                frame802154_set_pan_id
                0x000000000003174f                frame802154_has_panid
                0x000000000003192e                frame802154_check_dest_panid
                0x00000000000319cc                frame802154_is_broadcast_addr
                0x0000000000031a23                frame802154_extract_linkaddr
                0x0000000000031cbd                frame802154_hdrlen
                0x0000000000031d3c                frame802154_create_fcf
                0x0000000000031e0e                frame802154_create
                0x0000000000031fb8                frame802154_parse_fcf
                0x00000000000320af                frame802154_parse
 .text          0x000000000003239d        0x0 /usr/lib/gcc/x86_64-linux-gnu/11/crtendS.o
 .text          0x000000000003239d        0x0 /usr/lib/gcc/x86_64-linux-gnu/11/../../../x86_64-linux-gnu/crtn.o
 *(.gnu.warning)

.fini           0x00000000000323a0        0xd
 *(SORT_NONE(.fini))
 .fini          0x00000000000323a0        0x8 /usr/lib/gcc/x86_64-linux-gnu/11/../../../x86_64-linux-gnu/crti.o
                0x00000000000323a0                _fini
 .fini          0x00000000000323a8        0x5 /usr/lib/gcc/x86_64-linux-gnu/11/../../../x86_64-linux-gnu/crtn.o
                [!provide]                        PROVIDE (__etext = .)
                [!provide]                        PROVIDE (_etext = .)
                [!provide]                        PROVIDE (etext = .)
                0x0000000000033000                . = ALIGN (CONSTANT (MAXPAGESIZE))
                0x0000000000033000                . = SEGMENT_START ("rodata-segment", (ALIGN (CONSTANT (MAXPAGESIZE)) + (. & (CONSTANT (MAXPAGESIZE) - 0x1))))

.rodata         0x0000000000033000      0xc8d
 *(.rodata .rodata.* .gnu.linkonce.r.*)
 .rodata        0x0000000000033000      0x1b4 noise-sensor.o
 .rodata        0x00000000000331b4        0x6 build/cooja/contiki-ng-cooja.a(leds-arch.o)
                0x00000000000331b4                leds_arch_leds
 .rodata        0x00000000000331ba        0x4 build/cooja/contiki-ng-cooja.a(pir-sensor.o)
 .rodata        0x00000000000331be        0x3 build/cooja/contiki-ng-cooja.a(rs232.o)
 .rodata        0x00000000000331c1        0xa build/cooja/contiki-ng-cooja.a(vib-sensor.o)
 *fill*         0x00000000000331cb        0x5 
 .rodata        0x00000000000331d0       0x26 build/cooja/contiki-ng-cooja.a(cfs-cooja.o)
 *fill*         0x00000000000331f6        0x2 
 .rodata        0x00000000000331f8       0x68 build/cooja/contiki-ng-cooja.a(cooja-radio.o)
 .rodata        0x0000000000033260        0x8 build/cooja/contiki-ng-cooja.a(sensors.o)
 .rodata        0x0000000000033268       0x14 build/cooja/contiki-ng-cooja.a(buttons.o)
                0x0000000000033274                button_hal_button_count
 .rodata        0x000000000003327c      0x29c build/cooja/contiki-ng-cooja.a(mqtt.o)
 .rodata        0x0000000000033518       0xf4 build/cooja/contiki-ng-cooja.a(contiki-main.o)
 .rodata        0x000000000003360c        0xf build/cooja/contiki-ng-cooja.a(ctimer.o)
 .rodata        0x000000000003361b        0xc build/cooja/contiki-ng-cooja.a(etimer.o)
 *fill*         0x0000000000033627        0x1 
 .rodata        0x0000000000033628       0xc0 build/cooja/contiki-ng-cooja.a(log.o)
 .rodata        0x00000000000336e8       0x13 build/cooja/contiki-ng-cooja.a(button-hal.o)
 .rodata        0x00000000000336fb        0xe build/cooja/contiki-ng-cooja.a(serial-line.o)
 *fill*         0x0000000000033709        0x7 
 .rodata        0x0000000000033710        0x8 build/cooja/contiki-ng-cooja.a(linkaddr.o)
                0x0000000000033710                linkaddr_null
 *fill*         0x0000000000033718        0x8 
 .rodata        0x0000000000033720      0x280 build/cooja/contiki-ng-cooja.a(strformat.o)
 .rodata        0x00000000000339a0        0x5 build/cooja/contiki-ng-cooja.a(csma.o)
 .rodata        0x00000000000339a5       0x1d build/cooja/contiki-ng-cooja.a(sicslowpan.o)
                0x00000000000339a5                unc_llconf
                0x00000000000339a9                unc_ctxconf
                0x00000000000339ad                unc_mxconf
                0x00000000000339b1                llprefix
 .rodata        0x00000000000339c2       0x13 build/cooja/contiki-ng-cooja.a(tcp-socket.o)
 .rodata        0x00000000000339d5        0xd build/cooja/contiki-ng-cooja.a(tcpip.o)
 *fill*         0x00000000000339e2        0x6 
 .rodata        0x00000000000339e8       0x4c build/cooja/contiki-ng-cooja.a(uip-ds6-route.o)
 .rodata        0x0000000000033a34       0x48 build/cooja/contiki-ng-cooja.a(uip6.o)
 .rodata        0x0000000000033a7c       0x2d build/cooja/contiki-ng-cooja.a(uiplib.o)
 .rodata        0x0000000000033aa9        0x9 build/cooja/contiki-ng-cooja.a(rpl.o)
 *fill*         0x0000000000033ab2        0x6 
 .rodata        0x0000000000033ab8       0x27 build/cooja/contiki-ng-cooja.a(csma-output.o)
 .rodata        0x0000000000033adf       0x44 build/cooja/contiki-ng-cooja.a(uip-sr.o)
 .rodata        0x0000000000033b23       0xd7 build/cooja/contiki-ng-cooja.a(rpl-dag.o)
 *fill*         0x0000000000033bfa        0x6 
 .rodata        0x0000000000033c00       0x58 build/cooja/contiki-ng-cooja.a(rpl-neighbor.o)
 .rodata        0x0000000000033c58        0xc build/cooja/contiki-ng-cooja.a(rpl-timers.o)
 *fill*         0x0000000000033c64        0x4 
 .rodata        0x0000000000033c68       0x25 build/cooja/contiki-ng-cooja.a(assert.o)

.rodata1
 *(.rodata1)

.eh_frame_hdr   0x0000000000033c90     0x18f4
 *(.eh_frame_hdr)
 .eh_frame_hdr  0x0000000000033c90     0x18f4 noise-sensor.o
                0x0000000000033c90                __GNU_EH_FRAME_HDR
 *(.eh_frame_entry .eh_frame_entry.*)

.eh_frame       0x0000000000035588     0x6438
 *(.eh_frame)
 .eh_frame      0x0000000000035588       0x40 /usr/lib/gcc/x86_64-linux-gnu/11/../../../x86_64-linux-gnu/crti.o
 .eh_frame      0x00000000000355c8       0x18 /usr/lib/gcc/x86_64-linux-gnu/11/../../../x86_64-linux-gnu/crti.o
                                         0x30 (size before relaxing)
 .eh_frame      0x00000000000355e0       0x18 /usr/lib/gcc/x86_64-linux-gnu/11/../../../x86_64-linux-gnu/crti.o
                                         0x30 (size before relaxing)
 .eh_frame      0x00000000000355f8       0xa8 noise-sensor.o
                                         0xc0 (size before relaxing)
 .eh_frame      0x00000000000356a0      0x198 build/cooja/mtype515300759.o
                                        0x1b0 (size before relaxing)
 .eh_frame      0x0000000000035838       0x40 build/cooja/contiki-ng-cooja.a(simEnvChange.o)
                                         0x58 (size before relaxing)
 .eh_frame      0x0000000000035878       0x60 build/cooja/contiki-ng-cooja.a(cooja_mt.o)
                                         0x78 (size before relaxing)
 .eh_frame      0x00000000000358d8       0x80 build/cooja/contiki-ng-cooja.a(cooja_mtarch.o)
                                         0x98 (size before relaxing)
 .eh_frame      0x0000000000035958       0xc0 build/cooja/contiki-ng-cooja.a(rtimer-arch.o)
                                         0xd8 (size before relaxing)
 .eh_frame      0x0000000000035a18      0x160 build/cooja/contiki-ng-cooja.a(beep.o)
                                        0x178 (size before relaxing)
 .eh_frame      0x0000000000035b78       0x80 build/cooja/contiki-ng-cooja.a(leds-arch.o)
                                         0x98 (size before relaxing)
 .eh_frame      0x0000000000035bf8       0x40 build/cooja/contiki-ng-cooja.a(moteid.o)
                                         0x58 (size before relaxing)
 .eh_frame      0x0000000000035c38       0xa0 build/cooja/contiki-ng-cooja.a(pir-sensor.o)
                                         0xb8 (size before relaxing)
 .eh_frame      0x0000000000035cd8      0x100 build/cooja/contiki-ng-cooja.a(rs232.o)
                                        0x118 (size before relaxing)
 .eh_frame      0x0000000000035dd8       0xa0 build/cooja/contiki-ng-cooja.a(vib-sensor.o)
                                         0xb8 (size before relaxing)
 .eh_frame      0x0000000000035e78       0xc0 build/cooja/contiki-ng-cooja.a(clock.o)
                                         0xd8 (size before relaxing)
 .eh_frame      0x0000000000035f38      0x100 build/cooja/contiki-ng-cooja.a(cooja-log.o)
                                        0x118 (size before relaxing)
 .eh_frame      0x0000000000036038      0x160 build/cooja/contiki-ng-cooja.a(cfs-cooja.o)
                                        0x178 (size before relaxing)
 .eh_frame      0x0000000000036198      0x360 build/cooja/contiki-ng-cooja.a(cooja-radio.o)
                                        0x378 (size before relaxing)
 .eh_frame      0x00000000000364f8       0xa0 build/cooja/contiki-ng-cooja.a(eeprom.o)
                                         0xb8 (size before relaxing)
 .eh_frame      0x0000000000036598       0x40 build/cooja/contiki-ng-cooja.a(random.o)
                                         0x58 (size before relaxing)
 .eh_frame      0x00000000000365d8       0xc0 build/cooja/contiki-ng-cooja.a(sensors.o)
                                         0xd8 (size before relaxing)
 .eh_frame      0x0000000000036698      0x120 build/cooja/contiki-ng-cooja.a(leds.o)
                                        0x138 (size before relaxing)
 .eh_frame      0x00000000000367b8      0x220 build/cooja/contiki-ng-cooja.a(gpio-hal-arch.o)
                                        0x238 (size before relaxing)
 .eh_frame      0x00000000000369d8       0xa0 build/cooja/contiki-ng-cooja.a(buttons.o)
                                         0xb8 (size before relaxing)
 .eh_frame      0x0000000000036a78      0x4e0 build/cooja/contiki-ng-cooja.a(mqtt.o)
                                        0x4f8 (size before relaxing)
 .eh_frame      0x0000000000036f58       0x20 build/cooja/contiki-ng-cooja.a(contiki-main.o)
                                         0x38 (size before relaxing)
 .eh_frame      0x0000000000036f78       0x40 build/cooja/contiki-ng-cooja.a(autostart.o)
                                         0x58 (size before relaxing)
 .eh_frame      0x0000000000036fb8      0x100 build/cooja/contiki-ng-cooja.a(ctimer.o)
                                        0x118 (size before relaxing)
 .eh_frame      0x00000000000370b8       0x60 build/cooja/contiki-ng-cooja.a(energest.o)
                                         0x78 (size before relaxing)
 .eh_frame      0x0000000000037118      0x1e0 build/cooja/contiki-ng-cooja.a(etimer.o)
                                        0x1f8 (size before relaxing)
 .eh_frame      0x00000000000372f8      0x120 build/cooja/contiki-ng-cooja.a(log.o)
                                        0x138 (size before relaxing)
 .eh_frame      0x0000000000037418       0x20 build/cooja/contiki-ng-cooja.a(node-id.o)
                                         0x38 (size before relaxing)
 .eh_frame      0x0000000000037438      0x1c8 build/cooja/contiki-ng-cooja.a(process.o)
                                        0x1e0 (size before relaxing)
 .eh_frame      0x0000000000037600       0x60 build/cooja/contiki-ng-cooja.a(rtimer.o)
                                         0x78 (size before relaxing)
 .eh_frame      0x0000000000037660       0xa0 build/cooja/contiki-ng-cooja.a(timer.o)
                                         0xb8 (size before relaxing)
 .eh_frame      0x0000000000037700      0x1a0 build/cooja/contiki-ng-cooja.a(list.o)
                                        0x1b8 (size before relaxing)
 .eh_frame      0x00000000000378a0      0x160 build/cooja/contiki-ng-cooja.a(button-hal.o)
                                        0x178 (size before relaxing)
 .eh_frame      0x0000000000037a00       0xe0 build/cooja/contiki-ng-cooja.a(gpio-hal.o)
                                         0xf8 (size before relaxing)
 .eh_frame      0x0000000000037ae0       0x60 build/cooja/contiki-ng-cooja.a(serial-line.o)
                                         0x78 (size before relaxing)
 .eh_frame      0x0000000000037b40       0x60 build/cooja/contiki-ng-cooja.a(linkaddr.o)
                                         0x78 (size before relaxing)
 .eh_frame      0x0000000000037ba0       0x80 build/cooja/contiki-ng-cooja.a(netstack.o)
                                         0x98 (size before relaxing)
 .eh_frame      0x0000000000037c20      0x288 build/cooja/contiki-ng-cooja.a(packetbuf.o)
                                        0x2a0 (size before relaxing)
 .eh_frame      0x0000000000037ea8      0x1a0 build/cooja/contiki-ng-cooja.a(queuebuf.o)
                                        0x1b8 (size before relaxing)
 .eh_frame      0x0000000000038048       0x40 build/cooja/contiki-ng-cooja.a(printf.o)
                                         0x58 (size before relaxing)
 .eh_frame      0x0000000000038088       0x20 build/cooja/contiki-ng-cooja.a(putchar.o)
                                         0x38 (size before relaxing)
 .eh_frame      0x00000000000380a8       0x20 build/cooja/contiki-ng-cooja.a(puts.o)
                                         0x38 (size before relaxing)
 .eh_frame      0x00000000000380c8       0x60 build/cooja/contiki-ng-cooja.a(snprintf.o)
                                         0x78 (size before relaxing)
 .eh_frame      0x0000000000038128       0x40 build/cooja/contiki-ng-cooja.a(sprintf.o)
                                         0x58 (size before relaxing)
 .eh_frame      0x0000000000038168      0x120 build/cooja/contiki-ng-cooja.a(strformat.o)
                                        0x138 (size before relaxing)
 .eh_frame      0x0000000000038288       0xe0 build/cooja/contiki-ng-cooja.a(csma.o)
                                         0xf8 (size before relaxing)
 .eh_frame      0x0000000000038368      0x2e0 build/cooja/contiki-ng-cooja.a(sicslowpan.o)
                                        0x2f8 (size before relaxing)
 .eh_frame      0x0000000000038648      0x248 build/cooja/contiki-ng-cooja.a(tcp-socket.o)
                                        0x260 (size before relaxing)
 .eh_frame      0x0000000000038890      0x308 build/cooja/contiki-ng-cooja.a(tcpip.o)
                                        0x320 (size before relaxing)
 .eh_frame      0x0000000000038b98      0x1c0 build/cooja/contiki-ng-cooja.a(uip-ds6-nbr.o)
                                        0x1d8 (size before relaxing)
 .eh_frame      0x0000000000038d58      0x240 build/cooja/contiki-ng-cooja.a(uip-ds6-route.o)
                                        0x258 (size before relaxing)
 .eh_frame      0x0000000000038f98      0x328 build/cooja/contiki-ng-cooja.a(uip-ds6.o)
                                        0x340 (size before relaxing)
 .eh_frame      0x00000000000392c0       0xe0 build/cooja/contiki-ng-cooja.a(uip-packetqueue.o)
                                         0xf8 (size before relaxing)
 .eh_frame      0x00000000000393a0      0x2b0 build/cooja/contiki-ng-cooja.a(uip6.o)
                                        0x2c8 (size before relaxing)
 .eh_frame      0x0000000000039650      0x200 build/cooja/contiki-ng-cooja.a(uipbuf.o)
                                        0x218 (size before relaxing)
 .eh_frame      0x0000000000039850       0x80 build/cooja/contiki-ng-cooja.a(uiplib.o)
                                         0x98 (size before relaxing)
 .eh_frame      0x00000000000398d0      0x1e0 build/cooja/contiki-ng-cooja.a(rpl.o)
                                        0x1f8 (size before relaxing)
 .eh_frame      0x0000000000039ab0       0xa0 build/cooja/contiki-ng-cooja.a(watchdog.o)
                                         0xb8 (size before relaxing)
 .eh_frame      0x0000000000039b50       0x80 build/cooja/contiki-ng-cooja.a(int-master.o)
                                         0x98 (size before relaxing)
 .eh_frame      0x0000000000039bd0       0xc0 build/cooja/contiki-ng-cooja.a(stimer.o)
                                         0xd8 (size before relaxing)
 .eh_frame      0x0000000000039c90       0xa0 build/cooja/contiki-ng-cooja.a(memb.o)
                                         0xb8 (size before relaxing)
 .eh_frame      0x0000000000039d30       0xa0 build/cooja/contiki-ng-cooja.a(ringbuf.o)
                                         0xb8 (size before relaxing)
 .eh_frame      0x0000000000039dd0      0x120 build/cooja/contiki-ng-cooja.a(link-stats.o)
                                        0x138 (size before relaxing)
 .eh_frame      0x0000000000039ef0      0x3e0 build/cooja/contiki-ng-cooja.a(nbr-table.o)
                                        0x3f8 (size before relaxing)
 .eh_frame      0x000000000003a2d0       0x48 build/cooja/contiki-ng-cooja.a(mac-sequence.o)
                                         0x60 (size before relaxing)
 .eh_frame      0x000000000003a318       0xa8 build/cooja/contiki-ng-cooja.a(framer-802154.o)
                                         0xc0 (size before relaxing)
 .eh_frame      0x000000000003a3c0      0x1c8 build/cooja/contiki-ng-cooja.a(csma-output.o)
                                        0x1e0 (size before relaxing)
 .eh_frame      0x000000000003a588       0x40 build/cooja/contiki-ng-cooja.a(csma-security.o)
                                         0x58 (size before relaxing)
 .eh_frame      0x000000000003a5c8      0x148 build/cooja/contiki-ng-cooja.a(uip-icmp6.o)
                                        0x160 (size before relaxing)
 .eh_frame      0x000000000003a710       0x80 build/cooja/contiki-ng-cooja.a(uip-nd6.o)
                                         0x98 (size before relaxing)
 .eh_frame      0x000000000003a790      0x180 build/cooja/contiki-ng-cooja.a(uip-sr.o)
                                        0x198 (size before relaxing)
 .eh_frame      0x000000000003a910       0xa0 build/cooja/contiki-ng-cooja.a(rpl-dag-root.o)
                                         0xb8 (size before relaxing)
 .eh_frame      0x000000000003a9b0      0x360 build/cooja/contiki-ng-cooja.a(rpl-dag.o)
                                        0x378 (size before relaxing)
 .eh_frame      0x000000000003ad10      0x128 build/cooja/contiki-ng-cooja.a(rpl-ext-header.o)
                                        0x140 (size before relaxing)
 .eh_frame      0x000000000003ae38      0x1c0 build/cooja/contiki-ng-cooja.a(rpl-icmp6.o)
                                        0x1d8 (size before relaxing)
 .eh_frame      0x000000000003aff8      0x148 build/cooja/contiki-ng-cooja.a(rpl-mrhof.o)
                                        0x160 (size before relaxing)
 .eh_frame      0x000000000003b140       0x40 build/cooja/contiki-ng-cooja.a(rpl-nbr-policy.o)
                                         0x58 (size before relaxing)
 .eh_frame      0x000000000003b180      0x2b0 build/cooja/contiki-ng-cooja.a(rpl-neighbor.o)
                                        0x2c8 (size before relaxing)
 .eh_frame      0x000000000003b430      0x3a8 build/cooja/contiki-ng-cooja.a(rpl-timers.o)
                                        0x3c0 (size before relaxing)
 .eh_frame      0x000000000003b7d8       0x20 build/cooja/contiki-ng-cooja.a(assert.o)
                                         0x38 (size before relaxing)
 .eh_frame      0x000000000003b7f8       0x20 build/cooja/contiki-ng-cooja.a(mac.o)
                                         0x38 (size before relaxing)
 .eh_frame      0x000000000003b818      0x1a4 build/cooja/contiki-ng-cooja.a(frame802154.o)
                                        0x1c0 (size before relaxing)
 .eh_frame      0x000000000003b9bc        0x4 /usr/lib/gcc/x86_64-linux-gnu/11/crtendS.o
 *(.eh_frame.*)

.gcc_except_table
 *(.gcc_except_table .gcc_except_table.*)

.gnu_extab
 *(.gnu_extab*)

.exception_ranges
 *(.exception_ranges*)
                0x000000000003d6d0                . = DATA_SEGMENT_ALIGN (CONSTANT (MAXPAGESIZE), CONSTANT (COMMONPAGESIZE))

.eh_frame
 *(.eh_frame)
 *(.eh_frame.*)

.gnu_extab
 *(.gnu_extab)

.gcc_except_table
 *(.gcc_except_table .gcc_except_table.*)

.exception_ranges
 *(.exception_ranges*)

.tdata
 *(.tdata .tdata.* .gnu.linkonce.td.*)

.tbss
 *(.tbss .tbss.* .gnu.linkonce.tb.*)
 *(.tcommon)

.preinit_array
 *(.preinit_array)

.init_array     0x000000000003d6d0        0x8
 *(SORT_BY_INIT_PRIORITY(.init_array.*) SORT_BY_INIT_PRIORITY(.ctors.*))
 *(.init_array EXCLUDE_FILE(*crtend?.o *crtend.o *crtbegin?.o *crtbegin.o) .ctors)
 .init_array    0x000000000003d6d0        0x8 /usr/lib/gcc/x86_64-linux-gnu/11/crtbeginS.o

.fini_array     0x000000000003d6d8        0x8
 *(SORT_BY_INIT_PRIORITY(.fini_array.*) SORT_BY_INIT_PRIORITY(.dtors.*))
 *(.fini_array EXCLUDE_FILE(*crtend?.o *crtend.o *crtbegin?.o *crtbegin.o) .dtors)
 .fini_array    0x000000000003d6d8        0x8 /usr/lib/gcc/x86_64-linux-gnu/11/crtbeginS.o

.ctors
 *crtbegin.o(.ctors)
 *crtbegin?.o(.ctors)
 *(EXCLUDE_FILE(*crtend?.o *crtend.o) .ctors)
 *(SORT_BY_NAME(.ctors.*))
 *(.ctors)

.dtors
 *crtbegin.o(.dtors)
 *crtbegin?.o(.dtors)
 *(EXCLUDE_FILE(*crtend?.o *crtend.o) .dtors)
 *(SORT_BY_NAME(.dtors.*))
 *(.dtors)

.jcr
 *(.jcr)

.data.rel.ro    0x000000000003d6e0      0x350
 *(.data.rel.ro.local* .gnu.linkonce.d.rel.ro.local.*)
 .data.rel.ro.local
                0x000000000003d6e0       0x10 build/cooja/contiki-ng-cooja.a(beep.o)
                0x000000000003d6e0                beep_interface
 .data.rel.ro.local
                0x000000000003d6f0       0x10 build/cooja/contiki-ng-cooja.a(leds-arch.o)
                0x000000000003d6f0                leds_interface
 .data.rel.ro.local
                0x000000000003d700       0x10 build/cooja/contiki-ng-cooja.a(moteid.o)
                0x000000000003d700                moteid_interface
 *fill*         0x000000000003d710       0x10 
 .data.rel.ro.local
                0x000000000003d720       0x40 build/cooja/contiki-ng-cooja.a(pir-sensor.o)
                0x000000000003d720                pir_interface
                0x000000000003d740                pir_sensor
 .data.rel.ro.local
                0x000000000003d760       0x10 build/cooja/contiki-ng-cooja.a(rs232.o)
                0x000000000003d760                rs232_interface
 *fill*         0x000000000003d770       0x10 
 .data.rel.ro.local
                0x000000000003d780       0x40 build/cooja/contiki-ng-cooja.a(vib-sensor.o)
                0x000000000003d780                vib_interface
                0x000000000003d7a0                vib_sensor
 .data.rel.ro.local
                0x000000000003d7c0       0x10 build/cooja/contiki-ng-cooja.a(clock.o)
                0x000000000003d7c0                clock_interface
 .data.rel.ro.local
                0x000000000003d7d0       0x10 build/cooja/contiki-ng-cooja.a(cooja-log.o)
                0x000000000003d7d0                simlog_interface
 .data.rel.ro.local
                0x000000000003d7e0       0x10 build/cooja/contiki-ng-cooja.a(cfs-cooja.o)
                0x000000000003d7e0                cfs_interface
 *fill*         0x000000000003d7f0       0x10 
 .data.rel.ro.local
                0x000000000003d800       0x90 build/cooja/contiki-ng-cooja.a(cooja-radio.o)
                0x000000000003d800                radio_interface
                0x000000000003d820                cooja_radio_driver
 .data.rel.ro.local
                0x000000000003d890       0x10 build/cooja/contiki-ng-cooja.a(eeprom.o)
                0x000000000003d890                eeprom_interface
 .data.rel.ro.local
                0x000000000003d8a0       0x40 build/cooja/contiki-ng-cooja.a(buttons.o)
                0x000000000003d8a0                button_interface
                0x000000000003d8c0                button_sensor
 .data.rel.ro.local
                0x000000000003d8e0       0x38 build/cooja/contiki-ng-cooja.a(csma.o)
                0x000000000003d8e0                csma_driver
 *fill*         0x000000000003d918        0x8 
 .data.rel.ro.local
                0x000000000003d920       0x18 build/cooja/contiki-ng-cooja.a(framer-802154.o)
                0x000000000003d920                framer_802154
 *(.data.rel.ro .data.rel.ro.* .gnu.linkonce.d.rel.ro.*)
 .data.rel.ro   0x000000000003d938        0x0 /usr/lib/gcc/x86_64-linux-gnu/11/../../../x86_64-linux-gnu/crti.o
 *fill*         0x000000000003d938        0x8 
 .data.rel.ro   0x000000000003d940       0x10 noise-sensor.o
                0x000000000003d940                autostart_processes
 *fill*         0x000000000003d950       0x10 
 .data.rel.ro   0x000000000003d960       0x20 build/cooja/contiki-ng-cooja.a(sicslowpan.o)
                0x000000000003d960                sicslowpan_driver
 .data.rel.ro   0x000000000003d980       0xa8 build/cooja/contiki-ng-cooja.a(rpl.o)
                0x000000000003d980                rpl_lite_driver
 .data.rel.ro   0x000000000003da28        0x8 build/cooja/contiki-ng-cooja.a(rpl-dag.o)

.dynamic        0x000000000003da30      0x1c0
 *(.dynamic)
 .dynamic       0x000000000003da30      0x1c0 /usr/lib/gcc/x86_64-linux-gnu/11/../../../x86_64-linux-gnu/crti.o
                0x000000000003da30                _DYNAMIC

.got            0x000000000003dbf0      0x3f8
 *(.got)
 .got           0x000000000003dbf0      0x3f8 /usr/lib/gcc/x86_64-linux-gnu/11/../../../x86_64-linux-gnu/crti.o
 *(.igot)
                0x000000000003dfe8                . = DATA_SEGMENT_RELRO_END (., (SIZEOF (.got.plt) >= 0x18)?0x18:0x0)

.got.plt        0x000000000003e000      0xbc8
 *(.got.plt)
 .got.plt       0x000000000003e000      0xbc8 /usr/lib/gcc/x86_64-linux-gnu/11/../../../x86_64-linux-gnu/crti.o
                0x000000000003e000                _GLOBAL_OFFSET_TABLE_
 *(.igot.plt)

.data           0x000000000003ebe0      0x812
 *(.data .data.* .gnu.linkonce.d.*)
 .data          0x000000000003ebe0        0x0 /usr/lib/gcc/x86_64-linux-gnu/11/../../../x86_64-linux-gnu/crti.o
 .data          0x000000000003ebe0        0x0 /usr/lib/gcc/x86_64-linux-gnu/11/crtbeginS.o
 .data.rel.local
                0x000000000003ebe0        0x8 /usr/lib/gcc/x86_64-linux-gnu/11/crtbeginS.o
                0x000000000003ebe0                __dso_handle
 .data          0x000000000003ebe8        0x0 noise-sensor.o
 *fill*         0x000000000003ebe8       0x18 
 .data.rel.local
                0x000000000003ec00       0x40 noise-sensor.o
                0x000000000003ec20                mqtt_noise_sensor
 .data          0x000000000003ec40        0x0 build/cooja/mtype515300759.o
 .data.rel      0x000000000003ec40       0xa0 build/cooja/mtype515300759.o
                0x000000000003ec40                simInterfaces
                0x000000000003ecc0                sensors
 .data          0x000000000003ece0        0x0 build/cooja/contiki-ng-cooja.a(simEnvChange.o)
 .data          0x000000000003ece0        0x0 build/cooja/contiki-ng-cooja.a(cooja_mt.o)
 .data          0x000000000003ece0        0x0 build/cooja/contiki-ng-cooja.a(cooja_mtarch.o)
 .data          0x000000000003ece0        0x0 build/cooja/contiki-ng-cooja.a(rtimer-arch.o)
 .data          0x000000000003ece0        0x0 build/cooja/contiki-ng-cooja.a(beep.o)
 .data          0x000000000003ece0        0x0 build/cooja/contiki-ng-cooja.a(leds-arch.o)
 .data          0x000000000003ece0        0x0 build/cooja/contiki-ng-cooja.a(moteid.o)
 .data          0x000000000003ece0        0x0 build/cooja/contiki-ng-cooja.a(pir-sensor.o)
 .data          0x000000000003ece0        0x0 build/cooja/contiki-ng-cooja.a(rs232.o)
 .data          0x000000000003ece0        0x0 build/cooja/contiki-ng-cooja.a(vib-sensor.o)
 .data          0x000000000003ece0        0x0 build/cooja/contiki-ng-cooja.a(clock.o)
 .data          0x000000000003ece0        0x0 build/cooja/contiki-ng-cooja.a(cooja-log.o)
 .data          0x000000000003ece0        0x0 build/cooja/contiki-ng-cooja.a(cfs-cooja.o)
 .data          0x000000000003ece0       0x20 build/cooja/contiki-ng-cooja.a(cooja-radio.o)
                0x000000000003ece0                simRadioHWOn
                0x000000000003ece4                simSignalStrength
                0x000000000003ece8                simLastSignalStrength
                0x000000000003ecec                simPower
                0x000000000003ecf0                simRadioChannel
                0x000000000003ecf4                simLQI
                0x000000000003ecf8                simLastLQI
 .data.rel.local
                0x000000000003ed00       0x20 build/cooja/contiki-ng-cooja.a(cooja-radio.o)
                0x000000000003ed00                cooja_radio_process
 .data          0x000000000003ed20        0x0 build/cooja/contiki-ng-cooja.a(eeprom.o)
 .data          0x000000000003ed20        0x0 build/cooja/contiki-ng-cooja.a(random.o)
 .data          0x000000000003ed20        0x0 build/cooja/contiki-ng-cooja.a(sensors.o)
 .data.rel.local
                0x000000000003ed20       0x20 build/cooja/contiki-ng-cooja.a(sensors.o)
                0x000000000003ed20                sensors_process
 .data          0x000000000003ed40        0x0 build/cooja/contiki-ng-cooja.a(leds.o)
 .data          0x000000000003ed40        0x0 build/cooja/contiki-ng-cooja.a(gpio-hal-arch.o)
 .data          0x000000000003ed40        0x1 build/cooja/contiki-ng-cooja.a(buttons.o)
                0x000000000003ed40                simButtonIsActive
 *fill*         0x000000000003ed41       0x1f 
 .data.rel.local
                0x000000000003ed60       0xb0 build/cooja/contiki-ng-cooja.a(buttons.o)
                0x000000000003ee00                button_hal_buttons
 .data          0x000000000003ee10        0x0 build/cooja/contiki-ng-cooja.a(mqtt.o)
 *fill*         0x000000000003ee10       0x10 
 .data.rel.local
                0x000000000003ee20       0x40 build/cooja/contiki-ng-cooja.a(mqtt.o)
                0x000000000003ee40                mqtt_process
 .data          0x000000000003ee60        0x0 build/cooja/contiki-ng-cooja.a(contiki-main.o)
 .data          0x000000000003ee60        0x0 build/cooja/contiki-ng-cooja.a(autostart.o)
 .data          0x000000000003ee60        0x0 build/cooja/contiki-ng-cooja.a(ctimer.o)
 .data.rel.local
                0x000000000003ee60       0x40 build/cooja/contiki-ng-cooja.a(ctimer.o)
                0x000000000003ee80                ctimer_process
 .data          0x000000000003eea0        0x0 build/cooja/contiki-ng-cooja.a(energest.o)
 .data          0x000000000003eea0        0x0 build/cooja/contiki-ng-cooja.a(etimer.o)
 .data.rel.local
                0x000000000003eea0       0x20 build/cooja/contiki-ng-cooja.a(etimer.o)
                0x000000000003eea0                etimer_process
 .data          0x000000000003eec0        0x4 build/cooja/contiki-ng-cooja.a(log.o)
                0x000000000003eec0                curr_log_level_main
 *fill*         0x000000000003eec4       0x1c 
 .data.rel      0x000000000003eee0      0x138 build/cooja/contiki-ng-cooja.a(log.o)
                0x000000000003eee0                all_modules
 .data          0x000000000003f018        0x0 build/cooja/contiki-ng-cooja.a(node-id.o)
 .data          0x000000000003f018        0x0 build/cooja/contiki-ng-cooja.a(process.o)
 .data          0x000000000003f018        0x0 build/cooja/contiki-ng-cooja.a(rtimer.o)
 .data          0x000000000003f018        0x0 build/cooja/contiki-ng-cooja.a(timer.o)
 .data          0x000000000003f018        0x0 build/cooja/contiki-ng-cooja.a(list.o)
 .data          0x000000000003f018        0x0 build/cooja/contiki-ng-cooja.a(button-hal.o)
 *fill*         0x000000000003f018        0x8 
 .data.rel.local
                0x000000000003f020       0x20 build/cooja/contiki-ng-cooja.a(button-hal.o)
                0x000000000003f020                button_hal_process
 .data          0x000000000003f040        0x0 build/cooja/contiki-ng-cooja.a(gpio-hal.o)
 .data.rel.local
                0x000000000003f040        0x8 build/cooja/contiki-ng-cooja.a(gpio-hal.o)
 .data          0x000000000003f048        0x0 build/cooja/contiki-ng-cooja.a(serial-line.o)
 *fill*         0x000000000003f048       0x18 
 .data.rel.local
                0x000000000003f060       0x20 build/cooja/contiki-ng-cooja.a(serial-line.o)
                0x000000000003f060                serial_line_process
 .data          0x000000000003f080        0x0 build/cooja/contiki-ng-cooja.a(linkaddr.o)
 .data          0x000000000003f080        0x0 build/cooja/contiki-ng-cooja.a(netstack.o)
 .data.rel.local
                0x000000000003f080        0x8 build/cooja/contiki-ng-cooja.a(netstack.o)
 .data          0x000000000003f088        0x0 build/cooja/contiki-ng-cooja.a(packetbuf.o)
 .data.rel.local
                0x000000000003f088        0x8 build/cooja/contiki-ng-cooja.a(packetbuf.o)
 .data          0x000000000003f090        0x0 build/cooja/contiki-ng-cooja.a(queuebuf.o)
 .data.rel.local
                0x000000000003f090       0x38 build/cooja/contiki-ng-cooja.a(queuebuf.o)
 .data          0x000000000003f0c8        0x0 build/cooja/contiki-ng-cooja.a(printf.o)
 *fill*         0x000000000003f0c8        0x8 
 .data.rel.local
                0x000000000003f0d0       0x10 build/cooja/contiki-ng-cooja.a(printf.o)
 .data          0x000000000003f0e0        0x0 build/cooja/contiki-ng-cooja.a(putchar.o)
 .data          0x000000000003f0e0        0x0 build/cooja/contiki-ng-cooja.a(puts.o)
 .data          0x000000000003f0e0        0x0 build/cooja/contiki-ng-cooja.a(snprintf.o)
 .data          0x000000000003f0e0        0x0 build/cooja/contiki-ng-cooja.a(sprintf.o)
 .data          0x000000000003f0e0        0x0 build/cooja/contiki-ng-cooja.a(strformat.o)
 .data          0x000000000003f0e0        0x0 build/cooja/contiki-ng-cooja.a(csma.o)
 .data          0x000000000003f0e0        0x0 build/cooja/contiki-ng-cooja.a(sicslowpan.o)
 .data          0x000000000003f0e0        0x0 build/cooja/contiki-ng-cooja.a(tcp-socket.o)
 .data.rel.local
                0x000000000003f0e0       0x40 build/cooja/contiki-ng-cooja.a(tcp-socket.o)
                0x000000000003f100                tcp_socket_process
 .data          0x000000000003f120        0x0 build/cooja/contiki-ng-cooja.a(tcpip.o)
 .data.rel.local
                0x000000000003f120       0x20 build/cooja/contiki-ng-cooja.a(tcpip.o)
                0x000000000003f120                tcpip_process
 .data          0x000000000003f140        0x0 build/cooja/contiki-ng-cooja.a(uip-ds6-nbr.o)
 .data.rel.local
                0x000000000003f140       0x20 build/cooja/contiki-ng-cooja.a(uip-ds6-nbr.o)
 .data          0x000000000003f160        0x0 build/cooja/contiki-ng-cooja.a(uip-ds6-route.o)
 .data.rel.local
                0x000000000003f160       0x28 build/cooja/contiki-ng-cooja.a(uip-ds6-route.o)
 .data          0x000000000003f188        0x0 build/cooja/contiki-ng-cooja.a(uip-ds6.o)
 .data          0x000000000003f188        0x0 build/cooja/contiki-ng-cooja.a(uip-packetqueue.o)
 *fill*         0x000000000003f188        0x8 
 .data.rel.local
                0x000000000003f190       0x18 build/cooja/contiki-ng-cooja.a(uip-packetqueue.o)
 .data          0x000000000003f1a8        0x0 build/cooja/contiki-ng-cooja.a(uip6.o)
 .data          0x000000000003f1a8        0x0 build/cooja/contiki-ng-cooja.a(uipbuf.o)
 .data          0x000000000003f1a8        0x0 build/cooja/contiki-ng-cooja.a(uiplib.o)
 .data          0x000000000003f1a8        0x0 build/cooja/contiki-ng-cooja.a(rpl.o)
 .data          0x000000000003f1a8        0x0 build/cooja/contiki-ng-cooja.a(watchdog.o)
 .data          0x000000000003f1a8        0x0 build/cooja/contiki-ng-cooja.a(int-master.o)
 .data          0x000000000003f1a8        0x0 build/cooja/contiki-ng-cooja.a(stimer.o)
 .data          0x000000000003f1a8        0x0 build/cooja/contiki-ng-cooja.a(memb.o)
 .data          0x000000000003f1a8        0x0 build/cooja/contiki-ng-cooja.a(ringbuf.o)
 .data          0x000000000003f1a8        0x0 build/cooja/contiki-ng-cooja.a(link-stats.o)
 *fill*         0x000000000003f1a8        0x8 
 .data.rel.local
                0x000000000003f1b0       0x20 build/cooja/contiki-ng-cooja.a(link-stats.o)
 .data          0x000000000003f1d0        0x0 build/cooja/contiki-ng-cooja.a(nbr-table.o)
 .data.rel.local
                0x000000000003f1d0       0x20 build/cooja/contiki-ng-cooja.a(nbr-table.o)
 .data          0x000000000003f1f0        0x0 build/cooja/contiki-ng-cooja.a(mac-sequence.o)
 .data          0x000000000003f1f0        0x0 build/cooja/contiki-ng-cooja.a(framer-802154.o)
 .data          0x000000000003f1f0        0x0 build/cooja/contiki-ng-cooja.a(csma-output.o)
 .data.rel.local
                0x000000000003f1f0       0x60 build/cooja/contiki-ng-cooja.a(csma-output.o)
 .data          0x000000000003f250        0x0 build/cooja/contiki-ng-cooja.a(csma-security.o)
 .data          0x000000000003f250        0x0 build/cooja/contiki-ng-cooja.a(uip-icmp6.o)
 .data.rel.local
                0x000000000003f250       0x48 build/cooja/contiki-ng-cooja.a(uip-icmp6.o)
 .data          0x000000000003f298        0x0 build/cooja/contiki-ng-cooja.a(uip-nd6.o)
 *fill*         0x000000000003f298        0x8 
 .data.rel.local
                0x000000000003f2a0       0x18 build/cooja/contiki-ng-cooja.a(uip-nd6.o)
 .data          0x000000000003f2b8        0x0 build/cooja/contiki-ng-cooja.a(uip-sr.o)
 *fill*         0x000000000003f2b8        0x8 
 .data.rel.local
                0x000000000003f2c0       0x28 build/cooja/contiki-ng-cooja.a(uip-sr.o)
 .data          0x000000000003f2e8        0x0 build/cooja/contiki-ng-cooja.a(rpl-dag-root.o)
 .data          0x000000000003f2e8        0x0 build/cooja/contiki-ng-cooja.a(rpl-dag.o)
 .data          0x000000000003f2e8        0x0 build/cooja/contiki-ng-cooja.a(rpl-ext-header.o)
 .data          0x000000000003f2e8        0x0 build/cooja/contiki-ng-cooja.a(rpl-icmp6.o)
 *fill*         0x000000000003f2e8        0x8 
 .data.rel.local
                0x000000000003f2f0       0x78 build/cooja/contiki-ng-cooja.a(rpl-icmp6.o)
 .data          0x000000000003f368        0x0 build/cooja/contiki-ng-cooja.a(rpl-mrhof.o)
 *fill*         0x000000000003f368       0x18 
 .data.rel.local
                0x000000000003f380       0x48 build/cooja/contiki-ng-cooja.a(rpl-mrhof.o)
                0x000000000003f380                rpl_mrhof
 .data          0x000000000003f3c8        0x0 build/cooja/contiki-ng-cooja.a(rpl-nbr-policy.o)
 .data          0x000000000003f3c8        0x0 build/cooja/contiki-ng-cooja.a(rpl-neighbor.o)
 *fill*         0x000000000003f3c8        0x8 
 .data.rel.local
                0x000000000003f3d0       0x20 build/cooja/contiki-ng-cooja.a(rpl-neighbor.o)
                0x000000000003f3e8                rpl_neighbors
 .data          0x000000000003f3f0        0x0 build/cooja/contiki-ng-cooja.a(rpl-timers.o)
 .data          0x000000000003f3f0        0x0 build/cooja/contiki-ng-cooja.a(assert.o)
 .data          0x000000000003f3f0        0x0 build/cooja/contiki-ng-cooja.a(mac.o)
 .data          0x000000000003f3f0        0x2 build/cooja/contiki-ng-cooja.a(frame802154.o)
 .data          0x000000000003f3f2        0x0 /usr/lib/gcc/x86_64-linux-gnu/11/crtendS.o
 .data          0x000000000003f3f2        0x0 /usr/lib/gcc/x86_64-linux-gnu/11/../../../x86_64-linux-gnu/crtn.o

.tm_clone_table
                0x000000000003f3f8        0x0
 .tm_clone_table
                0x000000000003f3f8        0x0 /usr/lib/gcc/x86_64-linux-gnu/11/crtbeginS.o
 .tm_clone_table
                0x000000000003f3f8        0x0 /usr/lib/gcc/x86_64-linux-gnu/11/crtendS.o

.data1
 *(.data1)
                [!provide]                        PROVIDE (_edata = .)
                [!provide]                        PROVIDE (edata = .)
                0x000000000003f3f8                . = .
                [!provide]                        PROVIDE (__bss_start = .)

.bss            0x000000000003f400    0x18260
 *(.dynbss)
 .dynbss        0x000000000003f400        0x0 /usr/lib/gcc/x86_64-linux-gnu/11/../../../x86_64-linux-gnu/crti.o
 *(.bss .bss.* .gnu.linkonce.b.*)
 .bss           0x000000000003f400        0x0 /usr/lib/gcc/x86_64-linux-gnu/11/../../../x86_64-linux-gnu/crti.o
 .bss           0x000000000003f400        0x1 /usr/lib/gcc/x86_64-linux-gnu/11/crtbeginS.o
 *fill*         0x000000000003f401       0x1f 
 .bss           0x000000000003f420      0xba6 noise-sensor.o
                0x000000000003f420                status
                0x000000000003f440                broker_address
 *fill*         0x000000000003ffc6       0x1a 
 .bss           0x000000000003ffe0     0x4060 build/cooja/mtype515300759.o
                0x000000000003ffe0                sensors_flags
                0x000000000003ffe8                referenceVar
 .bss           0x0000000000044040       0x18 build/cooja/contiki-ng-cooja.a(simEnvChange.o)
                0x0000000000044040                simDontFallAsleep
                0x0000000000044044                simProcessRunValue
                0x0000000000044048                simEtimerPending
                0x0000000000044050                simEtimerNextExpirationTime
 .bss           0x0000000000044058        0x8 build/cooja/contiki-ng-cooja.a(cooja_mt.o)
 .bss           0x0000000000044060        0x8 build/cooja/contiki-ng-cooja.a(cooja_mtarch.o)
 .bss           0x0000000000044068       0x18 build/cooja/contiki-ng-cooja.a(rtimer-arch.o)
                0x0000000000044068                simRtimerPending
                0x0000000000044070                simRtimerNextExpirationTime
                0x0000000000044078                simRtimerCurrentTicks
 .bss           0x0000000000044080        0x1 build/cooja/contiki-ng-cooja.a(beep.o)
                0x0000000000044080                simBeeped
 .bss           0x0000000000044081        0x1 build/cooja/contiki-ng-cooja.a(leds-arch.o)
                0x0000000000044081                simLedsValue
 *fill*         0x0000000000044082        0x2 
 .bss           0x0000000000044084        0xc build/cooja/contiki-ng-cooja.a(moteid.o)
                0x0000000000044084                simMoteID
                0x0000000000044088                simMoteIDChanged
                0x000000000004408c                simRandomSeed
 .bss           0x0000000000044090        0x3 build/cooja/contiki-ng-cooja.a(pir-sensor.o)
                0x0000000000044090                simPirChanged
                0x0000000000044091                simPirIsActive
                0x0000000000044092                simPirValue
 *fill*         0x0000000000044093        0xd 
 .bss           0x00000000000440a0      0x810 build/cooja/contiki-ng-cooja.a(rs232.o)
                0x00000000000440a0                simSerialReceivingData
                0x00000000000448a0                simSerialReceivingLength
                0x00000000000448a4                simSerialReceivingFlag
 .bss           0x00000000000448b0        0x3 build/cooja/contiki-ng-cooja.a(vib-sensor.o)
                0x00000000000448b0                simVibChanged
                0x00000000000448b1                simVibIsActive
                0x00000000000448b2                simVibValue
 *fill*         0x00000000000448b3        0x5 
 .bss           0x00000000000448b8        0x8 build/cooja/contiki-ng-cooja.a(clock.o)
                0x00000000000448b8                simCurrentTime
 .bss           0x00000000000448c0     0x200d build/cooja/contiki-ng-cooja.a(cooja-log.o)
                0x00000000000448c0                simLoggedData
                0x00000000000468c0                simLoggedLength
                0x00000000000468c4                simLoggedFlag
 *fill*         0x00000000000468cd       0x13 
 .bss           0x00000000000468e0      0xfc0 build/cooja/contiki-ng-cooja.a(cfs-cooja.o)
                0x00000000000468e0                simCFSData
                0x0000000000047880                simCFSSize
                0x0000000000047884                simCFSChanged
                0x0000000000047888                simCFSRead
                0x000000000004788c                simCFSWritten
 .bss           0x00000000000478a0      0x15c build/cooja/contiki-ng-cooja.a(cooja-radio.o)
                0x00000000000478a0                simReceiving
                0x00000000000478c0                simInDataBuffer
                0x0000000000047940                simInSize
                0x0000000000047948                simLastPacketTimestamp
                0x0000000000047960                simOutDataBuffer
                0x00000000000479e0                simOutSize
 *fill*         0x00000000000479fc        0x4 
 .bss           0x0000000000047a00      0x40c build/cooja/contiki-ng-cooja.a(eeprom.o)
                0x0000000000047a00                simEEPROMData
                0x0000000000047e00                simEEPROMChanged
                0x0000000000047e04                simEEPROMRead
                0x0000000000047e08                simEEPROMWritten
 .bss           0x0000000000047e0c        0x0 build/cooja/contiki-ng-cooja.a(random.o)
 .bss           0x0000000000047e0c        0xc build/cooja/contiki-ng-cooja.a(sensors.o)
                0x0000000000047e0c                sensors_event
 .bss           0x0000000000047e18        0x0 build/cooja/contiki-ng-cooja.a(leds.o)
 *fill*         0x0000000000047e18        0x8 
 .bss           0x0000000000047e20       0x40 build/cooja/contiki-ng-cooja.a(gpio-hal-arch.o)
 .bss           0x0000000000047e60        0x2 build/cooja/contiki-ng-cooja.a(buttons.o)
                0x0000000000047e60                simButtonChanged
                0x0000000000047e61                simButtonIsDown
 *fill*         0x0000000000047e62        0x6 