Archive member included to satisfy reference by file (symbol)

build/cooja/contiki-ng-cooja.a(simEnvChange.o)
                              build/cooja/mtype917848012.o (simDontFallAsleep)
build/cooja/contiki-ng-cooja.a(cooja_mt.o)
                              build/cooja/mtype917848012.o (cooja_mt_start)
build/cooja/contiki-ng-cooja.a(cooja_mtarch.o)
                              build/cooja/contiki-ng-cooja.a(cooja_mt.o) (cooja_mtarch_start)
build/cooja/contiki-ng-cooja.a(rtimer-arch.o)
                              build/cooja/mtype917848012.o (rtimer_arch_check)
build/cooja/contiki-ng-cooja.a(beep.o)
                              build/cooja/mtype917848012.o (beep_interface)
build/cooja/contiki-ng-cooja.a(leds-arch.o)
                              build/cooja/mtype917848012.o (leds_interface)
build/cooja/contiki-ng-cooja.a(moteid.o)
                              build/cooja/mtype917848012.o (moteid_interface)
build/cooja/contiki-ng-cooja.a(pir-sensor.o)
                              build/cooja/mtype917848012.o (pir_interface)
build/cooja/contiki-ng-cooja.a(rs232.o)
                              build/cooja/mtype917848012.o (rs232_interface)
build/cooja/contiki-ng-cooja.a(vib-sensor.o)
                              build/cooja/mtype917848012.o (vib_interface)
build/cooja/contiki-ng-cooja.a(clock.o)
                              build/cooja/mtype917848012.o (clock_interface)
build/cooja/contiki-ng-cooja.a(cooja-log.o)
                              build/cooja/mtype917848012.o (simlog_interface)
build/cooja/contiki-ng-cooja.a(cfs-cooja.o)
                              build/cooja/mtype917848012.o (cfs_interface)
build/cooja/contiki-ng-cooja.a(cooja-radio.o)
                              build/cooja/mtype917848012.o (radio_interface)
build/cooja/contiki-ng-cooja.a(eeprom.o)
                              build/cooja/mtype917848012.o (eeprom_interface)
build/cooja/contiki-ng-cooja.a(random.o)
                              build/cooja/contiki-ng-cooja.a(moteid.o) (random_init)
build/cooja/contiki-ng-cooja.a(sensors.o)
                              build/cooja/contiki-ng-cooja.a(pir-sensor.o) (sensors_changed)
build/cooja/contiki-ng-cooja.a(leds.o)
                              build/cooja/contiki-ng-cooja.a(leds-arch.o) (leds_get)
build/cooja/contiki-ng-cooja.a(gpio-hal-arch.o)
                              build/cooja/contiki-ng-cooja.a(leds-arch.o) (gpio_hal_arch_register_pin_callback)
build/cooja/contiki-ng-cooja.a(buttons.o)
                              build/cooja/mtype917848012.o (button_interface)
build/cooja/contiki-ng-cooja.a(mqtt.o)
                              noise-sensor.o (mqtt_register)
build/cooja/contiki-ng-cooja.a(contiki-main.o)
                              build/cooja/mtype917848012.o (main)
build/cooja/contiki-ng-cooja.a(autostart.o)
                              build/cooja/contiki-ng-cooja.a(contiki-main.o) (autostart_start)
build/cooja/contiki-ng-cooja.a(ctimer.o)
                              build/cooja/contiki-ng-cooja.a(contiki-main.o) (ctimer_init)
build/cooja/contiki-ng-cooja.a(energest.o)
                              build/cooja/contiki-ng-cooja.a(contiki-main.o) (energest_init)
build/cooja/contiki-ng-cooja.a(etimer.o)
                              build/cooja/contiki-ng-cooja.a(contiki-main.o) (etimer_process)
build/cooja/contiki-ng-cooja.a(log.o)
                              build/cooja/contiki-ng-cooja.a(contiki-main.o) (curr_log_level_main)
build/cooja/contiki-ng-cooja.a(node-id.o)
                              noise-sensor.o (node_id)
build/cooja/contiki-ng-cooja.a(process.o)
                              build/cooja/contiki-ng-cooja.a(mqtt.o) (process_current)
build/cooja/contiki-ng-cooja.a(rtimer.o)
                              build/cooja/contiki-ng-cooja.a(contiki-main.o) (rtimer_init)
build/cooja/contiki-ng-cooja.a(timer.o)
                              build/cooja/contiki-ng-cooja.a(mqtt.o) (timer_set)
build/cooja/contiki-ng-cooja.a(list.o)
                              build/cooja/contiki-ng-cooja.a(mqtt.o) (list_init)
build/cooja/contiki-ng-cooja.a(button-hal.o)
                              build/cooja/mtype917848012.o (button_hal_init)
build/cooja/contiki-ng-cooja.a(gpio-hal.o)
                              build/cooja/contiki-ng-cooja.a(button-hal.o) (gpio_hal_register_handler)
build/cooja/contiki-ng-cooja.a(serial-line.o)
                              build/cooja/contiki-ng-cooja.a(rs232.o) (serial_line_input_byte)
build/cooja/contiki-ng-cooja.a(linkaddr.o)
                              noise-sensor.o (linkaddr_node_addr)
build/cooja/contiki-ng-cooja.a(netstack.o)
                              build/cooja/contiki-ng-cooja.a(contiki-main.o) (netstack_init)
build/cooja/contiki-ng-cooja.a(packetbuf.o)
                              build/cooja/contiki-ng-cooja.a(cooja-radio.o) (packetbuf_clear)
build/cooja/contiki-ng-cooja.a(queuebuf.o)
                              build/cooja/contiki-ng-cooja.a(contiki-main.o) (queuebuf_init)
[...]
Memory Configuration

Name             Origin             Length             Attributes
*default*        0x0000000000000000 0xffffffffffffffff

Linker script and memory map

LOAD /usr/lib/gcc/x86_64-linux-gnu/11/../../../x86_64-linux-gnu/crti.o
LOAD /usr/lib/gcc/x86_64-linux-gnu/11/crtbeginS.o
LOAD noise-sensor.o
LOAD build/cooja/mtype917848012.o
LOAD build/cooja/contiki-ng-cooja.a
LOAD /usr/lib/gcc/x86_64-linux-gnu/11/libgcc.a
LOAD /usr/lib/gcc/x86_64-linux-gnu/11/libgcc_s.so
START GROUP
LOAD /usr/lib/gcc/x86_64-linux-gnu/11/../../../x86_64-linux-gnu/libgcc_s.so.1
LOAD /usr/lib/gcc/x86_64-linux-gnu/11/libgcc.a
END GROUP
LOAD /usr/lib/gcc/x86_64-linux-gnu/11/../../../x86_64-linux-gnu/libc.so
START GROUP
LOAD /lib/x86_64-linux-gnu/libc.so.6
LOAD /usr/lib/x86_64-linux-gnu/libc_nonshared.a
LOAD /lib64/ld-linux-x86-64.so.2
END GROUP
LOAD /usr/lib/gcc/x86_64-linux-gnu/11/libgcc.a
LOAD /usr/lib/gcc/x86_64-linux-gnu/11/libgcc_s.so
START GROUP
LOAD /usr/lib/gcc/x86_64-linux-gnu/11/../../../x86_64-linux-gnu/libgcc_s.so.1
LOAD /usr/lib/gcc/x86_64-linux-gnu/11/libgcc.a
END GROUP
LOAD /usr/lib/gcc/x86_64-linux-gnu/11/crtendS.o
LOAD /usr/lib/gcc/x86_64-linux-gnu/11/../../../x86_64-linux-gnu/crtn.o
                0x00000000000002a8                . = (SEGMENT_START ("text-segment", 0x0) + SIZEOF_HEADERS)

.note.gnu.property
                0x00000000000002a8       0x20
 .note.gnu.property
                0x00000000000002a8       0x20 /usr/lib/gcc/x86_64-linux-gnu/11/../../../x86_64-linux-gnu/crti.o

.note.gnu.build-id
                0x00000000000002c8       0x24
 *(.note.gnu.build-id)
 .note.gnu.build-id
                0x00000000000002c8       0x24 /usr/lib/gcc/x86_64-linux-gnu/11/../../../x86_64-linux-gnu/crti.o

.hash
 *(.hash)

.gnu.hash       0x00000000000002f0     0x14c4
 *(.gnu.hash)
 .gnu.hash      0x00000000000002f0     0x14c4 /usr/lib/gcc/x86_64-linux-gnu/11/../../../x86_64-linux-gnu/crti.o

.dynsym         0x00000000000017b8     0x4110
 *(.dynsym)
 .dynsym        0x00000000000017b8     0x4110 /usr/lib/gcc/x86_64-linux-gnu/11/../../../x86_64-linux-gnu/crti.o

.dynstr         0x00000000000058c8     0x30f2
 *(.dynstr)
 .dynstr        0x00000000000058c8     0x30f2 /usr/lib/gcc/x86_64-linux-gnu/11/../../../x86_64-linux-gnu/crti.o

.gnu.version    0x00000000000089ba      0x56c
 *(.gnu.version)
 .gnu.version   0x00000000000089ba      0x56c /usr/lib/gcc/x86_64-linux-gnu/11/../../../x86_64-linux-gnu/crti.o

.gnu.version_d  0x0000000000008f28        0x0
 *(.gnu.version_d)
 .gnu.version_d
                0x0000000000008f28        0x0 /usr/lib/gcc/x86_64-linux-gnu/11/../../../x86_64-linux-gnu/crti.o

.gnu.version_r  0x0000000000008f28       0x40
 *(.gnu.version_r)
 .gnu.version_r
                0x0000000000008f28       0x40 /usr/lib/gcc/x86_64-linux-gnu/11/../../../x86_64-linux-gnu/crti.o

.rela.dyn       0x0000000000008f68     0x1f20
 *(.rela.init)
 *(.rela.text .rela.text.* .rela.gnu.linkonce.t.*)
 .rela.text     0x0000000000008f68        0x0 /usr/lib/gcc/x86_64-linux-gnu/11/../../../x86_64-linux-gnu/crti.o
 *(.rela.fini)
 *(.rela.rodata .rela.rodata.* .rela.gnu.linkonce.r.*)
 *(.rela.data .rela.data.* .rela.gnu.linkonce.d.*)
 .rela.data.rel.local
                0x0000000000008f68      0x720 /usr/lib/gcc/x86_64-linux-gnu/11/../../../x86_64-linux-gnu/crti.o
 .rela.data.rel.ro
                0x0000000000009688      0x288 /usr/lib/gcc/x86_64-linux-gnu/11/../../../x86_64-linux-gnu/crti.o
 .rela.data.rel
                0x0000000000009910      0x3a8 /usr/lib/gcc/x86_64-linux-gnu/11/../../../x86_64-linux-gnu/crti.o
 .rela.data.rel.ro.local
                0x0000000000009cb8      0x5a0 /usr/lib/gcc/x86_64-linux-gnu/11/../../../x86_64-linux-gnu/crti.o
 *(.rela.tdata .rela.tdata.* .rela.gnu.linkonce.td.*)
 *(.rela.tbss .rela.tbss.* .rela.gnu.linkonce.tb.*)
 *(.rela.ctors)
 *(.rela.dtors)
 *(.rela.got)
 .rela.got      0x000000000000a258      0xc00 /usr/lib/gcc/x86_64-linux-gnu/11/../../../x86_64-linux-gnu/crti.o
 *(.rela.bss .rela.bss.* .rela.gnu.linkonce.b.*)
 *(.rela.ldata .rela.ldata.* .rela.gnu.linkonce.l.*)
 *(.rela.lbss .rela.lbss.* .rela.gnu.linkonce.lb.*)
 *(.rela.lrodata .rela.lrodata.* .rela.gnu.linkonce.lr.*)
 *(.rela.ifunc)
 .rela.ifunc    0x000000000000ae58        0x0 /usr/lib/gcc/x86_64-linux-gnu/11/../../../x86_64-linux-gnu/crti.o
 .rela.fini_array
                0x000000000000ae58       0x18 /usr/lib/gcc/x86_64-linux-gnu/11/../../../x86_64-linux-gnu/crti.o
 .rela.init_array
                0x000000000000ae70       0x18 /usr/lib/gcc/x86_64-linux-gnu/11/../../../x86_64-linux-gnu/crti.o

.rela.plt       0x000000000000ae88     0x2328
 *(.rela.plt)
 .rela.plt      0x000000000000ae88     0x2328 /usr/lib/gcc/x86_64-linux-gnu/11/../../../x86_64-linux-gnu/crti.o
 *(.rela.iplt)

.relr.dyn
 *(.relr.dyn)
                0x000000000000e000                . = ALIGN (CONSTANT (MAXPAGESIZE))

.init           0x000000000000e000       0x1b
 *(SORT_NONE(.init))
 .init          0x000000000000e000       0x16 /usr/lib/gcc/x86_64-linux-gnu/11/../../../x86_64-linux-gnu/crti.o
                0x000000000000e000                _init
 .init          0x000000000000e016        0x5 /usr/lib/gcc/x86_64-linux-gnu/11/../../../x86_64-linux-gnu/crtn.o

.plt            0x000000000000e020     0x1780
 *(.plt)
 .plt           0x000000000000e020     0x1780 /usr/lib/gcc/x86_64-linux-gnu/11/../../../x86_64-linux-gnu/crti.o
 *(.iplt)

.plt.got        0x000000000000f7a0       0x30
 *(.plt.got)
 .plt.got       0x000000000000f7a0       0x30 /usr/lib/gcc/x86_64-linux-gnu/11/../../../x86_64-linux-gnu/crti.o

.plt.sec        0x000000000000f7d0     0x1770
 *(.plt.sec)
 .plt.sec       0x000000000000f7d0     0x1770 /usr/lib/gcc/x86_64-linux-gnu/11/../../../x86_64-linux-gnu/crti.o

.text           0x0000000000010f40    0x216d0
 *(.text.unlikely .text.*_unlikely .text.unlikely.*)
 *(.text.exit .text.exit.*)
 *(.text.startup .text.startup.*)
 *(.text.hot .text.hot.*)
 *(SORT_BY_NAME(.text.sorted.*))
 *(.text .stub .text.* .gnu.linkonce.t.*)
 .text          0x0000000000010f40        0x0 /usr/lib/gcc/x86_64-linux-gnu/11/../../../x86_64-linux-gnu/crti.o
 .text          0x0000000000010f40       0xb9 /usr/lib/gcc/x86_64-linux-gnu/11/crtbeginS.o
 .text          0x0000000000010ff9      0x847 noise-sensor.o
 .text          0x0000000000011840      0x374 build/cooja/mtype917848012.o
                0x00000000000118f6                platform_init_stage_one
                0x000000000001190b                platform_init_stage_two
                0x0000000000011920                platform_init_stage_three
                0x0000000000011935                platform_main_loop
                0x00000000000119cf                JNI_OnLoad
                0x00000000000119e6                Java_org_contikios_cooja_corecomm_Lib10_init
                0x0000000000011a39                Java_org_contikios_cooja_corecomm_Lib10_getMemory
                0x0000000000011a98                Java_org_contikios_cooja_corecomm_Lib10_setMemory
                0x0000000000011af7                Java_org_contikios_cooja_corecomm_Lib10_tick
                0x0000000000011b85                Java_org_contikios_cooja_corecomm_Lib10_setReferenceAddress
 .text          0x0000000000011bb4       0x93 build/cooja/contiki-ng-cooja.a(simEnvChange.o)
                0x0000000000011bb4                doActionsBeforeTick
                0x0000000000011bfd                doActionsAfterTick
 .text          0x0000000000011c47       0xab build/cooja/contiki-ng-cooja.a(cooja_mt.o)
                0x0000000000011c47                cooja_mt_start
                0x0000000000011c87                cooja_mt_exec
                0x0000000000011cca                cooja_mt_yield
 .text          0x0000000000011cf2      0x10e build/cooja/contiki-ng-cooja.a(cooja_mtarch.o)
                0x0000000000011cf2                cooja_mtarch_start
                0x0000000000011d95                cooja_sw
                0x0000000000011dc2                cooja_mtarch_exec
                0x0000000000011df0                cooja_mtarch_yield
 .text          0x0000000000011e00       0xcc build/cooja/contiki-ng-cooja.a(rtimer-arch.o)
                0x0000000000011e00                rtimer_arch_init
                0x0000000000011e26                rtimer_arch_schedule
                0x0000000000011e50                rtimer_arch_next
                0x0000000000011e64                rtimer_arch_pending
                0x0000000000011e77                rtimer_arch_check
                0x0000000000011eb8                rtimer_arch_now
 .text          0x0000000000011ecc       0xe6 build/cooja/contiki-ng-cooja.a(beep.o)
                0x0000000000011ecc                beep_alarm
                0x0000000000011ee7                beep_beep
                0x0000000000011eff                beep
                0x0000000000011f14                beep_down
                0x0000000000011f2c                beep_on
                0x0000000000011f41                beep_off
                0x0000000000011f56                beep_spinup
                0x0000000000011f6b                beep_quick
                0x0000000000011f83                beep_long
 .text          0x0000000000011fb2       0x80 build/cooja/contiki-ng-cooja.a(leds-arch.o)
                0x0000000000011fcb                leds_arch_init
 .text          0x0000000000012032       0x41 build/cooja/contiki-ng-cooja.a(moteid.o)
 .text          0x0000000000012073       0xfa build/cooja/contiki-ng-cooja.a(pir-sensor.o)
 .text          0x000000000001216d      0x18b build/cooja/contiki-ng-cooja.a(rs232.o)
                0x000000000001216d                rs232_init
                0x0000000000012178                rs232_set_speed
                0x0000000000012188                rs232_set_input
                0x00000000000121a2                rs232_send
                0x00000000000121c1                rs232_print
                0x00000000000121ef                slip_arch_writeb
 .text          0x00000000000122f8       0xfa build/cooja/contiki-ng-cooja.a(vib-sensor.o)
 .text          0x00000000000123f2       0x6f build/cooja/contiki-ng-cooja.a(clock.o)
                0x00000000000123f2                clock_init
                0x00000000000123fd                clock_time
                0x0000000000012411                clock_seconds
                0x000000000001243d                clock_delay
 .text          0x0000000000012461      0x214 build/cooja/contiki-ng-cooja.a(cooja-log.o)
                0x0000000000012461                simlog_char
                0x00000000000124bb                simlog
                0x0000000000012540                log_message
                0x0000000000012585                log_set_putchar_with_slip
                0x000000000001259c                dbg_putchar
                0x000000000001261d                dbg_send_bytes
 .text          0x0000000000012675      0x39b build/cooja/contiki-ng-cooja.a(cfs-cooja.o)
                0x0000000000012675                cfs_open
                0x00000000000126f2                cfs_close
                0x0000000000012707                cfs_read
                0x00000000000127ce                cfs_write
                0x00000000000128de                cfs_seek
                0x000000000001298d                cfs_remove
                0x00000000000129bd                cfs_opendir
                0x00000000000129d4                cfs_readdir
                0x00000000000129eb                cfs_closedir
 .text          0x0000000000012a10      0x79f build/cooja/contiki-ng-cooja.a(cooja-radio.o)
                0x0000000000012a6f                radio_set_channel
                0x0000000000012a89                radio_set_txpower
                0x0000000000012aa6                radio_signal_strength_last
                0x0000000000012ab9                radio_signal_strength_current
                0x0000000000012acc                radio_LQI
 .text          0x00000000000131af      0x163 build/cooja/contiki-ng-cooja.a(eeprom.o)
                0x00000000000131af                eeprom_init
                0x00000000000131be                eeprom_read
                0x000000000001325d                eeprom_write
 .text          0x0000000000013312       0x2f build/cooja/contiki-ng-cooja.a(random.o)
                0x0000000000013312                random_init
                0x0000000000013332                random_rand
 .text          0x0000000000013341      0x35f build/cooja/contiki-ng-cooja.a(sensors.o)
                0x000000000001338a                sensors_first
                0x000000000001339e                sensors_next
                0x00000000000133cd                sensors_changed
                0x000000000001341a                sensors_find
 .text          0x00000000000136a0      0x3ad build/cooja/contiki-ng-cooja.a(leds.o)
                0x00000000000136a0                leds_init
                0x00000000000136eb                leds_single_on
                0x0000000000013758                leds_single_off
                0x00000000000137c5                leds_single_toggle
                0x00000000000137fd                leds_on
                0x000000000001388e                leds_off
                0x000000000001391f                leds_toggle
                0x000000000001397b                leds_set
                0x00000000000139a4                leds_get
 .text          0x0000000000013a4d      0x41b build/cooja/contiki-ng-cooja.a(gpio-hal-arch.o)
                0x0000000000013a4d                gpio_hal_arch_register_pin_callback
                0x0000000000013af4                gpio_hal_arch_init
                0x0000000000013b4a                gpio_hal_arch_no_port_interrupt_enable
                0x0000000000013b97                gpio_hal_arch_no_port_interrupt_disable
                0x0000000000013be4                gpio_hal_arch_no_port_pin_cfg_set
                0x0000000000013c1a                gpio_hal_arch_no_port_pin_cfg_get
                0x0000000000013c4e                gpio_hal_arch_no_port_pin_set_input
                0x0000000000013c61                gpio_hal_arch_no_port_pin_set_output
                0x0000000000013c74                gpio_hal_arch_no_port_set_pin
                0x0000000000013c98                gpio_hal_arch_no_port_clear_pin
                0x0000000000013cbc                gpio_hal_arch_no_port_read_pin
                0x0000000000013ce9                gpio_hal_arch_no_port_write_pin
                0x0000000000013d13                gpio_hal_arch_no_port_set_pins
                0x0000000000013d62                gpio_hal_arch_no_port_clear_pins
                0x0000000000013db1                gpio_hal_arch_no_port_read_pins
                0x0000000000013dff                gpio_hal_arch_no_port_write_pins
 .text          0x0000000000013e68       0xa8 build/cooja/contiki-ng-cooja.a(buttons.o)
 .text          0x0000000000013f10     0x3e2f build/cooja/contiki-ng-cooja.a(mqtt.o)
                0x00000000000143b1                mqtt_decode_var_byte_int
                0x00000000000144b6                mqtt_encode_var_byte_int
                0x00000000000175a7                mqtt_init
                0x0000000000017681                mqtt_register
                0x0000000000017749                mqtt_connect
                0x0000000000017889                mqtt_disconnect
                0x00000000000178da                mqtt_subscribe
                0x00000000000179e3                mqtt_unsubscribe
                0x0000000000017adc                mqtt_publish
                0x0000000000017c17                mqtt_set_username_password
                0x0000000000017cc8                mqtt_set_last_will
 .text          0x0000000000017d3f      0x400 build/cooja/contiki-ng-cooja.a(contiki-main.o)
                0x0000000000017d3f                main
 .text          0x000000000001813f       0xbd build/cooja/contiki-ng-cooja.a(autostart.o)
                0x000000000001813f                autostart_start
                0x00000000000181a0                autostart_exit
 .text          0x00000000000181fc      0x441 build/cooja/contiki-ng-cooja.a(ctimer.o)
                0x000000000001835e                ctimer_init
                0x0000000000018393                ctimer_set
                0x00000000000183d7                ctimer_set_with_process
                0x0000000000018491                ctimer_reset
                0x0000000000018502                ctimer_restart
                0x0000000000018573                ctimer_stop
                0x00000000000185d1                ctimer_expired
 .text          0x000000000001863d       0x25 build/cooja/contiki-ng-cooja.a(energest.o)
                0x000000000001863d                energest_init
                0x0000000000018648                energest_flush
                0x0000000000018653                energest_get_total_time
 .text          0x0000000000018662      0x57c build/cooja/contiki-ng-cooja.a(etimer.o)
                0x000000000001890a                etimer_request_poll
                0x00000000000189bc                etimer_set
                0x00000000000189f2                etimer_reset_with_new_interval
                0x0000000000018a2d                etimer_reset
                0x0000000000018a58                etimer_restart
                0x0000000000018a83                etimer_adjust
                0x0000000000018ab4                etimer_expired
                0x0000000000018ad3                etimer_expiration_time
                0x0000000000018af3                etimer_start_time
                0x0000000000018b08                etimer_pending
                0x0000000000018b22                etimer_next_expiration_time
                0x0000000000018b43                etimer_stop
 .text          0x0000000000018bde      0x539 build/cooja/contiki-ng-cooja.a(log.o)
                0x0000000000018bde                log_6addr
                0x0000000000018c44                log_6addr_compact_snprint
                0x0000000000018d1f                log_6addr_compact
                0x0000000000018d85                log_lladdr
                0x0000000000018e05                log_lladdr_compact
                0x0000000000018e87                log_bytes
                0x0000000000018ee7                log_set_level
                0x0000000000018ff5                log_get_level
                0x00000000000190ac                log_level_to_str
 .text          0x0000000000019117       0x36 build/cooja/contiki-ng-cooja.a(node-id.o)
                0x0000000000019117                node_id_init
 .text          0x000000000001914d      0x673 build/cooja/contiki-ng-cooja.a(process.o)
                0x000000000001914d                process_alloc_event
                0x0000000000019167                process_start
                0x00000000000193d7                process_exit
                0x0000000000019403                process_init
                0x00000000000195fa                process_run
                0x000000000001962f                process_nevents
                0x000000000001964f                process_post
                0x0000000000019717                process_post_synch
                0x0000000000019765                process_poll
                0x00000000000197a2                process_is_running
 .text          0x00000000000197c0      0x101 build/cooja/contiki-ng-cooja.a(rtimer.o)
                0x00000000000197c0                rtimer_init
                0x00000000000197d0                rtimer_set
                0x0000000000019851                rtimer_run_next
 .text          0x00000000000198c1       0xfd build/cooja/contiki-ng-cooja.a(timer.o)
                0x00000000000198c1                timer_set
                0x00000000000198f0                timer_reset
                0x000000000001992c                timer_restart
                0x000000000001994b                timer_expired
                0x0000000000019986                timer_remaining
 .text          0x00000000000199be      0x39b build/cooja/contiki-ng-cooja.a(list.o)
                0x00000000000199be                list_init
                0x00000000000199d8                list_head
                0x00000000000199ed                list_copy
                0x0000000000019a0e                list_tail
                0x0000000000019a57                list_add
                0x0000000000019abb                list_push
                0x0000000000019afe                list_chop
                0x0000000000019b8b                list_pop
                0x0000000000019bc5                list_remove
                0x0000000000019c51                list_length
                0x0000000000019c8c                list_insert
                0x0000000000019cef                list_item_next
                0x0000000000019d12                list_contains
 .text          0x0000000000019d59      0x574 build/cooja/contiki-ng-cooja.a(button-hal.o)
                0x0000000000019f24                button_hal_get_by_id
                0x0000000000019f72                button_hal_get_by_index
                0x0000000000019fa9                button_hal_get_state
                0x000000000001a00c                button_hal_init
 .text          0x000000000001a2cd      0x181 build/cooja/contiki-ng-cooja.a(gpio-hal.o)
                0x000000000001a2cd                gpio_hal_register_handler
                0x000000000001a2f6                gpio_hal_event_handler
                0x000000000001a361                gpio_hal_init
                0x000000000001a380                gpio_hal_arch_port_toggle_pin
                0x000000000001a3b7                gpio_hal_arch_port_toggle_pins
                0x000000000001a3e8                gpio_hal_arch_no_port_toggle_pin
                0x000000000001a422                gpio_hal_arch_no_port_toggle_pins
 .text          0x000000000001a44e      0x238 build/cooja/contiki-ng-cooja.a(serial-line.o)
                0x000000000001a44e                serial_line_input_byte
                0x000000000001a649                serial_line_init
 .text          0x000000000001a686       0x80 build/cooja/contiki-ng-cooja.a(linkaddr.o)
                0x000000000001a686                linkaddr_copy
                0x000000000001a6a7                linkaddr_cmp
                0x000000000001a6dd                linkaddr_set_node_addr
 .text          0x000000000001a706      0x12b build/cooja/contiki-ng-cooja.a(netstack.o)
                0x000000000001a706                netstack_process_ip_callback
                0x000000000001a7a7                netstack_ip_packet_processor_add
                0x000000000001a7d7                uip_ds6_ip_packet_processor_rm
                0x000000000001a800                netstack_init
 .text          0x000000000001a831      0x4a8 build/cooja/contiki-ng-cooja.a(packetbuf.o)
                0x000000000001a831                packetbuf_clear
                0x000000000001a85f                packetbuf_copyfrom
                0x000000000001a8b8                packetbuf_copyto
                0x000000000001a95e                packetbuf_hdralloc
                0x000000000001a9ed                packetbuf_hdrreduce
                0x000000000001aa3d                packetbuf_set_datalen
                0x000000000001aa59                packetbuf_dataptr
                0x000000000001aa7e                packetbuf_hdrptr
                0x000000000001aa8f                packetbuf_datalen
                0x000000000001aaa0                packetbuf_hdrlen
                0x000000000001aabc                packetbuf_totlen
                0x000000000001aade                packetbuf_remaininglen
                0x000000000001aaf6                packetbuf_attr_clear
                0x000000000001ab5b                packetbuf_attr_copyto
                0x000000000001aba6                packetbuf_attr_copyfrom
                0x000000000001abf1                packetbuf_set_attr
                0x000000000001ac21                packetbuf_attr
                0x000000000001ac42                packetbuf_set_addr
                0x000000000001ac88                packetbuf_addr
                0x000000000001acb2                packetbuf_holds_broadcast
 .text          0x000000000001acd9      0x382 build/cooja/contiki-ng-cooja.a(queuebuf.o)
                0x000000000001acee                queuebuf_init
                0x000000000001ad17                queuebuf_numfree
                0x000000000001ad30                queuebuf_new_from_packetbuf
                0x000000000001ade3                queuebuf_update_attr_from_packetbuf
                0x000000000001ae26                queuebuf_update_from_packetbuf
                0x000000000001ae82                queuebuf_free
                0x000000000001aede                queuebuf_to_packetbuf
                0x000000000001af57                queuebuf_dataptr
                0x000000000001af9e                queuebuf_datalen
                0x000000000001afce                queuebuf_addr
                0x000000000001b015                queuebuf_attr
                0x000000000001b050                queuebuf_debug_print
 .text          0x000000000001b05b      0x116 build/cooja/contiki-ng-cooja.a(printf.o)
                0x000000000001b090                log_printf
 .text          0x000000000001b171       0x1e build/cooja/contiki-ng-cooja.a(putchar.o)
                0x000000000001b171                log_putchar
 .text          0x000000000001b18f       0x3d build/cooja/contiki-ng-cooja.a(puts.o)
                0x000000000001b18f                log_puts
 .text          0x000000000001b1cc      0x1f8 build/cooja/contiki-ng-cooja.a(snprintf.o)
                0x000000000001b257                log_snprintf
                0x000000000001b33c                log_vsnprintf
 .text          0x000000000001b3c4      0x152 build/cooja/contiki-ng-cooja.a(sprintf.o)
                0x000000000001b40f                log_sprintf
 .text          0x000000000001b516     0x170b build/cooja/contiki-ng-cooja.a(strformat.o)
                0x000000000001b889                format_str
                0x000000000001b96a                format_str_v
 .text          0x000000000001cc21      0x292 build/cooja/contiki-ng-cooja.a(csma.o)
 .text          0x000000000001ceb3     0x3747 build/cooja/contiki-ng-cooja.a(sicslowpan.o)
                0x000000000001d689                netstack_sniffer_add
                0x000000000001d6a3                netstack_sniffer_remove
                0x00000000000205c3                sicslowpan_init
                0x00000000000205ea                sicslowpan_get_last_rssi
 .text          0x00000000000205fa      0xbaa build/cooja/contiki-ng-cooja.a(tcp-socket.o)
                0x0000000000020d33                tcp_socket_register
                0x0000000000020dfb                tcp_socket_connect
                0x0000000000020eb8                tcp_socket_listen
                0x0000000000020f45                tcp_socket_unlisten
                0x0000000000020fd1                tcp_socket_send
                0x000000000002108e                tcp_socket_send_str
                0x00000000000210c5                tcp_socket_close
                0x00000000000210fa                tcp_socket_unregister
                0x0000000000021163                tcp_socket_max_sendlen
                0x000000000002118b                tcp_socket_queuelen
 .text          0x00000000000211a4      0xc96 build/cooja/contiki-ng-cooja.a(tcpip.o)
                0x00000000000211d4                tcpip_output
                0x00000000000212d6                tcp_connect
                0x000000000002133d                tcp_unlisten
                0x00000000000213ad                tcp_listen
                0x0000000000021419                tcp_attach
                0x0000000000021447                udp_attach
                0x0000000000021475                udp_new
                0x00000000000214d0                udp_broadcast_new
                0x00000000000217e3                tcpip_input
                0x00000000000219bb                tcpip_ipv6_output
                0x0000000000021c14                tcpip_poll_udp
                0x0000000000021c42                tcpip_poll_tcp
                0x0000000000021c70                tcpip_uipcall
 .text          0x0000000000021e3a      0x416 build/cooja/contiki-ng-cooja.a(uip-ds6-nbr.o)
                0x0000000000021e3a                uip_ds6_neighbors_init
                0x0000000000021e63                uip_ds6_nbr_add
                0x0000000000021f01                uip_ds6_nbr_rm
                0x0000000000021f5e                uip_ds6_nbr_update_ll
                0x0000000000022063                uip_ds6_nbr_get_ipaddr
                0x0000000000022083                uip_ds6_nbr_get_ll
                0x00000000000220ab                uip_ds6_nbr_num
                0x00000000000220fd                uip_ds6_nbr_head
                0x0000000000022116                uip_ds6_nbr_next
                0x000000000002213e                uip_ds6_nbr_lookup
                0x00000000000221a7                uip_ds6_nbr_ll_lookup
                0x00000000000221cf                uip_ds6_nbr_ipaddr_from_lladdr
                0x0000000000022203                uip_ds6_nbr_lladdr_from_ipaddr
                0x000000000002223f                uip_ds6_link_callback
 .text          0x0000000000022250      0x3f9 build/cooja/contiki-ng-cooja.a(uip-ds6-route.o)
                0x00000000000222a7                uip_ds6_route_init
                0x00000000000222d0                uip_ds6_route_count_nexthop_neighbors
                0x00000000000222df                uip_ds6_route_nexthop
                0x00000000000222f2                uip_ds6_route_head
                0x0000000000022301                uip_ds6_route_next
                0x0000000000022314                uip_ds6_route_is_nexthop
                0x0000000000022327                uip_ds6_route_num_routes
                0x0000000000022336                uip_ds6_route_lookup
                0x0000000000022349                uip_ds6_route_add
                0x0000000000022365                uip_ds6_route_rm
                0x0000000000022374                uip_ds6_route_rm_by_nexthop
                0x0000000000022383                uip_ds6_defrt_head
                0x000000000002239c                uip_ds6_defrt_add
                0x000000000002245c                uip_ds6_defrt_rm
                0x00000000000224d2                uip_ds6_defrt_lookup
                0x0000000000022549                uip_ds6_defrt_choose
                0x00000000000225cc                uip_ds6_defrt_periodic
 .text          0x0000000000022649      0xebc build/cooja/contiki-ng-cooja.a(uip-ds6.o)
                0x0000000000022649                uip_ds6_default_prefix
                0x000000000002265a                uip_ds6_set_default_prefix
                0x0000000000022682                uip_ds6_init
                0x0000000000022921                uip_ds6_periodic
                0x00000000000229c3                uip_ds6_list_loop
                0x0000000000022aac                uip_ds6_prefix_add
                0x0000000000022b7d                uip_ds6_prefix_rm
                0x0000000000022b9b                uip_ds6_prefix_lookup
                0x0000000000022bf2                uip_ds6_is_addr_onlink
                0x0000000000022c86                uip_ds6_addr_add
                0x0000000000022dd1                uip_ds6_addr_rm
                0x0000000000022e8c                uip_ds6_addr_lookup
                0x0000000000022ee1                uip_ds6_get_link_local
                0x0000000000022f86                uip_ds6_get_global
                0x000000000002302b                uip_ds6_maddr_add
                0x00000000000230a7                uip_ds6_maddr_rm
                0x00000000000230c5                uip_ds6_maddr_lookup
                0x000000000002311d                uip_ds6_aaddr_add
                0x0000000000023199                uip_ds6_aaddr_rm
                0x00000000000231b7                uip_ds6_aaddr_lookup
                0x000000000002320f                uip_ds6_select_src
                0x0000000000023399                uip_ds6_set_addr_iid
                0x00000000000233d2                uip_ds6_set_lladdr_from_iid
                0x0000000000023409                get_match_length
                0x00000000000234b7                uip_ds6_compute_reachable_time
 .text          0x0000000000023505      0x1b9 build/cooja/contiki-ng-cooja.a(uip-packetqueue.o)
                0x0000000000023544                uip_packetqueue_new
                0x000000000002355e                uip_packetqueue_alloc
                0x00000000000235d8                uip_packetqueue_free
                0x0000000000023630                uip_packetqueue_buf
                0x000000000002365c                uip_packetqueue_buflen
                0x000000000002368b                uip_packetqueue_set_buflen
 .text          0x00000000000236be     0x3915 build/cooja/contiki-ng-cooja.a(uip6.o)
                0x00000000000236be                uip_add32
                0x00000000000238c8                uip_chksum
                0x00000000000239ae                uip_icmp6chksum
                0x00000000000239c2                uip_tcpchksum
                0x00000000000239d6                uip_udpchksum
                0x00000000000239ea                uip_init
                0x0000000000023aaf                uip_connect
                0x0000000000023c59                uip_remove_ext_hdr
                0x0000000000023d5a                uip_udp_new
                0x0000000000023ec6                uip_unlisten
                0x0000000000023f15                uip_listen
                0x0000000000024237                uip_process
                0x0000000000026e59                uip_htons
                0x0000000000026e7c                uip_htonl
                0x0000000000026ec4                uip_send
 .text          0x0000000000026fd3      0x5b1 build/cooja/contiki-ng-cooja.a(uipbuf.o)
                0x0000000000026fd3                uipbuf_clear
                0x0000000000027005                uipbuf_add_ext_hdr
                0x000000000002709d                uipbuf_set_len
                0x00000000000270cf                uipbuf_set_len_field
                0x0000000000027102                uipbuf_get_len_field
                0x000000000002712d                uipbuf_get_next_header
                0x000000000002729f                uipbuf_get_last_header
                0x0000000000027332                uipbuf_search_header
                0x00000000000273f9                uipbuf_get_attr
                0x000000000002742a                uipbuf_set_attr
                0x000000000002746a                uipbuf_set_default_attr
                0x00000000000274aa                uipbuf_clear_attr
                0x00000000000274d1                uipbuf_set_attr_flag
                0x00000000000274f4                uipbuf_clr_attr_flag
                0x000000000002751d                uipbuf_is_attr_flag
                0x0000000000027542                uipbuf_init
 .text          0x0000000000027584      0x57d build/cooja/contiki-ng-cooja.a(uiplib.o)
                0x0000000000027584                uiplib_ip6addrconv
                0x0000000000027760                uiplib_ip4addrconv
                0x0000000000027832                uiplib_ipaddr_print
                0x0000000000027898                uiplib_ipaddr_snprint
 .text          0x0000000000027b01      0x66e build/cooja/contiki-ng-cooja.a(rpl.o)
                0x0000000000027b01                rpl_lollipop_greater_than
                0x0000000000027b65                rpl_get_global_address
                0x0000000000027d05                rpl_link_callback
                0x0000000000027d6f                rpl_has_joined
                0x0000000000027da2                rpl_is_reachable
                0x0000000000027e48                rpl_reset_prefix
                0x0000000000027ebf                rpl_set_prefix_from_addr
                0x0000000000027fda                rpl_set_prefix
                0x0000000000028144                rpl_set_leaf_only
                0x000000000002815e                rpl_get_leaf_only
 .text          0x000000000002816f       0x49 build/cooja/contiki-ng-cooja.a(watchdog.o)
                0x000000000002816f                watchdog_init
                0x000000000002817a                watchdog_start
                0x0000000000028185                watchdog_periodic
                0x00000000000281a2                watchdog_stop
                0x00000000000281ad                watchdog_reboot
 .text          0x00000000000281b8       0x61 build/cooja/contiki-ng-cooja.a(int-master.o)
                0x00000000000281b8                int_master_enable
                0x00000000000281cd                int_master_read_and_disable
                0x00000000000281ed                int_master_status_set
                0x0000000000028204                int_master_is_enabled
 .text          0x0000000000028219      0x125 build/cooja/contiki-ng-cooja.a(stimer.o)
                0x0000000000028219                stimer_set
                0x0000000000028248                stimer_reset
                0x0000000000028284                stimer_restart
                0x00000000000282a3                stimer_expired
                0x00000000000282e5                stimer_remaining
                0x000000000002831d                stimer_elapsed
 .text          0x000000000002833e      0x21a build/cooja/contiki-ng-cooja.a(memb.o)
                0x000000000002833e                memb_init
                0x00000000000283a1                memb_alloc
                0x000000000002841b                memb_free
                0x00000000000284ae                memb_inmemb
                0x0000000000028505                memb_numfree
 .text          0x0000000000028558      0x19d build/cooja/contiki-ng-cooja.a(ringbuf.o)
                0x0000000000028558                ringbuf_init
                0x0000000000028599                ringbuf_put
                0x0000000000028628                ringbuf_get
                0x00000000000286a6                ringbuf_size
                0x00000000000286c2                ringbuf_elements
 .text          0x00000000000286f5      0x481 build/cooja/contiki-ng-cooja.a(link-stats.o)
                0x00000000000286f5                link_stats_from_lladdr
                0x000000000002871d                link_stats_get_lladdr
                0x0000000000028745                link_stats_is_fresh
                0x000000000002878d                guess_etx_from_rssi
                0x0000000000028812                link_stats_packet_sent
                0x0000000000028976                link_stats_input_callback
                0x0000000000028ad8                link_stats_reset
                0x0000000000028b34                link_stats_init
 .text          0x0000000000028b76      0xcb3 build/cooja/contiki-ng-cooja.a(nbr-table.o)
                0x0000000000028fd4                nbr_table_count_entries
                0x0000000000029076                nbr_table_gc_get_worst
                0x00000000000290b9                nbr_table_can_accept_new
                0x000000000002926e                nbr_table_entry_is_allowed
                0x000000000002931b                nbr_table_register
                0x00000000000293ad                nbr_table_is_registered
                0x0000000000029404                nbr_table_head
                0x0000000000029472                nbr_table_next
                0x00000000000294ef                nbr_table_add_lladdr
                0x000000000002964f                nbr_table_get_from_lladdr
                0x00000000000296ae                nbr_table_remove
                0x0000000000029708                nbr_table_lock
                0x000000000002973d                nbr_table_unlock
                0x0000000000029772                nbr_table_get_lladdr
                0x00000000000297b5                nbr_table_clear
                0x00000000000297f2                nbr_table_key_head
                0x000000000002980b                nbr_table_key_next
 .text          0x0000000000029829      0x1e0 build/cooja/contiki-ng-cooja.a(mac-sequence.o)
                0x0000000000029829                mac_sequence_is_duplicate
                0x000000000002990a                mac_sequence_register_seqno
 .text          0x0000000000029a09      0x451 build/cooja/contiki-ng-cooja.a(framer-802154.o)
                0x0000000000029ba4                framer_802154_setup_params
 .text          0x0000000000029e5a      0xae3 build/cooja/contiki-ng-cooja.a(csma-output.o)
                0x000000000002a63c                csma_output_packet
                0x000000000002a905                csma_output_init
 .text          0x000000000002a93d       0x3d build/cooja/contiki-ng-cooja.a(csma-security.o)
                0x000000000002a93d                csma_security_create_frame
                0x000000000002a963                csma_security_parse_frame
 .text          0x000000000002a97a      0x8b7 build/cooja/contiki-ng-cooja.a(uip-icmp6.o)
                0x000000000002a9f7                uip_icmp6_input
                0x000000000002aa55                uip_icmp6_register_input_handler
                0x000000000002abe7                uip_icmp6_error_output
                0x000000000002af4c                uip_icmp6_send
                0x000000000002b198                uip_icmp6_echo_reply_callback_add
                0x000000000002b1df                uip_icmp6_echo_reply_callback_rm
                0x000000000002b208                uip_icmp6_init
 .text          0x000000000002b231      0x87f build/cooja/contiki-ng-cooja.a(uip-nd6.o)
                0x000000000002ba96                uip_nd6_init
 .text          0x000000000002bab0      0x7e7 build/cooja/contiki-ng-cooja.a(uip-sr.o)
                0x000000000002bab0                uip_sr_num_nodes
                0x000000000002bb5b                uip_sr_get_node
                0x000000000002bbc3                uip_sr_is_addr_reachable
                0x000000000002bc8b                uip_sr_expire_parent
                0x000000000002bcfa                uip_sr_update_node
                0x000000000002be6e                uip_sr_init
                0x000000000002bea1                uip_sr_node_head
                0x000000000002beba                uip_sr_node_next
                0x000000000002bed8                uip_sr_periodic
                0x000000000002c014                uip_sr_free_all
                0x000000000002c093                uip_sr_link_snprint
 .text          0x000000000002c297      0x35a build/cooja/contiki-ng-cooja.a(rpl-dag-root.o)
                0x000000000002c297                rpl_dag_root_print_links
                0x000000000002c40c                rpl_dag_root_set_prefix
                0x000000000002c448                rpl_dag_root_start
                0x000000000002c5b1                rpl_dag_root_is_root
 .text          0x000000000002c5f1     0x1219 build/cooja/contiki-ng-cooja.a(rpl-dag.o)
                0x000000000002c5f1                rpl_dag_state_to_str
                0x000000000002c64f                rpl_dag_get_root_ipaddr
                0x000000000002c699                rpl_dag_leave
                0x000000000002c744                rpl_dag_poison_and_leave
                0x000000000002c762                rpl_dag_periodic
                0x000000000002c826                rpl_is_addr_in_our_dag
                0x000000000002c882                rpl_get_default_instance
                0x000000000002c8a9                rpl_get_any_dag
                0x000000000002c916                rpl_refresh_routes
                0x000000000002c978                rpl_global_repair
                0x000000000002ca3a                rpl_local_repair
                0x000000000002ca9c                rpl_dag_ready_to_advertise
                0x000000000002caf4                rpl_dag_update_state
                0x000000000002d3b7                rpl_process_dio
                0x000000000002d459                rpl_process_dis
                0x000000000002d4ad                rpl_process_dao
                0x000000000002d556                rpl_process_dao_ack
                0x000000000002d606                rpl_process_hbh
                0x000000000002d665                rpl_dag_init_root
                0x000000000002d7e6                rpl_dag_init
 .text          0x000000000002d80a      0xdef build/cooja/contiki-ng-cooja.a(rpl-ext-header.o)
                0x000000000002d80a                rpl_ext_header_srh_get_next_hop
                0x000000000002d91b                rpl_ext_header_srh_update
                0x000000000002dfaa                rpl_ext_header_hbh_update
                0x000000000002e34a                rpl_ext_header_update
                0x000000000002e3f4                rpl_ext_header_remove
 .text          0x000000000002e5f9     0x16eb build/cooja/contiki-ng-cooja.a(rpl-icmp6.o)
                0x000000000002e78d                rpl_icmp6_update_nbr_table
                0x000000000002e842                rpl_icmp6_dis_output
                0x000000000002ef66                rpl_icmp6_dio_output
                0x000000000002f896                rpl_icmp6_dao_output
                0x000000000002fc07                rpl_icmp6_dao_ack_output
                0x000000000002fc9d                rpl_icmp6_init
 .text          0x000000000002fce4      0x36f build/cooja/contiki-ng-cooja.a(rpl-mrhof.o)
 .text          0x0000000000030053       0x8c build/cooja/contiki-ng-cooja.a(rpl-nbr-policy.o)
                0x000000000003009b                rpl_nbr_gc_get_worst
 .text          0x00000000000300df      0xadd build/cooja/contiki-ng-cooja.a(rpl-neighbor.o)
                0x0000000000030172                rpl_neighbor_snprint
                0x00000000000304a0                rpl_neighbor_print_list
                0x0000000000030577                rpl_neighbor_count
                0x0000000000030662                rpl_neighbor_get_from_lladdr
                0x000000000003068d                rpl_neighbor_is_acceptable_parent
                0x00000000000306d9                rpl_neighbor_get_link_metric
                0x0000000000030725                rpl_neighbor_rank_via_nbr
                0x0000000000030771                rpl_neighbor_get_lladdr
                0x000000000003079c                rpl_neighbor_get_ipaddr
                0x00000000000307ca                rpl_neighbor_get_link_stats
                0x00000000000307f8                rpl_neighbor_is_fresh
                0x0000000000030826                rpl_neighbor_is_parent
                0x000000000003085f                rpl_neighbor_set_preferred_parent
                0x0000000000030916                rpl_neighbor_remove_all
                0x000000000003097c                rpl_neighbor_get_from_ipaddr
                0x0000000000030ab5                rpl_neighbor_select_best
                0x0000000000030b95                rpl_neighbor_init
 .text          0x0000000000030bbc      0xd3d build/cooja/contiki-ng-cooja.a(rpl-timers.o)
                0x0000000000030bbc                rpl_timers_schedule_periodic_dis
                0x0000000000030d72                rpl_timers_dio_reset
                0x0000000000030ef6                rpl_timers_schedule_unicast_dio
                0x00000000000310dd                rpl_timers_schedule_dao
                0x00000000000311e3                rpl_timers_schedule_dao_ack
                0x00000000000312a8                rpl_timers_notify_dao_ack
                0x000000000003131d                get_probing_delay
                0x0000000000031364                get_probing_target
                0x00000000000315a2                rpl_schedule_probing
                0x00000000000315e9                rpl_schedule_probing_now
                0x0000000000031677                rpl_timers_unschedule_leaving
                0x00000000000316c1                rpl_timers_schedule_leaving
                0x000000000003171f                rpl_timers_init
                0x00000000000317d1                rpl_timers_stop_dag_timers
                0x0000000000031873                rpl_timers_unschedule_state_update
                0x00000000000318a0                rpl_timers_schedule_state_update
 .text          0x00000000000318f9       0x34 build/cooja/contiki-ng-cooja.a(assert.o)
                0x00000000000318f9                _xassert
 .text          0x000000000003192d       0x3a build/cooja/contiki-ng-cooja.a(mac.o)
                0x000000000003192d                mac_call_sent_callback
 .text          0x0000000000031967      0xca9 build/cooja/contiki-ng-cooja.a(frame802154.o)
                0x0000000000031995                frame802154_get_pan_id
                0x00000000000319a6                frame802154_set_pan_id
                0x00000000000319c2                frame802154_has_panid
                0x0000000000031ba1                frame802154_check_dest_panid
                0x0000000000031c3f                frame802154_is_broadcast_addr
                0x0000000000031c96                frame802154_extract_linkaddr
                0x0000000000031f30                frame802154_hdrlen
                0x0000000000031faf                frame802154_create_fcf
                0x0000000000032081                frame802154_create
                0x000000000003222b                frame802154_parse_fcf
                0x0000000000032322                frame802154_parse
 .text          0x0000000000032610        0x0 /usr/lib/gcc/x86_64-linux-gnu/11/crtendS.o
 .text          0x0000000000032610        0x0 /usr/lib/gcc/x86_64-linux-gnu/11/../../../x86_64-linux-gnu/crtn.o
 *(.gnu.warning)

.fini           0x0000000000032610        0xd
 *(SORT_NONE(.fini))
 .fini          0x0000000000032610        0x8 /usr/lib/gcc/x86_64-linux-gnu/11/../../../x86_64-linux-gnu/crti.o
                0x0000000000032610                _fini
 .fini          0x0000000000032618        0x5 /usr/lib/gcc/x86_64-linux-gnu/11/../../../x86_64-linux-gnu/crtn.o
                [!provide]                        PROVIDE (__etext = .)
                [!provide]                        PROVIDE (_etext = .)
                [!provide]                        PROVIDE (etext = .)
                0x0000000000033000                . = ALIGN (CONSTANT (MAXPAGESIZE))
                0x0000000000033000                . = SEGMENT_START ("rodata-segment", (ALIGN (CONSTANT (MAXPAGESIZE)) + (. & (CONSTANT (MAXPAGESIZE) - 0x1))))

.rodata         0x0000000000033000      0xd7d
 *(.rodata .rodata.* .gnu.linkonce.r.*)
 .rodata        0x0000000000033000      0x2a8 noise-sensor.o
 .rodata        0x00000000000332a8        0x6 build/cooja/contiki-ng-cooja.a(leds-arch.o)
                0x00000000000332a8                leds_arch_leds
 .rodata        0x00000000000332ae        0x4 build/cooja/contiki-ng-cooja.a(pir-sensor.o)
 .rodata        0x00000000000332b2        0x3 build/cooja/contiki-ng-cooja.a(rs232.o)
 .rodata        0x00000000000332b5        0xa build/cooja/contiki-ng-cooja.a(vib-sensor.o)
 *fill*         0x00000000000332bf        0x1 
 .rodata        0x00000000000332c0       0x26 build/cooja/contiki-ng-cooja.a(cfs-cooja.o)
 *fill*         0x00000000000332e6        0x2 
 .rodata        0x00000000000332e8       0x68 build/cooja/contiki-ng-cooja.a(cooja-radio.o)
 .rodata        0x0000000000033350        0x8 build/cooja/contiki-ng-cooja.a(sensors.o)
 .rodata        0x0000000000033358       0x14 build/cooja/contiki-ng-cooja.a(buttons.o)
                0x0000000000033364                button_hal_button_count
 .rodata        0x000000000003336c      0x29c build/cooja/contiki-ng-cooja.a(mqtt.o)
 .rodata        0x0000000000033608       0xf4 build/cooja/contiki-ng-cooja.a(contiki-main.o)
 .rodata        0x00000000000336fc        0xf build/cooja/contiki-ng-cooja.a(ctimer.o)
 .rodata        0x000000000003370b        0xc build/cooja/contiki-ng-cooja.a(etimer.o)
 *fill*         0x0000000000033717        0x1 
 .rodata        0x0000000000033718       0xc0 build/cooja/contiki-ng-cooja.a(log.o)
 .rodata        0x00000000000337d8       0x13 build/cooja/contiki-ng-cooja.a(button-hal.o)
 .rodata        0x00000000000337eb        0xe build/cooja/contiki-ng-cooja.a(serial-line.o)
 *fill*         0x00000000000337f9        0x7 
 .rodata        0x0000000000033800        0x8 build/cooja/contiki-ng-cooja.a(linkaddr.o)
                0x0000000000033800                linkaddr_null
 *fill*         0x0000000000033808        0x8 
 .rodata        0x0000000000033810      0x280 build/cooja/contiki-ng-cooja.a(strformat.o)
 .rodata        0x0000000000033a90        0x5 build/cooja/contiki-ng-cooja.a(csma.o)
 .rodata        0x0000000000033a95       0x1d build/cooja/contiki-ng-cooja.a(sicslowpan.o)
                0x0000000000033a95                unc_llconf
                0x0000000000033a99                unc_ctxconf
                0x0000000000033a9d                unc_mxconf
                0x0000000000033aa1                llprefix
 .rodata        0x0000000000033ab2       0x13 build/cooja/contiki-ng-cooja.a(tcp-socket.o)
 .rodata        0x0000000000033ac5        0xd build/cooja/contiki-ng-cooja.a(tcpip.o)
 *fill*         0x0000000000033ad2        0x6 
 .rodata        0x0000000000033ad8       0x4c build/cooja/contiki-ng-cooja.a(uip-ds6-route.o)
 .rodata        0x0000000000033b24       0x48 build/cooja/contiki-ng-cooja.a(uip6.o)
 .rodata        0x0000000000033b6c       0x2d build/cooja/contiki-ng-cooja.a(uiplib.o)
 .rodata        0x0000000000033b99        0x9 build/cooja/contiki-ng-cooja.a(rpl.o)
 *fill*         0x0000000000033ba2        0x6 
 .rodata        0x0000000000033ba8       0x2a build/cooja/contiki-ng-cooja.a(csma-output.o)
 .rodata        0x0000000000033bd2       0x44 build/cooja/contiki-ng-cooja.a(uip-sr.o)
 .rodata        0x0000000000033c16       0xd7 build/cooja/contiki-ng-cooja.a(rpl-dag.o)
 *fill*         0x0000000000033ced        0x3 
 .rodata        0x0000000000033cf0       0x58 build/cooja/contiki-ng-cooja.a(rpl-neighbor.o)
 .rodata        0x0000000000033d48        0xc build/cooja/contiki-ng-cooja.a(rpl-timers.o)
 *fill*         0x0000000000033d54        0x4 
 .rodata        0x0000000000033d58       0x25 build/cooja/contiki-ng-cooja.a(assert.o)

.rodata1
 *(.rodata1)

.eh_frame_hdr   0x0000000000033d80     0x18fc
 *(.eh_frame_hdr)
 .eh_frame_hdr  0x0000000000033d80     0x18fc noise-sensor.o
                0x0000000000033d80                __GNU_EH_FRAME_HDR
 *(.eh_frame_entry .eh_frame_entry.*)

.eh_frame       0x0000000000035680     0x6460
 *(.eh_frame)
 .eh_frame      0x0000000000035680       0x40 /usr/lib/gcc/x86_64-linux-gnu/11/../../../x86_64-linux-gnu/crti.o
 .eh_frame      0x00000000000356c0       0x18 /usr/lib/gcc/x86_64-linux-gnu/11/../../../x86_64-linux-gnu/crti.o
                                         0x30 (size before relaxing)
 .eh_frame      0x00000000000356d8       0x18 /usr/lib/gcc/x86_64-linux-gnu/11/../../../x86_64-linux-gnu/crti.o
                                         0x30 (size before relaxing)
 .eh_frame      0x00000000000356f0       0xd0 noise-sensor.o
                                         0xe8 (size before relaxing)
 .eh_frame      0x00000000000357c0      0x198 build/cooja/mtype917848012.o
                                        0x1b0 (size before relaxing)
 .eh_frame      0x0000000000035958       0x40 build/cooja/contiki-ng-cooja.a(simEnvChange.o)
                                         0x58 (size before relaxing)
 .eh_frame      0x0000000000035998       0x60 build/cooja/contiki-ng-cooja.a(cooja_mt.o)
                                         0x78 (size before relaxing)
 .eh_frame      0x00000000000359f8       0x80 build/cooja/contiki-ng-cooja.a(cooja_mtarch.o)
                                         0x98 (size before relaxing)
 .eh_frame      0x0000000000035a78       0xc0 build/cooja/contiki-ng-cooja.a(rtimer-arch.o)
                                         0xd8 (size before relaxing)
 .eh_frame      0x0000000000035b38      0x160 build/cooja/contiki-ng-cooja.a(beep.o)
                                        0x178 (size before relaxing)
 .eh_frame      0x0000000000035c98       0x80 build/cooja/contiki-ng-cooja.a(leds-arch.o)
                                         0x98 (size before relaxing)
 .eh_frame      0x0000000000035d18       0x40 build/cooja/contiki-ng-cooja.a(moteid.o)
                                         0x58 (size before relaxing)
 .eh_frame      0x0000000000035d58       0xa0 build/cooja/contiki-ng-cooja.a(pir-sensor.o)
                                         0xb8 (size before relaxing)
 .eh_frame      0x0000000000035df8      0x100 build/cooja/contiki-ng-cooja.a(rs232.o)
                                        0x118 (size before relaxing)
 .eh_frame      0x0000000000035ef8       0xa0 build/cooja/contiki-ng-cooja.a(vib-sensor.o)
                                         0xb8 (size before relaxing)
 .eh_frame      0x0000000000035f98       0xc0 build/cooja/contiki-ng-cooja.a(clock.o)
                                         0xd8 (size before relaxing)
 .eh_frame      0x0000000000036058      0x100 build/cooja/contiki-ng-cooja.a(cooja-log.o)
                                        0x118 (size before relaxing)
 .eh_frame      0x0000000000036158      0x160 build/cooja/contiki-ng-cooja.a(cfs-cooja.o)
                                        0x178 (size before relaxing)
 .eh_frame      0x00000000000362b8      0x360 build/cooja/contiki-ng-cooja.a(cooja-radio.o)
                                        0x378 (size before relaxing)
 .eh_frame      0x0000000000036618       0xa0 build/cooja/contiki-ng-cooja.a(eeprom.o)
                                         0xb8 (size before relaxing)
 .eh_frame      0x00000000000366b8       0x40 build/cooja/contiki-ng-cooja.a(random.o)
                                         0x58 (size before relaxing)
 .eh_frame      0x00000000000366f8       0xc0 build/cooja/contiki-ng-cooja.a(sensors.o)
                                         0xd8 (size before relaxing)
 .eh_frame      0x00000000000367b8      0x120 build/cooja/contiki-ng-cooja.a(leds.o)
                                        0x138 (size before relaxing)
 .eh_frame      0x00000000000368d8      0x220 build/cooja/contiki-ng-cooja.a(gpio-hal-arch.o)
                                        0x238 (size before relaxing)
 .eh_frame      0x0000000000036af8       0xa0 build/cooja/contiki-ng-cooja.a(buttons.o)
                                         0xb8 (size before relaxing)
 .eh_frame      0x0000000000036b98      0x4e0 build/cooja/contiki-ng-cooja.a(mqtt.o)
                                        0x4f8 (size before relaxing)
 .eh_frame      0x0000000000037078       0x20 build/cooja/contiki-ng-cooja.a(contiki-main.o)
                                         0x38 (size before relaxing)
 .eh_frame      0x0000000000037098       0x40 build/cooja/contiki-ng-cooja.a(autostart.o)
                                         0x58 (size before relaxing)
 .eh_frame      0x00000000000370d8      0x100 build/cooja/contiki-ng-cooja.a(ctimer.o)
                                        0x118 (size before relaxing)
 .eh_frame      0x00000000000371d8       0x60 build/cooja/contiki-ng-cooja.a(energest.o)
                                         0x78 (size before relaxing)
 .eh_frame      0x0000000000037238      0x1e0 build/cooja/contiki-ng-cooja.a(etimer.o)
                                        0x1f8 (size before relaxing)
 .eh_frame      0x0000000000037418      0x120 build/cooja/contiki-ng-cooja.a(log.o)
                                        0x138 (size before relaxing)
 .eh_frame      0x0000000000037538       0x20 build/cooja/contiki-ng-cooja.a(node-id.o)
                                         0x38 (size before relaxing)
 .eh_frame      0x0000000000037558      0x1c8 build/cooja/contiki-ng-cooja.a(process.o)
                                        0x1e0 (size before relaxing)
 .eh_frame      0x0000000000037720       0x60 build/cooja/contiki-ng-cooja.a(rtimer.o)
                                         0x78 (size before relaxing)
 .eh_frame      0x0000000000037780       0xa0 build/cooja/contiki-ng-cooja.a(timer.o)
                                         0xb8 (size before relaxing)
 .eh_frame      0x0000000000037820      0x1a0 build/cooja/contiki-ng-cooja.a(list.o)
                                        0x1b8 (size before relaxing)
 .eh_frame      0x00000000000379c0      0x160 build/cooja/contiki-ng-cooja.a(button-hal.o)
                                        0x178 (size before relaxing)
 .eh_frame      0x0000000000037b20       0xe0 build/cooja/contiki-ng-cooja.a(gpio-hal.o)
                                         0xf8 (size before relaxing)
 .eh_frame      0x0000000000037c00       0x60 build/cooja/contiki-ng-cooja.a(serial-line.o)
                                         0x78 (size before relaxing)
 .eh_frame      0x0000000000037c60       0x60 build/cooja/contiki-ng-cooja.a(linkaddr.o)
                                         0x78 (size before relaxing)
 .eh_frame      0x0000000000037cc0       0x80 build/cooja/contiki-ng-cooja.a(netstack.o)
                                         0x98 (size before relaxing)
 .eh_frame      0x0000000000037d40      0x288 build/cooja/contiki-ng-cooja.a(packetbuf.o)
                                        0x2a0 (size before relaxing)
 .eh_frame      0x0000000000037fc8      0x1a0 build/cooja/contiki-ng-cooja.a(queuebuf.o)
                                        0x1b8 (size before relaxing)
 .eh_frame      0x0000000000038168       0x40 build/cooja/contiki-ng-cooja.a(printf.o)
                                         0x58 (size before relaxing)
 .eh_frame      0x00000000000381a8       0x20 build/cooja/contiki-ng-cooja.a(putchar.o)
                                         0x38 (size before relaxing)
 .eh_frame      0x00000000000381c8       0x20 build/cooja/contiki-ng-cooja.a(puts.o)
                                         0x38 (size before relaxing)
 .eh_frame      0x00000000000381e8       0x60 build/cooja/contiki-ng-cooja.a(snprintf.o)
                                         0x78 (size before relaxing)
 .eh_frame      0x0000000000038248       0x40 build/cooja/contiki-ng-cooja.a(sprintf.o)
                                         0x58 (size before relaxing)
 .eh_frame      0x0000000000038288      0x120 build/cooja/contiki-ng-cooja.a(strformat.o)
                                        0x138 (size before relaxing)
 .eh_frame      0x00000000000383a8       0xe0 build/cooja/contiki-ng-cooja.a(csma.o)
                                         0xf8 (size before relaxing)
 .eh_frame      0x0000000000038488      0x2e0 build/cooja/contiki-ng-cooja.a(sicslowpan.o)
                                        0x2f8 (size before relaxing)
 .eh_frame      0x0000000000038768      0x248 build/cooja/contiki-ng-cooja.a(tcp-socket.o)
                                        0x260 (size before relaxing)
 .eh_frame      0x00000000000389b0      0x308 build/cooja/contiki-ng-cooja.a(tcpip.o)
                                        0x320 (size before relaxing)
 .eh_frame      0x0000000000038cb8      0x1c0 build/cooja/contiki-ng-cooja.a(uip-ds6-nbr.o)
                                        0x1d8 (size before relaxing)
 .eh_frame      0x0000000000038e78      0x240 build/cooja/contiki-ng-cooja.a(uip-ds6-route.o)
                                        0x258 (size before relaxing)
 .eh_frame      0x00000000000390b8      0x328 build/cooja/contiki-ng-cooja.a(uip-ds6.o)
                                        0x340 (size before relaxing)
 .eh_frame      0x00000000000393e0       0xe0 build/cooja/contiki-ng-cooja.a(uip-packetqueue.o)
                                         0xf8 (size before relaxing)
 .eh_frame      0x00000000000394c0      0x2b0 build/cooja/contiki-ng-cooja.a(uip6.o)
                                        0x2c8 (size before relaxing)
 .eh_frame      0x0000000000039770      0x200 build/cooja/contiki-ng-cooja.a(uipbuf.o)
                                        0x218 (size before relaxing)
 .eh_frame      0x0000000000039970       0x80 build/cooja/contiki-ng-cooja.a(uiplib.o)
                                         0x98 (size before relaxing)
 .eh_frame      0x00000000000399f0      0x1e0 build/cooja/contiki-ng-cooja.a(rpl.o)
                                        0x1f8 (size before relaxing)
 .eh_frame      0x0000000000039bd0       0xa0 build/cooja/contiki-ng-cooja.a(watchdog.o)
                                         0xb8 (size before relaxing)
 .eh_frame      0x0000000000039c70       0x80 build/cooja/contiki-ng-cooja.a(int-master.o)
                                         0x98 (size before relaxing)
 .eh_frame      0x0000000000039cf0       0xc0 build/cooja/contiki-ng-cooja.a(stimer.o)
                                         0xd8 (size before relaxing)
 .eh_frame      0x0000000000039db0       0xa0 build/cooja/contiki-ng-cooja.a(memb.o)
                                         0xb8 (size before relaxing)
 .eh_frame      0x0000000000039e50       0xa0 build/cooja/contiki-ng-cooja.a(ringbuf.o)
                                         0xb8 (size before relaxing)
 .eh_frame      0x0000000000039ef0      0x120 build/cooja/contiki-ng-cooja.a(link-stats.o)
                                        0x138 (size before relaxing)
 .eh_frame      0x000000000003a010      0x3e0 build/cooja/contiki-ng-cooja.a(nbr-table.o)
                                        0x3f8 (size before relaxing)
 .eh_frame      0x000000000003a3f0       0x48 build/cooja/contiki-ng-cooja.a(mac-sequence.o)
                                         0x60 (size before relaxing)
 .eh_frame      0x000000000003a438       0xa8 build/cooja/contiki-ng-cooja.a(framer-802154.o)
                                         0xc0 (size before relaxing)
 .eh_frame      0x000000000003a4e0      0x1c8 build/cooja/contiki-ng-cooja.a(csma-output.o)
                                        0x1e0 (size before relaxing)
 .eh_frame      0x000000000003a6a8       0x40 build/cooja/contiki-ng-cooja.a(csma-security.o)
                                         0x58 (size before relaxing)
 .eh_frame      0x000000000003a6e8      0x148 build/cooja/contiki-ng-cooja.a(uip-icmp6.o)
                                        0x160 (size before relaxing)
 .eh_frame      0x000000000003a830       0x80 build/cooja/contiki-ng-cooja.a(uip-nd6.o)
                                         0x98 (size before relaxing)
 .eh_frame      0x000000000003a8b0      0x180 build/cooja/contiki-ng-cooja.a(uip-sr.o)
                                        0x198 (size before relaxing)
 .eh_frame      0x000000000003aa30       0xa0 build/cooja/contiki-ng-cooja.a(rpl-dag-root.o)
                                         0xb8 (size before relaxing)
 .eh_frame      0x000000000003aad0      0x360 build/cooja/contiki-ng-cooja.a(rpl-dag.o)
                                        0x378 (size before relaxing)
 .eh_frame      0x000000000003ae30      0x128 build/cooja/contiki-ng-cooja.a(rpl-ext-header.o)
                                        0x140 (size before relaxing)
 .eh_frame      0x000000000003af58      0x1c0 build/cooja/contiki-ng-cooja.a(rpl-icmp6.o)
                                        0x1d8 (size before relaxing)
 .eh_frame      0x000000000003b118      0x148 build/cooja/contiki-ng-cooja.a(rpl-mrhof.o)
                                        0x160 (size before relaxing)
 .eh_frame      0x000000000003b260       0x40 build/cooja/contiki-ng-cooja.a(rpl-nbr-policy.o)
                                         0x58 (size before relaxing)
 .eh_frame      0x000000000003b2a0      0x2b0 build/cooja/contiki-ng-cooja.a(rpl-neighbor.o)
                                        0x2c8 (size before relaxing)
 .eh_frame      0x000000000003b550      0x3a8 build/cooja/contiki-ng-cooja.a(rpl-timers.o)
                                        0x3c0 (size before relaxing)
 .eh_frame      0x000000000003b8f8       0x20 build/cooja/contiki-ng-cooja.a(assert.o)
                                         0x38 (size before relaxing)
 .eh_frame      0x000000000003b918       0x20 build/cooja/contiki-ng-cooja.a(mac.o)
                                         0x38 (size before relaxing)
 .eh_frame      0x000000000003b938      0x1a4 build/cooja/contiki-ng-cooja.a(frame802154.o)
                                        0x1c0 (size before relaxing)
 .eh_frame      0x000000000003badc        0x4 /usr/lib/gcc/x86_64-linux-gnu/11/crtendS.o
 *(.eh_frame.*)

.gcc_except_table
 *(.gcc_except_table .gcc_except_table.*)

.gnu_extab
 *(.gnu_extab*)

.exception_ranges
 *(.exception_ranges*)
                0x000000000003d6d0                . = DATA_SEGMENT_ALIGN (CONSTANT (MAXPAGESIZE), CONSTANT (COMMONPAGESIZE))

.eh_frame
 *(.eh_frame)
 *(.eh_frame.*)

.gnu_extab
 *(.gnu_extab)

.gcc_except_table
 *(.gcc_except_table .gcc_except_table.*)

.exception_ranges
 *(.exception_ranges*)

.tdata
 *(.tdata .tdata.* .gnu.linkonce.td.*)

.tbss
 *(.tbss .tbss.* .gnu.linkonce.tb.*)
 *(.tcommon)

.preinit_array
 *(.preinit_array)

.init_array     0x000000000003d6d0        0x8
 *(SORT_BY_INIT_PRIORITY(.init_array.*) SORT_BY_INIT_PRIORITY(.ctors.*))
 *(.init_array EXCLUDE_FILE(*crtend?.o *crtend.o *crtbegin?.o *crtbegin.o) .ctors)
 .init_array    0x000000000003d6d0        0x8 /usr/lib/gcc/x86_64-linux-gnu/11/crtbeginS.o

.fini_array     0x000000000003d6d8        0x8
 *(SORT_BY_INIT_PRIORITY(.fini_array.*) SORT_BY_INIT_PRIORITY(.dtors.*))
 *(.fini_array EXCLUDE_FILE(*crtend?.o *crtend.o *crtbegin?.o *crtbegin.o) .dtors)
 .fini_array    0x000000000003d6d8        0x8 /usr/lib/gcc/x86_64-linux-gnu/11/crtbeginS.o

.ctors
 *crtbegin.o(.ctors)
 *crtbegin?.o(.ctors)
 *(EXCLUDE_FILE(*crtend?.o *crtend.o) .ctors)
 *(SORT_BY_NAME(.ctors.*))
 *(.ctors)

.dtors
 *crtbegin.o(.dtors)
 *crtbegin?.o(.dtors)
 *(EXCLUDE_FILE(*crtend?.o *crtend.o) .dtors)
 *(SORT_BY_NAME(.dtors.*))
 *(.dtors)

.jcr
 *(.jcr)

.data.rel.ro    0x000000000003d6e0      0x350
 *(.data.rel.ro.local* .gnu.linkonce.d.rel.ro.local.*)
 .data.rel.ro.local
                0x000000000003d6e0       0x10 build/cooja/contiki-ng-cooja.a(beep.o)
                0x000000000003d6e0                beep_interface
 .data.rel.ro.local
                0x000000000003d6f0       0x10 build/cooja/contiki-ng-cooja.a(leds-arch.o)
                0x000000000003d6f0                leds_interface
 .data.rel.ro.local
                0x000000000003d700       0x10 build/cooja/contiki-ng-cooja.a(moteid.o)
                0x000000000003d700                moteid_interface
 *fill*         0x000000000003d710       0x10 
 .data.rel.ro.local
                0x000000000003d720       0x40 build/cooja/contiki-ng-cooja.a(pir-sensor.o)
                0x000000000003d720                pir_interface
                0x000000000003d740                pir_sensor
 .data.rel.ro.local
                0x000000000003d760       0x10 build/cooja/contiki-ng-cooja.a(rs232.o)
                0x000000000003d760                rs232_interface
 *fill*         0x000000000003d770       0x10 
 .data.rel.ro.local
                0x000000000003d780       0x40 build/cooja/contiki-ng-cooja.a(vib-sensor.o)
                0x000000000003d780                vib_interface
                0x000000000003d7a0                vib_sensor
 .data.rel.ro.local
                0x000000000003d7c0       0x10 build/cooja/contiki-ng-cooja.a(clock.o)
                0x000000000003d7c0                clock_interface
 .data.rel.ro.local
                0x000000000003d7d0       0x10 build/cooja/contiki-ng-cooja.a(cooja-log.o)
                0x000000000003d7d0                simlog_interface
 .data.rel.ro.local
                0x000000000003d7e0       0x10 build/cooja/contiki-ng-cooja.a(cfs-cooja.o)
                0x000000000003d7e0                cfs_interface
 *fill*         0x000000000003d7f0       0x10 
 .data.rel.ro.local
                0x000000000003d800       0x90 build/cooja/contiki-ng-cooja.a(cooja-radio.o)
                0x000000000003d800                radio_interface
                0x000000000003d820                cooja_radio_driver
 .data.rel.ro.local
                0x000000000003d890       0x10 build/cooja/contiki-ng-cooja.a(eeprom.o)
                0x000000000003d890                eeprom_interface
 .data.rel.ro.local
                0x000000000003d8a0       0x40 build/cooja/contiki-ng-cooja.a(buttons.o)
                0x000000000003d8a0                button_interface
                0x000000000003d8c0                button_sensor
 .data.rel.ro.local
                0x000000000003d8e0       0x38 build/cooja/contiki-ng-cooja.a(csma.o)
                0x000000000003d8e0                csma_driver
 *fill*         0x000000000003d918        0x8 
 .data.rel.ro.local
                0x000000000003d920       0x18 build/cooja/contiki-ng-cooja.a(framer-802154.o)
                0x000000000003d920                framer_802154
 *(.data.rel.ro .data.rel.ro.* .gnu.linkonce.d.rel.ro.*)
 .data.rel.ro   0x000000000003d938        0x0 /usr/lib/gcc/x86_64-linux-gnu/11/../../../x86_64-linux-gnu/crti.o
 *fill*         0x000000000003d938        0x8 
 .data.rel.ro   0x000000000003d940       0x10 noise-sensor.o
                0x000000000003d940                autostart_processes
 *fill*         0x000000000003d950       0x10 
 .data.rel.ro   0x000000000003d960       0x20 build/cooja/contiki-ng-cooja.a(sicslowpan.o)
                0x000000000003d960                sicslowpan_driver
 .data.rel.ro   0x000000000003d980       0xa8 build/cooja/contiki-ng-cooja.a(rpl.o)
                0x000000000003d980                rpl_lite_driver
 .data.rel.ro   0x000000000003da28        0x8 build/cooja/contiki-ng-cooja.a(rpl-dag.o)

.dynamic        0x000000000003da30      0x1c0
 *(.dynamic)
 .dynamic       0x000000000003da30      0x1c0 /usr/lib/gcc/x86_64-linux-gnu/11/../../../x86_64-linux-gnu/crti.o
                0x000000000003da30                _DYNAMIC

.got            0x000000000003dbf0      0x400
 *(.got)
 .got           0x000000000003dbf0      0x400 /usr/lib/gcc/x86_64-linux-gnu/11/../../../x86_64-linux-gnu/crti.o
 *(.igot)
                0x000000000003efe8                . = DATA_SEGMENT_RELRO_END (., (SIZEOF (.got.plt) >= 0x18)?0x18:0x0)

.got.plt        0x000000000003e000      0xbd0
 *(.got.plt)
 .got.plt       0x000000000003e000      0xbd0 /usr/lib/gcc/x86_64-linux-gnu/11/../../../x86_64-linux-gnu/crti.o
                0x000000000003e000                _GLOBAL_OFFSET_TABLE_
 *(.igot.plt)

.data           0x000000000003ebe0      0x812
 *(.data .data.* .gnu.linkonce.d.*)
 .data          0x000000000003ebe0        0x0 /usr/lib/gcc/x86_64-linux-gnu/11/../../../x86_64-linux-gnu/crti.o
 .data          0x000000000003ebe0        0x0 /usr/lib/gcc/x86_64-linux-gnu/11/crtbeginS.o
 .data.rel.local
                0x000000000003ebe0        0x8 /usr/lib/gcc/x86_64-linux-gnu/11/crtbeginS.o
                0x000000000003ebe0                __dso_handle
 .data          0x000000000003ebe8        0x8 noise-sensor.o
 *fill*         0x000000000003ebf0       0x10 
 .data.rel.local
                0x000000000003ec00       0x40 noise-sensor.o
                0x000000000003ec20                mqtt_noise_sensor
 .data          0x000000000003ec40        0x0 build/cooja/mtype917848012.o
 .data.rel      0x000000000003ec40       0xa0 build/cooja/mtype917848012.o
                0x000000000003ec40                simInterfaces
                0x000000000003ecc0                sensors
 .data          0x000000000003ece0        0x0 build/cooja/contiki-ng-cooja.a(simEnvChange.o)
 .data          0x000000000003ece0        0x0 build/cooja/contiki-ng-cooja.a(cooja_mt.o)
 .data          0x000000000003ece0        0x0 build/cooja/contiki-ng-cooja.a(cooja_mtarch.o)
 .data          0x000000000003ece0        0x0 build/cooja/contiki-ng-cooja.a(rtimer-arch.o)
 .data          0x000000000003ece0        0x0 build/cooja/contiki-ng-cooja.a(beep.o)
 .data          0x000000000003ece0        0x0 build/cooja/contiki-ng-cooja.a(leds-arch.o)
 .data          0x000000000003ece0        0x0 build/cooja/contiki-ng-cooja.a(moteid.o)
 .data          0x000000000003ece0        0x0 build/cooja/contiki-ng-cooja.a(pir-sensor.o)
 .data          0x000000000003ece0        0x0 build/cooja/contiki-ng-cooja.a(rs232.o)
 .data          0x000000000003ece0        0x0 build/cooja/contiki-ng-cooja.a(vib-sensor.o)
 .data          0x000000000003ece0        0x0 build/cooja/contiki-ng-cooja.a(clock.o)
 .data          0x000000000003ece0        0x0 build/cooja/contiki-ng-cooja.a(cooja-log.o)
 .data          0x000000000003ece0        0x0 build/cooja/contiki-ng-cooja.a(cfs-cooja.o)
 .data          0x000000000003ece0       0x20 build/cooja/contiki-ng-cooja.a(cooja-radio.o)
                0x000000000003ece0                simRadioHWOn
                0x000000000003ece4                simSignalStrength
                0x000000000003ece8                simLastSignalStrength
                0x000000000003ecec                simPower
                0x000000000003ecf0                simRadioChannel
                0x000000000003ecf4                simLQI
                0x000000000003ecf8                simLastLQI
 .data.rel.local
                0x000000000003ed00       0x20 build/cooja/contiki-ng-cooja.a(cooja-radio.o)
                0x000000000003ed00                cooja_radio_process
 .data          0x000000000003ed20        0x0 build/cooja/contiki-ng-cooja.a(eeprom.o)
 .data          0x000000000003ed20        0x0 build/cooja/contiki-ng-cooja.a(random.o)
 .data          0x000000000003ed20        0x0 build/cooja/contiki-ng-cooja.a(sensors.o)
 .data.rel.local
                0x000000000003ed20       0x20 build/cooja/contiki-ng-cooja.a(sensors.o)
                0x000000000003ed20                sensors_process
 .data          0x000000000003ed40        0x0 build/cooja/contiki-ng-cooja.a(leds.o)
 .data          0x000000000003ed40        0x0 build/cooja/contiki-ng-cooja.a(gpio-hal-arch.o)
 .data          0x000000000003ed40        0x1 build/cooja/contiki-ng-cooja.a(buttons.o)
                0x000000000003ed40                simButtonIsActive
 *fill*         0x000000000003ed41       0x1f 
 .data.rel.local
                0x000000000003ed60       0xb0 build/cooja/contiki-ng-cooja.a(buttons.o)
                0x000000000003ee00                button_hal_buttons
 .data          0x000000000003ee10        0x0 build/cooja/contiki-ng-cooja.a(mqtt.o)
 *fill*         0x000000000003ee10       0x10 
 .data.rel.local
                0x000000000003ee20       0x40 build/cooja/contiki-ng-cooja.a(mqtt.o)
                0x000000000003ee40                mqtt_process
 .data          0x000000000003ee60        0x0 build/cooja/contiki-ng-cooja.a(contiki-main.o)
 .data          0x000000000003ee60        0x0 build/cooja/contiki-ng-cooja.a(autostart.o)
 .data          0x000000000003ee60        0x0 build/cooja/contiki-ng-cooja.a(ctimer.o)
 .data.rel.local
                0x000000000003ee60       0x40 build/cooja/contiki-ng-cooja.a(ctimer.o)
                0x000000000003ee80                ctimer_process
 .data          0x000000000003eea0        0x0 build/cooja/contiki-ng-cooja.a(energest.o)
 .data          0x000000000003eea0        0x0 build/cooja/contiki-ng-cooja.a(etimer.o)
 .data.rel.local
                0x000000000003eea0       0x20 build/cooja/contiki-ng-cooja.a(etimer.o)
                0x000000000003eea0                etimer_process
 .data          0x000000000003eec0        0x4 build/cooja/contiki-ng-cooja.a(log.o)
                0x000000000003eec0                curr_log_level_main
 *fill*         0x000000000003eec4       0x1c 
 .data.rel      0x000000000003eee0      0x138 build/cooja/contiki-ng-cooja.a(log.o)
                0x000000000003eee0                all_modules
 .data          0x000000000003f018        0x0 build/cooja/contiki-ng-cooja.a(node-id.o)
 .data          0x000000000003f018        0x0 build/cooja/contiki-ng-cooja.a(process.o)
 .data          0x000000000003f018        0x0 build/cooja/contiki-ng-cooja.a(rtimer.o)
 .data          0x000000000003f018        0x0 build/cooja/contiki-ng-cooja.a(timer.o)
 .data          0x000000000003f018        0x0 build/cooja/contiki-ng-cooja.a(list.o)
 .data          0x000000000003f018        0x0 build/cooja/contiki-ng-cooja.a(button-hal.o)
 *fill*         0x000000000003f018        0x8 
 .data.rel.local
                0x000000000003f020       0x20 build/cooja/contiki-ng-cooja.a(button-hal.o)
                0x000000000003f020                button_hal_process
 .data          0x000000000003f040        0x0 build/cooja/contiki-ng-cooja.a(gpio-hal.o)
 .data.rel.local
                0x000000000003f040        0x8 build/cooja/contiki-ng-cooja.a(gpio-hal.o)
 .data          0x000000000003f048        0x0 build/cooja/contiki-ng-cooja.a(serial-line.o)
 *fill*         0x000000000003f048       0x18 
 .data.rel.local
                0x000000000003f060       0x20 build/cooja/contiki-ng-cooja.a(serial-line.o)
                0x000000000003f060                serial_line_process
 .data          0x000000000003f080        0x0 build/cooja/contiki-ng-cooja.a(linkaddr.o)
 .data          0x000000000003f080        0x0 build/cooja/contiki-ng-cooja.a(netstack.o)
 .data.rel.local
                0x000000000003f080        0x8 build/cooja/contiki-ng-cooja.a(netstack.o)
 .data          0x000000000003f088        0x0 build/cooja/contiki-ng-cooja.a(packetbuf.o)
 .data.rel.local
                0x000000000003f088        0x8 build/cooja/contiki-ng-cooja.a(packetbuf.o)
 .data          0x000000000003f090        0x0 build/cooja/contiki-ng-cooja.a(queuebuf.o)
 .data.rel.local
                0x000000000003f090       0x38 build/cooja/contiki-ng-cooja.a(queuebuf.o)
 .data          0x000000000003f0c8        0x0 build/cooja/contiki-ng-cooja.a(printf.o)
 *fill*         0x000000000003f0c8        0x8 
 .data.rel.local
                0x000000000003f0d0       0x10 build/cooja/contiki-ng-cooja.a(printf.o)
 .data          0x000000000003f0e0        0x0 build/cooja/contiki-ng-cooja.a(putchar.o)
 .data          0x000000000003f0e0        0x0 build/cooja/contiki-ng-cooja.a(puts.o)
 .data          0x000000000003f0e0        0x0 build/cooja/contiki-ng-cooja.a(snprintf.o)
 .data          0x000000000003f0e0        0x0 build/cooja/contiki-ng-cooja.a(sprintf.o)
 .data          0x000000000003f0e0        0x0 build/cooja/contiki-ng-cooja.a(strformat.o)
 .data          0x000000000003f0e0        0x0 build/cooja/contiki-ng-cooja.a(csma.o)
 .data          0x000000000003f0e0        0x0 build/cooja/contiki-ng-cooja.a(sicslowpan.o)
 .data          0x000000000003f0e0        0x0 build/cooja/contiki-ng-cooja.a(tcp-socket.o)
 .data.rel.local
                0x000000000003f0e0       0x40 build/cooja/contiki-ng-cooja.a(tcp-socket.o)
                0x000000000003f100                tcp_socket_process
 .data          0x000000000003f120        0x0 build/cooja/contiki-ng-cooja.a(tcpip.o)
 .data.rel.local
                0x000000000003f120       0x20 build/cooja/contiki-ng-cooja.a(tcpip.o)
                0x000000000003f120                tcpip_process
 .data          0x000000000003f140        0x0 build/cooja/contiki-ng-cooja.a(uip-ds6-nbr.o)
 .data.rel.local
                0x000000000003f140       0x20 build/cooja/contiki-ng-cooja.a(uip-ds6-nbr.o)
 .data          0x000000000003f160        0x0 build/cooja/contiki-ng-cooja.a(uip-ds6-route.o)
 .data.rel.local
                0x000000000003f160       0x28 build/cooja/contiki-ng-cooja.a(uip-ds6-route.o)
 .data          0x000000000003f188        0x0 build/cooja/contiki-ng-cooja.a(uip-ds6.o)
 .data          0x000000000003f188        0x0 build/cooja/contiki-ng-cooja.a(uip-packetqueue.o)
 *fill*         0x000000000003f188        0x8 
 .data.rel.local
                0x000000000003f190       0x18 build/cooja/contiki-ng-cooja.a(uip-packetqueue.o)
 .data          0x000000000003f1a8        0x0 build/cooja/contiki-ng-cooja.a(uip6.o)
 .data          0x000000000003f1a8        0x0 build/cooja/contiki-ng-cooja.a(uipbuf.o)
 .data          0x000000000003f1a8        0x0 build/cooja/contiki-ng-cooja.a(uiplib.o)
 .data          0x000000000003f1a8        0x0 build/cooja/contiki-ng-cooja.a(rpl.o)
 .data          0x000000000003f1a8        0x0 build/cooja/contiki-ng-cooja.a(watchdog.o)
 .data          0x000000000003f1a8        0x0 build/cooja/contiki-ng-cooja.a(int-master.o)
 .data          0x000000000003f1a8        0x0 build/cooja/contiki-ng-cooja.a(stimer.o)
 .data          0x000000000003f1a8        0x0 build/cooja/contiki-ng-cooja.a(memb.o)
 .data          0x000000000003f1a8        0x0 build/cooja/contiki-ng-cooja.a(ringbuf.o)
 .data          0x000000000003f1a8        0x0 build/cooja/contiki-ng-cooja.a(link-stats.o)
 *fill*         0x000000000003f1a8        0x8 
 .data.rel.local
                0x000000000003f1b0       0x20 build/cooja/contiki-ng-cooja.a(link-stats.o)
 .data          0x000000000003f1d0        0x0 build/cooja/contiki-ng-cooja.a(nbr-table.o)
 .data.rel.local
                0x000000000003f1d0       0x20 build/cooja/contiki-ng-cooja.a(nbr-table.o)
 .data          0x000000000003f1f0        0x0 build/cooja/contiki-ng-cooja.a(mac-sequence.o)
 .data          0x000000000003f1f0        0x0 build/cooja/contiki-ng-cooja.a(framer-802154.o)
 .data          0x000000000003f1f0        0x0 build/cooja/contiki-ng-cooja.a(csma-output.o)
 .data.rel.local
                0x000000000003f1f0       0x60 build/cooja/contiki-ng-cooja.a(csma-output.o)
 .data          0x000000000003f250        0x0 build/cooja/contiki-ng-cooja.a(csma-security.o)
 .data          0x000000000003f250        0x0 build/cooja/contiki-ng-cooja.a(uip-icmp6.o)
 .data.rel.local
                0x000000000003f250       0x48 build/cooja/contiki-ng-cooja.a(uip-icmp6.o)
 .data          0x000000000003f298        0x0 build/cooja/contiki-ng-cooja.a(uip-nd6.o)
 *fill*         0x000000000003f298        0x8 
 .data.rel.local
                0x000000000003f2a0       0x18 build/cooja/contiki-ng-cooja.a(uip-nd6.o)
 .data          0x000000000003f2b8        0x0 build/cooja/contiki-ng-cooja.a(uip-sr.o)
 *fill*         0x000000000003f2b8        0x8 
 .data.rel.local
                0x000000000003f2c0       0x28 build/cooja/contiki-ng-cooja.a(uip-sr.o)
 .data          0x000000000003f2e8        0x0 build/cooja/contiki-ng-cooja.a(rpl-dag-root.o)
 .data          0x000000000003f2e8        0x0 build/cooja/contiki-ng-cooja.a(rpl-dag.o)
 .data          0x000000000003f2e8        0x0 build/cooja/contiki-ng-cooja.a(rpl-ext-header.o)
 .data          0x000000000003f2e8        0x0 build/cooja/contiki-ng-cooja.a(rpl-icmp6.o)
 *fill*         0x000000000003f2e8        0x8 
 .data.rel.local
                0x000000000003f2f0       0x78 build/cooja/contiki-ng-cooja.a(rpl-icmp6.o)
 .data          0x000000000003f368        0x0 build/cooja/contiki-ng-cooja.a(rpl-mrhof.o)
 *fill*         0x000000000003f368       0x18 
 .data.rel.local
                0x000000000003f380       0x48 build/cooja/contiki-ng-cooja.a(rpl-mrhof.o)
                0x000000000003f380                rpl_mrhof
 .data          0x000000000003f3c8        0x0 build/cooja/contiki-ng-cooja.a(rpl-nbr-policy.o)
 .data          0x000000000003f3c8        0x0 build/cooja/contiki-ng-cooja.a(rpl-neighbor.o)
 *fill*         0x000000000003f3c8        0x8 
 .data.rel.local
                0x000000000003f3d0       0x20 build/cooja/contiki-ng-cooja.a(rpl-neighbor.o)
                0x000000000003f3e8                rpl_neighbors
 .data          0x000000000003f3f0        0x0 build/cooja/contiki-ng-cooja.a(rpl-timers.o)
 .data          0x000000000003f3f0        0x0 build/cooja/contiki-ng-cooja.a(assert.o)
 .data          0x000000000003f3f0        0x0 build/cooja/contiki-ng-cooja.a(mac.o)
 .data          0x000000000003f3f0        0x2 build/cooja/contiki-ng-cooja.a(frame802154.o)
 .data          0x000000000003f3f2        0x0 /usr/lib/gcc/x86_64-linux-gnu/11/crtendS.o
 .data          0x000000000003f3f2        0x0 /usr/lib/gcc/x86_64-linux-gnu/11/../../../x86_64-linux-gnu/crtn.o

.tm_clone_table
                0x000000000003f3f8        0x0
 .tm_clone_table
                0x000000000003f3f8        0x0 /usr/lib/gcc/x86_64-linux-gnu/11/crtbeginS.o
 .tm_clone_table
                0x000000000003f3f8        0x0 /usr/lib/gcc/x86_64-linux-gnu/11/crtendS.o

.data1
 *(.data1)
                [!provide]                        PROVIDE (_edata = .)
                [!provide]                        PROVIDE (edata = .)
                0x000000000003f3f8                . = .
                [!provide]                        PROVIDE (__bss_start = .)

.bss            0x000000000003f400    0x182c0
 *(.dynbss)
 .dynbss        0x000000000003f400        0x0 /usr/lib/gcc/x86_64-linux-gnu/11/../../../x86_64-linux-gnu/crti.o
 *(.bss .bss.* .gnu.linkonce.b.*)
 .bss           0x000000000003f400        0x0 /usr/lib/gcc/x86_64-linux-gnu/11/../../../x86_64-linux-gnu/crti.o
 .bss           0x000000000003f400        0x1 /usr/lib/gcc/x86_64-linux-gnu/11/crtbeginS.o
 *fill*         0x000000000003f401       0x1f 
 .bss           0x000000000003f420      0xc06 noise-sensor.o
                0x000000000003f420                status
                0x000000000003f440                broker_address
 *fill*         0x0000000000040026       0x1a 
 .bss           0x0000000000040040     0x4060 build/cooja/mtype917848012.o
                0x0000000000040040                sensors_flags
                0x0000000000040048                referenceVar
 .bss           0x00000000000440a0       0x18 build/cooja/contiki-ng-cooja.a(simEnvChange.o)
                0x00000000000440a0                simDontFallAsleep
                0x00000000000440a4                simProcessRunValue
                0x00000000000440a8                simEtimerPending
                0x00000000000440b0                simEtimerNextExpirationTime
 .bss           0x00000000000440b8        0x8 build/cooja/contiki-ng-cooja.a(cooja_mt.o)
 .bss           0x00000000000440c0        0x8 build/cooja/contiki-ng-cooja.a(cooja_mtarch.o)
 .bss           0x00000000000440c8       0x18 build/cooja/contiki-ng-cooja.a(rtimer-arch.o)
                0x00000000000440c8                simRtimerPending
                0x00000000000440d0                simRtimerNextExpirationTime
                0x00000000000440d8                simRtimerCurrentTicks
 .bss           0x00000000000440e0        0x1 build/cooja/contiki-ng-cooja.a(beep.o)
                0x00000000000440e0                simBeeped
 .bss           0x00000000000440e1        0x1 build/cooja/contiki-ng-cooja.a(leds-arch.o)
                0x00000000000440e1                simLedsValue
 *fill*         0x00000000000440e2        0x2 
 .bss           0x00000000000440e4        0xc build/cooja/contiki-ng-cooja.a(moteid.o)
                0x00000000000440e4                simMoteID
                0x00000000000440e8                simMoteIDChanged
                0x00000000000440ec                simRandomSeed
 .bss           0x00000000000440f0        0x3 build/cooja/contiki-ng-cooja.a(pir-sensor.o)
                0x00000000000440f0                simPirChanged
                0x00000000000440f1                simPirIsActive
                0x00000000000440f2                simPirValue
 *fill*         0x00000000000440f3        0xd 
 .bss           0x0000000000044100      0x810 build/cooja/contiki-ng-cooja.a(rs232.o)
                0x0000000000044100                simSerialReceivingData
                0x0000000000044900                simSerialReceivingLength
                0x0000000000044904                simSerialReceivingFlag
 .bss           0x0000000000044910        0x3 build/cooja/contiki-ng-cooja.a(vib-sensor.o)
                0x0000000000044910                simVibChanged
                0x0000000000044911                simVibIsActive
                0x0000000000044912                simVibValue
 *fill*         0x0000000000044913        0x5 
 .bss           0x0000000000044918        0x8 build/cooja/contiki-ng-cooja.a(clock.o)
                0x0000000000044918                simCurrentTime
 .bss           0x0000000000044920     0x200d build/cooja/contiki-ng-cooja.a(cooja-log.o)
                0x0000000000044920                simLoggedData
                0x0000000000046920                simLoggedLength
                0x0000000000046924                simLoggedFlag
 *fill*         0x000000000004692d       0x13 
 .bss           0x0000000000046940      0xfc0 build/cooja/contiki-ng-cooja.a(cfs-cooja.o)
                0x0000000000046940                simCFSData
                0x00000000000478e0                simCFSSize
                0x00000000000478e4                simCFSChanged
                0x00000000000478e8                simCFSRead
                0x00000000000478ec                simCFSWritten
 .bss           0x0000000000047900      0x15c build/cooja/contiki-ng-cooja.a(cooja-radio.o)
                0x0000000000047900                simReceiving
                0x0000000000047920                simInDataBuffer
                0x00000000000479a0                simInSize
                0x00000000000479a8                simLastPacketTimestamp
                0x00000000000479c0                simOutDataBuffer
                0x0000000000047a40                simOutSize
 *fill*         0x0000000000047a5c        0x4 
 .bss           0x0000000000047a60      0x40c build/cooja/contiki-ng-cooja.a(eeprom.o)
                0x0000000000047a60                simEEPROMData
                0x0000000000047e60                simEEPROMChanged
                0x0000000000047e64                simEEPROMRead
                0x0000000000047e68                simEEPROMWritten
 .bss           0x0000000000047e6c        0x0 build/cooja/contiki-ng-cooja.a(random.o)
 .bss           0x0000000000047e6c        0xc build/cooja/contiki-ng-cooja.a(sensors.o)
                0x0000000000047e6c                sensors_event
 .bss           0x0000000000047e78        0x0 build/cooja/contiki-ng-cooja.a(leds.o)
 *fill*         0x0000000000047e78        0x8 
 .bss           0x0000000000047e80       0x40 build/cooja/contiki-ng-cooja.a(gpio-hal-arch.o)
 .bss           0x0000000000047ec0        0x2 build/cooja/contiki-ng-cooja.a(buttons.o)
                0x0000000000047ec0                simButtonChanged
                0x0000000000047ec1                simButtonIsDown
 *fill*         0x0000000000047ec2        0x6 