Archive member included to satisfy reference by file (symbol)

build/cooja/contiki-ng-cooja.a(simEnvChange.o)
                              build/cooja/mtype923640069.o (simDontFallAsleep)
build/cooja/contiki-ng-cooja.a(cooja_mt.o)
                              build/cooja/mtype923640069.o (cooja_mt_start)
build/cooja/contiki-ng-cooja.a(cooja_mtarch.o)
                              build/cooja/contiki-ng-cooja.a(cooja_mt.o) (cooja_mtarch_start)
build/cooja/contiki-ng-cooja.a(rtimer-arch.o)
                              build/cooja/mtype923640069.o (rtimer_arch_check)
build/cooja/contiki-ng-cooja.a(beep.o)
                              build/cooja/mtype923640069.o (beep_interface)
build/cooja/contiki-ng-cooja.a(leds-arch.o)
                              build/cooja/mtype923640069.o (leds_interface)
build/cooja/contiki-ng-cooja.a(moteid.o)
                              build/cooja/mtype923640069.o (moteid_interface)
build/cooja/contiki-ng-cooja.a(pir-sensor.o)
                              build/cooja/mtype923640069.o (pir_interface)
build/cooja/contiki-ng-cooja.a(rs232.o)
                              build/cooja/mtype923640069.o (rs232_interface)
build/cooja/contiki-ng-cooja.a(vib-sensor.o)
                              build/cooja/mtype923640069.o (vib_interface)
build/cooja/contiki-ng-cooja.a(clock.o)
                              build/cooja/mtype923640069.o (clock_interface)
build/cooja/contiki-ng-cooja.a(cooja-log.o)
                              build/cooja/mtype923640069.o (simlog_interface)
build/cooja/contiki-ng-cooja.a(cfs-cooja.o)
                              build/cooja/mtype923640069.o (cfs_interface)
build/cooja/contiki-ng-cooja.a(cooja-radio.o)
                              build/cooja/mtype923640069.o (radio_interface)
build/cooja/contiki-ng-cooja.a(eeprom.o)
                              build/cooja/mtype923640069.o (eeprom_interface)
build/cooja/contiki-ng-cooja.a(random.o)
                              build/cooja/contiki-ng-cooja.a(moteid.o) (random_init)
build/cooja/contiki-ng-cooja.a(sensors.o)
                              build/cooja/contiki-ng-cooja.a(pir-sensor.o) (sensors_changed)
build/cooja/contiki-ng-cooja.a(leds.o)
                              MQTT_server_temperature.o (leds_single_on)
build/cooja/contiki-ng-cooja.a(gpio-hal-arch.o)
                              build/cooja/contiki-ng-cooja.a(leds-arch.o) (gpio_hal_arch_register_pin_callback)
build/cooja/contiki-ng-cooja.a(buttons.o)
                              build/cooja/mtype923640069.o (button_interface)
build/cooja/contiki-ng-cooja.a(mqtt.o)
                              MQTT_server_temperature.o (mqtt_register)
build/cooja/contiki-ng-cooja.a(contiki-main.o)
                              build/cooja/mtype923640069.o (main)
build/cooja/contiki-ng-cooja.a(autostart.o)
                              build/cooja/contiki-ng-cooja.a(contiki-main.o) (autostart_start)
build/cooja/contiki-ng-cooja.a(ctimer.o)
                              build/cooja/contiki-ng-cooja.a(contiki-main.o) (ctimer_init)
build/cooja/contiki-ng-cooja.a(energest.o)
                              build/cooja/contiki-ng-cooja.a(contiki-main.o) (energest_init)
build/cooja/contiki-ng-cooja.a(etimer.o)
                              build/cooja/contiki-ng-cooja.a(contiki-main.o) (etimer_process)
build/cooja/contiki-ng-cooja.a(log.o)
                              build/cooja/contiki-ng-cooja.a(contiki-main.o) (curr_log_level_main)
build/cooja/contiki-ng-cooja.a(node-id.o)
                              MQTT_server_temperature.o (node_id)
build/cooja/contiki-ng-cooja.a(process.o)
                              build/cooja/contiki-ng-cooja.a(mqtt.o) (process_current)
build/cooja/contiki-ng-cooja.a(rtimer.o)
                              build/cooja/contiki-ng-cooja.a(contiki-main.o) (rtimer_init)
build/cooja/contiki-ng-cooja.a(timer.o)
                              build/cooja/contiki-ng-cooja.a(mqtt.o) (timer_set)
build/cooja/contiki-ng-cooja.a(list.o)
                              build/cooja/contiki-ng-cooja.a(mqtt.o) (list_init)
build/cooja/contiki-ng-cooja.a(button-hal.o)
                              build/cooja/mtype923640069.o (button_hal_init)
build/cooja/contiki-ng-cooja.a(gpio-hal.o)
                              build/cooja/contiki-ng-cooja.a(button-hal.o) (gpio_hal_register_handler)
build/cooja/contiki-ng-cooja.a(serial-line.o)
                              build/cooja/contiki-ng-cooja.a(rs232.o) (serial_line_input_byte)
build/cooja/contiki-ng-cooja.a(linkaddr.o)
                              MQTT_server_temperature.o (linkaddr_node_addr)
build/cooja/contiki-ng-cooja.a(netstack.o)
                              build/cooja/contiki-ng-cooja.a(contiki-main.o) (netstack_init)
build/cooja/contiki-ng-cooja.a(packetbuf.o)
                              build/cooja/contiki-ng-cooja.a(cooja-radio.o) (packetbuf_clear)
build/cooja/contiki-ng-cooja.a(queuebuf.o)
                              build/cooja/contiki-ng-cooja.a(contiki-main.o) (queuebuf_init)
[...]
Memory Configuration

Name             Origin             Length             Attributes
*default*        0x0000000000000000 0xffffffffffffffff

Linker script and memory map

LOAD /usr/lib/gcc/x86_64-linux-gnu/11/../../../x86_64-linux-gnu/crti.o
LOAD /usr/lib/gcc/x86_64-linux-gnu/11/crtbeginS.o
LOAD MQTT_server_temperature.o
LOAD build/cooja/mtype923640069.o
LOAD build/cooja/contiki-ng-cooja.a
LOAD /usr/lib/gcc/x86_64-linux-gnu/11/libgcc.a
LOAD /usr/lib/gcc/x86_64-linux-gnu/11/libgcc_s.so
START GROUP
LOAD /usr/lib/gcc/x86_64-linux-gnu/11/../../../x86_64-linux-gnu/libgcc_s.so.1
LOAD /usr/lib/gcc/x86_64-linux-gnu/11/libgcc.a
END GROUP
LOAD /usr/lib/gcc/x86_64-linux-gnu/11/../../../x86_64-linux-gnu/libc.so
START GROUP
LOAD /lib/x86_64-linux-gnu/libc.so.6
LOAD /usr/lib/x86_64-linux-gnu/libc_nonshared.a
LOAD /lib64/ld-linux-x86-64.so.2
END GROUP
LOAD /usr/lib/gcc/x86_64-linux-gnu/11/libgcc.a
LOAD /usr/lib/gcc/x86_64-linux-gnu/11/libgcc_s.so
START GROUP
LOAD /usr/lib/gcc/x86_64-linux-gnu/11/../../../x86_64-linux-gnu/libgcc_s.so.1
LOAD /usr/lib/gcc/x86_64-linux-gnu/11/libgcc.a
END GROUP
LOAD /usr/lib/gcc/x86_64-linux-gnu/11/crtendS.o
LOAD /usr/lib/gcc/x86_64-linux-gnu/11/../../../x86_64-linux-gnu/crtn.o
                0x00000000000002a8                . = (SEGMENT_START ("text-segment", 0x0) + SIZEOF_HEADERS)

.note.gnu.property
                0x00000000000002a8       0x20
 .note.gnu.property
                0x00000000000002a8       0x20 /usr/lib/gcc/x86_64-linux-gnu/11/../../../x86_64-linux-gnu/crti.o

.note.gnu.build-id
                0x00000000000002c8       0x24
 *(.note.gnu.build-id)
 .note.gnu.build-id
                0x00000000000002c8       0x24 /usr/lib/gcc/x86_64-linux-gnu/11/../../../x86_64-linux-gnu/crti.o

.hash
 *(.hash)

.gnu.hash       0x00000000000002f0     0x14bc
 *(.gnu.hash)
 .gnu.hash      0x00000000000002f0     0x14bc /usr/lib/gcc/x86_64-linux-gnu/11/../../../x86_64-linux-gnu/crti.o

.dynsym         0x00000000000017b0     0x40f8
 *(.dynsym)
 .dynsym        0x00000000000017b0     0x40f8 /usr/lib/gcc/x86_64-linux-gnu/11/../../../x86_64-linux-gnu/crti.o

.dynstr         0x00000000000058a8     0x30e9
 *(.dynstr)
 .dynstr        0x00000000000058a8     0x30e9 /usr/lib/gcc/x86_64-linux-gnu/11/../../../x86_64-linux-gnu/crti.o

.gnu.version    0x0000000000008992      0x56a
 *(.gnu.version)
 .gnu.version   0x0000000000008992      0x56a /usr/lib/gcc/x86_64-linux-gnu/11/../../../x86_64-linux-gnu/crti.o

.gnu.version_d  0x0000000000008f00        0x0
 *(.gnu.version_d)
 .gnu.version_d
                0x0000000000008f00        0x0 /usr/lib/gcc/x86_64-linux-gnu/11/../../../x86_64-linux-gnu/crti.o

.gnu.version_r  0x0000000000008f00       0x40
 *(.gnu.version_r)
 .gnu.version_r
                0x0000000000008f00       0x40 /usr/lib/gcc/x86_64-linux-gnu/11/../../../x86_64-linux-gnu/crti.o

.rela.dyn       0x0000000000008f40     0x1ef0
 *(.rela.init)
 *(.rela.text .rela.text.* .rela.gnu.linkonce.t.*)
 .rela.text     0x0000000000008f40        0x0 /usr/lib/gcc/x86_64-linux-gnu/11/../../../x86_64-linux-gnu/crti.o
 *(.rela.fini)
 *(.rela.rodata .rela.rodata.* .rela.gnu.linkonce.r.*)
 *(.rela.data .rela.data.* .rela.gnu.linkonce.d.*)
 .rela.data.rel.local
                0x0000000000008f40      0x720 /usr/lib/gcc/x86_64-linux-gnu/11/../../../x86_64-linux-gnu/crti.o
 .rela.data.rel.ro
                0x0000000000009660      0x288 /usr/lib/gcc/x86_64-linux-gnu/11/../../../x86_64-linux-gnu/crti.o
 .rela.data.rel
                0x00000000000098e8      0x3a8 /usr/lib/gcc/x86_64-linux-gnu/11/../../../x86_64-linux-gnu/crti.o
 .rela.data.rel.ro.local
                0x0000000000009c90      0x5a0 /usr/lib/gcc/x86_64-linux-gnu/11/../../../x86_64-linux-gnu/crti.o
 *(.rela.tdata .rela.tdata.* .rela.gnu.linkonce.td.*)
 *(.rela.tbss .rela.tbss.* .rela.gnu.linkonce.tb.*)
 *(.rela.ctors)
 *(.rela.dtors)
 *(.rela.got)
 .rela.got      0x000000000000a230      0xbd0 /usr/lib/gcc/x86_64-linux-gnu/11/../../../x86_64-linux-gnu/crti.o
 *(.rela.bss .rela.bss.* .rela.gnu.linkonce.b.*)
 *(.rela.ldata .rela.ldata.* .rela.gnu.linkonce.l.*)
 *(.rela.lbss .rela.lbss.* .rela.gnu.linkonce.lb.*)
 *(.rela.lrodata .rela.lrodata.* .rela.gnu.linkonce.lr.*)
 *(.rela.ifunc)
 .rela.ifunc    0x000000000000ae00        0x0 /usr/lib/gcc/x86_64-linux-gnu/11/../../../x86_64-linux-gnu/crti.o
 .rela.fini_array
                0x000000000000ae00       0x18 /usr/lib/gcc/x86_64-linux-gnu/11/../../../x86_64-linux-gnu/crti.o
 .rela.init_array
                0x000000000000ae18       0x18 /usr/lib/gcc/x86_64-linux-gnu/11/../../../x86_64-linux-gnu/crti.o

.rela.plt       0x000000000000ae30     0x2370
 *(.rela.plt)
 .rela.plt      0x000000000000ae30     0x2370 /usr/lib/gcc/x86_64-linux-gnu/11/../../../x86_64-linux-gnu/crti.o
 *(.rela.iplt)

.relr.dyn
 *(.relr.dyn)
                0x000000000000e000                . = ALIGN (CONSTANT (MAXPAGESIZE))

.init           0x000000000000e000       0x1b
 *(SORT_NONE(.init))
 .init          0x000000000000e000       0x16 /usr/lib/gcc/x86_64-linux-gnu/11/../../../x86_64-linux-gnu/crti.o
                0x000000000000e000                _init
 .init          0x000000000000e016        0x5 /usr/lib/gcc/x86_64-linux-gnu/11/../../../x86_64-linux-gnu/crtn.o

.plt            0x000000000000e020     0x17b0
 *(.plt)
 .plt           0x000000000000e020     0x17b0 /usr/lib/gcc/x86_64-linux-gnu/11/../../../x86_64-linux-gnu/crti.o
 *(.iplt)

.plt.got        0x000000000000f7d0       0x30
 *(.plt.got)
 .plt.got       0x000000000000f7d0       0x30 /usr/lib/gcc/x86_64-linux-gnu/11/../../../x86_64-linux-gnu/crti.o

.plt.sec        0x000000000000f800     0x17a0
 *(.plt.sec)
 .plt.sec       0x000000000000f800     0x17a0 /usr/lib/gcc/x86_64-linux-gnu/11/../../../x86_64-linux-gnu/crti.o

.text           0x0000000000010fa0    0x21a1a
 *(.text.unlikely .text.*_unlikely .text.unlikely.*)
 *(.text.exit .text.exit.*)
 *(.text.startup .text.startup.*)
 *(.text.hot .text.hot.*)
 *(SORT_BY_NAME(.text.sorted.*))
 *(.text .stub .text.* .gnu.linkonce.t.*)
 .text          0x0000000000010fa0        0x0 /usr/lib/gcc/x86_64-linux-gnu/11/../../../x86_64-linux-gnu/crti.o
 .text          0x0000000000010fa0       0xb9 /usr/lib/gcc/x86_64-linux-gnu/11/crtbeginS.o
 .text          0x0000000000011059      0xb91 MQTT_server_temperature.o
 .text          0x0000000000011bea      0x374 build/cooja/mtype923640069.o
                0x0000000000011ca0                platform_init_stage_one
                0x0000000000011cb5                platform_init_stage_two
                0x0000000000011cca                platform_init_stage_three
                0x0000000000011cdf                platform_main_loop
                0x0000000000011d79                JNI_OnLoad
                0x0000000000011d90                Java_org_contikios_cooja_corecomm_Lib29_init
                0x0000000000011de3                Java_org_contikios_cooja_corecomm_Lib29_getMemory
                0x0000000000011e42                Java_org_contikios_cooja_corecomm_Lib29_setMemory
                0x0000000000011ea1                Java_org_contikios_cooja_corecomm_Lib29_tick
                0x0000000000011f2f                Java_org_contikios_cooja_corecomm_Lib29_setReferenceAddress
 .text          0x0000000000011f5e       0x93 build/cooja/contiki-ng-cooja.a(simEnvChange.o)
                0x0000000000011f5e                doActionsBeforeTick
                0x0000000000011fa7                doActionsAfterTick
 .text          0x0000000000011ff1       0xab build/cooja/contiki-ng-cooja.a(cooja_mt.o)
                0x0000000000011ff1                cooja_mt_start
                0x0000000000012031                cooja_mt_exec
                0x0000000000012074                cooja_mt_yield
 .text          0x000000000001209c      0x10e build/cooja/contiki-ng-cooja.a(cooja_mtarch.o)
                0x000000000001209c                cooja_mtarch_start
                0x000000000001213f                cooja_sw
                0x000000000001216c                cooja_mtarch_exec
                0x000000000001219a                cooja_mtarch_yield
 .text          0x00000000000121aa       0xcc build/cooja/contiki-ng-cooja.a(rtimer-arch.o)
                0x00000000000121aa                rtimer_arch_init
                0x00000000000121d0                rtimer_arch_schedule
                0x00000000000121fa                rtimer_arch_next
                0x000000000001220e                rtimer_arch_pending
                0x0000000000012221                rtimer_arch_check
                0x0000000000012262                rtimer_arch_now
 .text          0x0000000000012276       0xe6 build/cooja/contiki-ng-cooja.a(beep.o)
                0x0000000000012276                beep_alarm
                0x0000000000012291                beep_beep
                0x00000000000122a9                beep
                0x00000000000122be                beep_down
                0x00000000000122d6                beep_on
                0x00000000000122eb                beep_off
                0x0000000000012300                beep_spinup
                0x0000000000012315                beep_quick
                0x000000000001232d                beep_long
 .text          0x000000000001235c       0x80 build/cooja/contiki-ng-cooja.a(leds-arch.o)
                0x0000000000012375                leds_arch_init
 .text          0x00000000000123dc       0x41 build/cooja/contiki-ng-cooja.a(moteid.o)
 .text          0x000000000001241d       0xfa build/cooja/contiki-ng-cooja.a(pir-sensor.o)
 .text          0x0000000000012517      0x18b build/cooja/contiki-ng-cooja.a(rs232.o)
                0x0000000000012517                rs232_init
                0x0000000000012522                rs232_set_speed
                0x0000000000012532                rs232_set_input
                0x000000000001254c                rs232_send
                0x000000000001256b                rs232_print
                0x0000000000012599                slip_arch_writeb
 .text          0x00000000000126a2       0xfa build/cooja/contiki-ng-cooja.a(vib-sensor.o)
 .text          0x000000000001279c       0x6f build/cooja/contiki-ng-cooja.a(clock.o)
                0x000000000001279c                clock_init
                0x00000000000127a7                clock_time
                0x00000000000127bb                clock_seconds
                0x00000000000127e7                clock_delay
 .text          0x000000000001280b      0x214 build/cooja/contiki-ng-cooja.a(cooja-log.o)
                0x000000000001280b                simlog_char
                0x0000000000012865                simlog
                0x00000000000128ea                log_message
                0x000000000001292f                log_set_putchar_with_slip
                0x0000000000012946                dbg_putchar
                0x00000000000129c7                dbg_send_bytes
 .text          0x0000000000012a1f      0x39b build/cooja/contiki-ng-cooja.a(cfs-cooja.o)
                0x0000000000012a1f                cfs_open
                0x0000000000012a9c                cfs_close
                0x0000000000012ab1                cfs_read
                0x0000000000012b78                cfs_write
                0x0000000000012c88                cfs_seek
                0x0000000000012d37                cfs_remove
                0x0000000000012d67                cfs_opendir
                0x0000000000012d7e                cfs_readdir
                0x0000000000012d95                cfs_closedir
 .text          0x0000000000012dba      0x79f build/cooja/contiki-ng-cooja.a(cooja-radio.o)
                0x0000000000012e19                radio_set_channel
                0x0000000000012e33                radio_set_txpower
                0x0000000000012e50                radio_signal_strength_last
                0x0000000000012e63                radio_signal_strength_current
                0x0000000000012e76                radio_LQI
 .text          0x0000000000013559      0x163 build/cooja/contiki-ng-cooja.a(eeprom.o)
                0x0000000000013559                eeprom_init
                0x0000000000013568                eeprom_read
                0x0000000000013607                eeprom_write
 .text          0x00000000000136bc       0x2f build/cooja/contiki-ng-cooja.a(random.o)
                0x00000000000136bc                random_init
                0x00000000000136dc                random_rand
 .text          0x00000000000136eb      0x35f build/cooja/contiki-ng-cooja.a(sensors.o)
                0x0000000000013734                sensors_first
                0x0000000000013748                sensors_next
                0x0000000000013777                sensors_changed
                0x00000000000137c4                sensors_find
 .text          0x0000000000013a4a      0x3ad build/cooja/contiki-ng-cooja.a(leds.o)
                0x0000000000013a4a                leds_init
                0x0000000000013a95                leds_single_on
                0x0000000000013b02                leds_single_off
                0x0000000000013b6f                leds_single_toggle
                0x0000000000013ba7                leds_on
                0x0000000000013c38                leds_off
                0x0000000000013cc9                leds_toggle
                0x0000000000013d25                leds_set
                0x0000000000013d4e                leds_get
 .text          0x0000000000013df7      0x41b build/cooja/contiki-ng-cooja.a(gpio-hal-arch.o)
                0x0000000000013df7                gpio_hal_arch_register_pin_callback
                0x0000000000013e9e                gpio_hal_arch_init
                0x0000000000013ef4                gpio_hal_arch_no_port_interrupt_enable
                0x0000000000013f41                gpio_hal_arch_no_port_interrupt_disable
                0x0000000000013f8e                gpio_hal_arch_no_port_pin_cfg_set
                0x0000000000013fc4                gpio_hal_arch_no_port_pin_cfg_get
                0x0000000000013ff8                gpio_hal_arch_no_port_pin_set_input
                0x000000000001400b                gpio_hal_arch_no_port_pin_set_output
                0x000000000001401e                gpio_hal_arch_no_port_set_pin
                0x0000000000014042                gpio_hal_arch_no_port_clear_pin
                0x0000000000014066                gpio_hal_arch_no_port_read_pin
                0x0000000000014093                gpio_hal_arch_no_port_write_pin
                0x00000000000140bd                gpio_hal_arch_no_port_set_pins
                0x000000000001410c                gpio_hal_arch_no_port_clear_pins
                0x000000000001415b                gpio_hal_arch_no_port_read_pins
                0x00000000000141a9                gpio_hal_arch_no_port_write_pins
 .text          0x0000000000014212       0xa8 build/cooja/contiki-ng-cooja.a(buttons.o)
 .text          0x00000000000142ba     0x3e2f build/cooja/contiki-ng-cooja.a(mqtt.o)
                0x000000000001475b                mqtt_decode_var_byte_int
                0x0000000000014860                mqtt_encode_var_byte_int
                0x0000000000017951                mqtt_init
                0x0000000000017a2b                mqtt_register
                0x0000000000017af3                mqtt_connect
                0x0000000000017c33                mqtt_disconnect
                0x0000000000017c84                mqtt_subscribe
                0x0000000000017d8d                mqtt_unsubscribe
                0x0000000000017e86                mqtt_publish
                0x0000000000017fc1                mqtt_set_username_password
                0x0000000000018072                mqtt_set_last_will
 .text          0x00000000000180e9      0x400 build/cooja/contiki-ng-cooja.a(contiki-main.o)
                0x00000000000180e9                main
 .text          0x00000000000184e9       0xbd build/cooja/contiki-ng-cooja.a(autostart.o)
                0x00000000000184e9                autostart_start
                0x000000000001854a                autostart_exit
 .text          0x00000000000185a6      0x441 build/cooja/contiki-ng-cooja.a(ctimer.o)
                0x0000000000018708                ctimer_init
                0x000000000001873d                ctimer_set
                0x0000000000018781                ctimer_set_with_process
                0x000000000001883b                ctimer_reset
                0x00000000000188ac                ctimer_restart
                0x000000000001891d                ctimer_stop
                0x000000000001897b                ctimer_expired
 .text          0x00000000000189e7       0x25 build/cooja/contiki-ng-cooja.a(energest.o)
                0x00000000000189e7                energest_init
                0x00000000000189f2                energest_flush
                0x00000000000189fd                energest_get_total_time
 .text          0x0000000000018a0c      0x57c build/cooja/contiki-ng-cooja.a(etimer.o)
                0x0000000000018cb4                etimer_request_poll
                0x0000000000018d66                etimer_set
                0x0000000000018d9c                etimer_reset_with_new_interval
                0x0000000000018dd7                etimer_reset
                0x0000000000018e02                etimer_restart
                0x0000000000018e2d                etimer_adjust
                0x0000000000018e5e                etimer_expired
                0x0000000000018e7d                etimer_expiration_time
                0x0000000000018e9d                etimer_start_time
                0x0000000000018eb2                etimer_pending
                0x0000000000018ecc                etimer_next_expiration_time
                0x0000000000018eed                etimer_stop
 .text          0x0000000000018f88      0x539 build/cooja/contiki-ng-cooja.a(log.o)
                0x0000000000018f88                log_6addr
                0x0000000000018fee                log_6addr_compact_snprint
                0x00000000000190c9                log_6addr_compact
                0x000000000001912f                log_lladdr
                0x00000000000191af                log_lladdr_compact
                0x0000000000019231                log_bytes
                0x0000000000019291                log_set_level
                0x000000000001939f                log_get_level
                0x0000000000019456                log_level_to_str
 .text          0x00000000000194c1       0x36 build/cooja/contiki-ng-cooja.a(node-id.o)
                0x00000000000194c1                node_id_init
 .text          0x00000000000194f7      0x673 build/cooja/contiki-ng-cooja.a(process.o)
                0x00000000000194f7                process_alloc_event
                0x0000000000019511                process_start
                0x0000000000019781                process_exit
                0x00000000000197ad                process_init
                0x00000000000199a4                process_run
                0x00000000000199d9                process_nevents
                0x00000000000199f9                process_post
                0x0000000000019ac1                process_post_synch
                0x0000000000019b0f                process_poll
                0x0000000000019b4c                process_is_running
 .text          0x0000000000019b6a      0x101 build/cooja/contiki-ng-cooja.a(rtimer.o)
                0x0000000000019b6a                rtimer_init
                0x0000000000019b7a                rtimer_set
                0x0000000000019bfb                rtimer_run_next
 .text          0x0000000000019c6b       0xfd build/cooja/contiki-ng-cooja.a(timer.o)
                0x0000000000019c6b                timer_set
                0x0000000000019c9a                timer_reset
                0x0000000000019cd6                timer_restart
                0x0000000000019cf5                timer_expired
                0x0000000000019d30                timer_remaining
 .text          0x0000000000019d68      0x39b build/cooja/contiki-ng-cooja.a(list.o)
                0x0000000000019d68                list_init
                0x0000000000019d82                list_head
                0x0000000000019d97                list_copy
                0x0000000000019db8                list_tail
                0x0000000000019e01                list_add
                0x0000000000019e65                list_push
                0x0000000000019ea8                list_chop
                0x0000000000019f35                list_pop
                0x0000000000019f6f                list_remove
                0x0000000000019ffb                list_length
                0x000000000001a036                list_insert
                0x000000000001a099                list_item_next
                0x000000000001a0bc                list_contains
 .text          0x000000000001a103      0x574 build/cooja/contiki-ng-cooja.a(button-hal.o)
                0x000000000001a2ce                button_hal_get_by_id
                0x000000000001a31c                button_hal_get_by_index
                0x000000000001a353                button_hal_get_state
                0x000000000001a3b6                button_hal_init
 .text          0x000000000001a677      0x181 build/cooja/contiki-ng-cooja.a(gpio-hal.o)
                0x000000000001a677                gpio_hal_register_handler
                0x000000000001a6a0                gpio_hal_event_handler
                0x000000000001a70b                gpio_hal_init
                0x000000000001a72a                gpio_hal_arch_port_toggle_pin
                0x000000000001a761                gpio_hal_arch_port_toggle_pins
                0x000000000001a792                gpio_hal_arch_no_port_toggle_pin
                0x000000000001a7cc                gpio_hal_arch_no_port_toggle_pins
 .text          0x000000000001a7f8      0x238 build/cooja/contiki-ng-cooja.a(serial-line.o)
                0x000000000001a7f8                serial_line_input_byte
                0x000000000001a9f3                serial_line_init
 .text          0x000000000001aa30       0x80 build/cooja/contiki-ng-cooja.a(linkaddr.o)
                0x000000000001aa30                linkaddr_copy
                0x000000000001aa51                linkaddr_cmp
                0x000000000001aa87                linkaddr_set_node_addr
 .text          0x000000000001aab0      0x12b build/cooja/contiki-ng-cooja.a(netstack.o)
                0x000000000001aab0                netstack_process_ip_callback
                0x000000000001ab51                netstack_ip_packet_processor_add
                0x000000000001ab81                uip_ds6_ip_packet_processor_rm
                0x000000000001abaa                netstack_init
 .text          0x000000000001abdb      0x4a8 build/cooja/contiki-ng-cooja.a(packetbuf.o)
                0x000000000001abdb                packetbuf_clear
                0x000000000001ac09                packetbuf_copyfrom
                0x000000000001ac62                packetbuf_copyto
                0x000000000001ad08                packetbuf_hdralloc
                0x000000000001ad97                packetbuf_hdrreduce
                0x000000000001ade7                packetbuf_set_datalen
                0x000000000001ae03                packetbuf_dataptr
                0x000000000001ae28                packetbuf_hdrptr
                0x000000000001ae39                packetbuf_datalen
                0x000000000001ae4a                packetbuf_hdrlen
                0x000000000001ae66                packetbuf_totlen
                0x000000000001ae88                packetbuf_remaininglen
                0x000000000001aea0                packetbuf_attr_clear
                0x000000000001af05                packetbuf_attr_copyto
                0x000000000001af50                packetbuf_attr_copyfrom
                0x000000000001af9b                packetbuf_set_attr
                0x000000000001afcb                packetbuf_attr
                0x000000000001afec                packetbuf_set_addr
                0x000000000001b032                packetbuf_addr
                0x000000000001b05c                packetbuf_holds_broadcast
 .text          0x000000000001b083      0x382 build/cooja/contiki-ng-cooja.a(queuebuf.o)
                0x000000000001b098                queuebuf_init
                0x000000000001b0c1                queuebuf_numfree
                0x000000000001b0da                queuebuf_new_from_packetbuf
                0x000000000001b18d                queuebuf_update_attr_from_packetbuf
                0x000000000001b1d0                queuebuf_update_from_packetbuf
                0x000000000001b22c                queuebuf_free
                0x000000000001b288                queuebuf_to_packetbuf
                0x000000000001b301                queuebuf_dataptr
                0x000000000001b348                queuebuf_datalen
                0x000000000001b378                queuebuf_addr
                0x000000000001b3bf                queuebuf_attr
                0x000000000001b3fa                queuebuf_debug_print
 .text          0x000000000001b405      0x116 build/cooja/contiki-ng-cooja.a(printf.o)
                0x000000000001b43a                log_printf
 .text          0x000000000001b51b       0x1e build/cooja/contiki-ng-cooja.a(putchar.o)
                0x000000000001b51b                log_putchar
 .text          0x000000000001b539       0x3d build/cooja/contiki-ng-cooja.a(puts.o)
                0x000000000001b539                log_puts
 .text          0x000000000001b576      0x1f8 build/cooja/contiki-ng-cooja.a(snprintf.o)
                0x000000000001b601                log_snprintf
                0x000000000001b6e6                log_vsnprintf
 .text          0x000000000001b76e      0x152 build/cooja/contiki-ng-cooja.a(sprintf.o)
                0x000000000001b7b9                log_sprintf
 .text          0x000000000001b8c0     0x170b build/cooja/contiki-ng-cooja.a(strformat.o)
                0x000000000001bc33                format_str
                0x000000000001bd14                format_str_v
 .text          0x000000000001cfcb      0x292 build/cooja/contiki-ng-cooja.a(csma.o)
 .text          0x000000000001d25d     0x3747 build/cooja/contiki-ng-cooja.a(sicslowpan.o)
                0x000000000001da33                netstack_sniffer_add
                0x000000000001da4d                netstack_sniffer_remove
                0x000000000002096d                sicslowpan_init
                0x0000000000020994                sicslowpan_get_last_rssi
 .text          0x00000000000209a4      0xbaa build/cooja/contiki-ng-cooja.a(tcp-socket.o)
                0x00000000000210dd                tcp_socket_register
                0x00000000000211a5                tcp_socket_connect
                0x0000000000021262                tcp_socket_listen
                0x00000000000212ef                tcp_socket_unlisten
                0x000000000002137b                tcp_socket_send
                0x0000000000021438                tcp_socket_send_str
                0x000000000002146f                tcp_socket_close
                0x00000000000214a4                tcp_socket_unregister
                0x000000000002150d                tcp_socket_max_sendlen
                0x0000000000021535                tcp_socket_queuelen
 .text          0x000000000002154e      0xc96 build/cooja/contiki-ng-cooja.a(tcpip.o)
                0x000000000002157e                tcpip_output
                0x0000000000021680                tcp_connect
                0x00000000000216e7                tcp_unlisten
                0x0000000000021757                tcp_listen
                0x00000000000217c3                tcp_attach
                0x00000000000217f1                udp_attach
                0x000000000002181f                udp_new
                0x000000000002187a                udp_broadcast_new
                0x0000000000021b8d                tcpip_input
                0x0000000000021d65                tcpip_ipv6_output
                0x0000000000021fbe                tcpip_poll_udp
                0x0000000000021fec                tcpip_poll_tcp
                0x000000000002201a                tcpip_uipcall
 .text          0x00000000000221e4      0x416 build/cooja/contiki-ng-cooja.a(uip-ds6-nbr.o)
                0x00000000000221e4                uip_ds6_neighbors_init
                0x000000000002220d                uip_ds6_nbr_add
                0x00000000000222ab                uip_ds6_nbr_rm
                0x0000000000022308                uip_ds6_nbr_update_ll
                0x000000000002240d                uip_ds6_nbr_get_ipaddr
                0x000000000002242d                uip_ds6_nbr_get_ll
                0x0000000000022455                uip_ds6_nbr_num
                0x00000000000224a7                uip_ds6_nbr_head
                0x00000000000224c0                uip_ds6_nbr_next
                0x00000000000224e8                uip_ds6_nbr_lookup
                0x0000000000022551                uip_ds6_nbr_ll_lookup
                0x0000000000022579                uip_ds6_nbr_ipaddr_from_lladdr
                0x00000000000225ad                uip_ds6_nbr_lladdr_from_ipaddr
                0x00000000000225e9                uip_ds6_link_callback
 .text          0x00000000000225fa      0x3f9 build/cooja/contiki-ng-cooja.a(uip-ds6-route.o)
                0x0000000000022651                uip_ds6_route_init
                0x000000000002267a                uip_ds6_route_count_nexthop_neighbors
                0x0000000000022689                uip_ds6_route_nexthop
                0x000000000002269c                uip_ds6_route_head
                0x00000000000226ab                uip_ds6_route_next
                0x00000000000226be                uip_ds6_route_is_nexthop
                0x00000000000226d1                uip_ds6_route_num_routes
                0x00000000000226e0                uip_ds6_route_lookup
                0x00000000000226f3                uip_ds6_route_add
                0x000000000002270f                uip_ds6_route_rm
                0x000000000002271e                uip_ds6_route_rm_by_nexthop
                0x000000000002272d                uip_ds6_defrt_head
                0x0000000000022746                uip_ds6_defrt_add
                0x0000000000022806                uip_ds6_defrt_rm
                0x000000000002287c                uip_ds6_defrt_lookup
                0x00000000000228f3                uip_ds6_defrt_choose
                0x0000000000022976                uip_ds6_defrt_periodic
 .text          0x00000000000229f3      0xebc build/cooja/contiki-ng-cooja.a(uip-ds6.o)
                0x00000000000229f3                uip_ds6_default_prefix
                0x0000000000022a04                uip_ds6_set_default_prefix
                0x0000000000022a2c                uip_ds6_init
                0x0000000000022ccb                uip_ds6_periodic
                0x0000000000022d6d                uip_ds6_list_loop
                0x0000000000022e56                uip_ds6_prefix_add
                0x0000000000022f27                uip_ds6_prefix_rm
                0x0000000000022f45                uip_ds6_prefix_lookup
                0x0000000000022f9c                uip_ds6_is_addr_onlink
                0x0000000000023030                uip_ds6_addr_add
                0x000000000002317b                uip_ds6_addr_rm
                0x0000000000023236                uip_ds6_addr_lookup
                0x000000000002328b                uip_ds6_get_link_local
                0x0000000000023330                uip_ds6_get_global
                0x00000000000233d5                uip_ds6_maddr_add
                0x0000000000023451                uip_ds6_maddr_rm
                0x000000000002346f                uip_ds6_maddr_lookup
                0x00000000000234c7                uip_ds6_aaddr_add
                0x0000000000023543                uip_ds6_aaddr_rm
                0x0000000000023561                uip_ds6_aaddr_lookup
                0x00000000000235b9                uip_ds6_select_src
                0x0000000000023743                uip_ds6_set_addr_iid
                0x000000000002377c                uip_ds6_set_lladdr_from_iid
                0x00000000000237b3                get_match_length
                0x0000000000023861                uip_ds6_compute_reachable_time
 .text          0x00000000000238af      0x1b9 build/cooja/contiki-ng-cooja.a(uip-packetqueue.o)
                0x00000000000238ee                uip_packetqueue_new
                0x0000000000023908                uip_packetqueue_alloc
                0x0000000000023982                uip_packetqueue_free
                0x00000000000239da                uip_packetqueue_buf
                0x0000000000023a06                uip_packetqueue_buflen
                0x0000000000023a35                uip_packetqueue_set_buflen
 .text          0x0000000000023a68     0x3915 build/cooja/contiki-ng-cooja.a(uip6.o)
                0x0000000000023a68                uip_add32
                0x0000000000023c72                uip_chksum
                0x0000000000023d58                uip_icmp6chksum
                0x0000000000023d6c                uip_tcpchksum
                0x0000000000023d80                uip_udpchksum
                0x0000000000023d94                uip_init
                0x0000000000023e59                uip_connect
                0x0000000000024003                uip_remove_ext_hdr
                0x0000000000024104                uip_udp_new
                0x0000000000024270                uip_unlisten
                0x00000000000242bf                uip_listen
                0x00000000000245e1                uip_process
                0x0000000000027203                uip_htons
                0x0000000000027226                uip_htonl
                0x000000000002726e                uip_send
 .text          0x000000000002737d      0x5b1 build/cooja/contiki-ng-cooja.a(uipbuf.o)
                0x000000000002737d                uipbuf_clear
                0x00000000000273af                uipbuf_add_ext_hdr
                0x0000000000027447                uipbuf_set_len
                0x0000000000027479                uipbuf_set_len_field
                0x00000000000274ac                uipbuf_get_len_field
                0x00000000000274d7                uipbuf_get_next_header
                0x0000000000027649                uipbuf_get_last_header
                0x00000000000276dc                uipbuf_search_header
                0x00000000000277a3                uipbuf_get_attr
                0x00000000000277d4                uipbuf_set_attr
                0x0000000000027814                uipbuf_set_default_attr
                0x0000000000027854                uipbuf_clear_attr
                0x000000000002787b                uipbuf_set_attr_flag
                0x000000000002789e                uipbuf_clr_attr_flag
                0x00000000000278c7                uipbuf_is_attr_flag
                0x00000000000278ec                uipbuf_init
 .text          0x000000000002792e      0x57d build/cooja/contiki-ng-cooja.a(uiplib.o)
                0x000000000002792e                uiplib_ip6addrconv
                0x0000000000027b0a                uiplib_ip4addrconv
                0x0000000000027bdc                uiplib_ipaddr_print
                0x0000000000027c42                uiplib_ipaddr_snprint
 .text          0x0000000000027eab      0x66e build/cooja/contiki-ng-cooja.a(rpl.o)
                0x0000000000027eab                rpl_lollipop_greater_than
                0x0000000000027f0f                rpl_get_global_address
                0x00000000000280af                rpl_link_callback
                0x0000000000028119                rpl_has_joined
                0x000000000002814c                rpl_is_reachable
                0x00000000000281f2                rpl_reset_prefix
                0x0000000000028269                rpl_set_prefix_from_addr
                0x0000000000028384                rpl_set_prefix
                0x00000000000284ee                rpl_set_leaf_only
                0x0000000000028508                rpl_get_leaf_only
 .text          0x0000000000028519       0x49 build/cooja/contiki-ng-cooja.a(watchdog.o)
                0x0000000000028519                watchdog_init
                0x0000000000028524                watchdog_start
                0x000000000002852f                watchdog_periodic
                0x000000000002854c                watchdog_stop
                0x0000000000028557                watchdog_reboot
 .text          0x0000000000028562       0x61 build/cooja/contiki-ng-cooja.a(int-master.o)
                0x0000000000028562                int_master_enable
                0x0000000000028577                int_master_read_and_disable
                0x0000000000028597                int_master_status_set
                0x00000000000285ae                int_master_is_enabled
 .text          0x00000000000285c3      0x125 build/cooja/contiki-ng-cooja.a(stimer.o)
                0x00000000000285c3                stimer_set
                0x00000000000285f2                stimer_reset
                0x000000000002862e                stimer_restart
                0x000000000002864d                stimer_expired
                0x000000000002868f                stimer_remaining
                0x00000000000286c7                stimer_elapsed
 .text          0x00000000000286e8      0x21a build/cooja/contiki-ng-cooja.a(memb.o)
                0x00000000000286e8                memb_init
                0x000000000002874b                memb_alloc
                0x00000000000287c5                memb_free
                0x0000000000028858                memb_inmemb
                0x00000000000288af                memb_numfree
 .text          0x0000000000028902      0x19d build/cooja/contiki-ng-cooja.a(ringbuf.o)
                0x0000000000028902                ringbuf_init
                0x0000000000028943                ringbuf_put
                0x00000000000289d2                ringbuf_get
                0x0000000000028a50                ringbuf_size
                0x0000000000028a6c                ringbuf_elements
 .text          0x0000000000028a9f      0x481 build/cooja/contiki-ng-cooja.a(link-stats.o)
                0x0000000000028a9f                link_stats_from_lladdr
                0x0000000000028ac7                link_stats_get_lladdr
                0x0000000000028aef                link_stats_is_fresh
                0x0000000000028b37                guess_etx_from_rssi
                0x0000000000028bbc                link_stats_packet_sent
                0x0000000000028d20                link_stats_input_callback
                0x0000000000028e82                link_stats_reset
                0x0000000000028ede                link_stats_init
 .text          0x0000000000028f20      0xcb3 build/cooja/contiki-ng-cooja.a(nbr-table.o)
                0x000000000002937e                nbr_table_count_entries
                0x0000000000029420                nbr_table_gc_get_worst
                0x0000000000029463                nbr_table_can_accept_new
                0x0000000000029618                nbr_table_entry_is_allowed
                0x00000000000296c5                nbr_table_register
                0x0000000000029757                nbr_table_is_registered
                0x00000000000297ae                nbr_table_head
                0x000000000002981c                nbr_table_next
                0x0000000000029899                nbr_table_add_lladdr
                0x00000000000299f9                nbr_table_get_from_lladdr
                0x0000000000029a58                nbr_table_remove
                0x0000000000029ab2                nbr_table_lock
                0x0000000000029ae7                nbr_table_unlock
                0x0000000000029b1c                nbr_table_get_lladdr
                0x0000000000029b5f                nbr_table_clear
                0x0000000000029b9c                nbr_table_key_head
                0x0000000000029bb5                nbr_table_key_next
 .text          0x0000000000029bd3      0x1e0 build/cooja/contiki-ng-cooja.a(mac-sequence.o)
                0x0000000000029bd3                mac_sequence_is_duplicate
                0x0000000000029cb4                mac_sequence_register_seqno
 .text          0x0000000000029db3      0x451 build/cooja/contiki-ng-cooja.a(framer-802154.o)
                0x0000000000029f4e                framer_802154_setup_params
 .text          0x000000000002a204      0xae3 build/cooja/contiki-ng-cooja.a(csma-output.o)
                0x000000000002a9e6                csma_output_packet
                0x000000000002acaf                csma_output_init
 .text          0x000000000002ace7       0x3d build/cooja/contiki-ng-cooja.a(csma-security.o)
                0x000000000002ace7                csma_security_create_frame
                0x000000000002ad0d                csma_security_parse_frame
 .text          0x000000000002ad24      0x8b7 build/cooja/contiki-ng-cooja.a(uip-icmp6.o)
                0x000000000002ada1                uip_icmp6_input
                0x000000000002adff                uip_icmp6_register_input_handler
                0x000000000002af91                uip_icmp6_error_output
                0x000000000002b2f6                uip_icmp6_send
                0x000000000002b542                uip_icmp6_echo_reply_callback_add
                0x000000000002b589                uip_icmp6_echo_reply_callback_rm
                0x000000000002b5b2                uip_icmp6_init
 .text          0x000000000002b5db      0x87f build/cooja/contiki-ng-cooja.a(uip-nd6.o)
                0x000000000002be40                uip_nd6_init
 .text          0x000000000002be5a      0x7e7 build/cooja/contiki-ng-cooja.a(uip-sr.o)
                0x000000000002be5a                uip_sr_num_nodes
                0x000000000002bf05                uip_sr_get_node
                0x000000000002bf6d                uip_sr_is_addr_reachable
                0x000000000002c035                uip_sr_expire_parent
                0x000000000002c0a4                uip_sr_update_node
                0x000000000002c218                uip_sr_init
                0x000000000002c24b                uip_sr_node_head
                0x000000000002c264                uip_sr_node_next
                0x000000000002c282                uip_sr_periodic
                0x000000000002c3be                uip_sr_free_all
                0x000000000002c43d                uip_sr_link_snprint
 .text          0x000000000002c641      0x35a build/cooja/contiki-ng-cooja.a(rpl-dag-root.o)
                0x000000000002c641                rpl_dag_root_print_links
                0x000000000002c7b6                rpl_dag_root_set_prefix
                0x000000000002c7f2                rpl_dag_root_start
                0x000000000002c95b                rpl_dag_root_is_root
 .text          0x000000000002c99b     0x1219 build/cooja/contiki-ng-cooja.a(rpl-dag.o)
                0x000000000002c99b                rpl_dag_state_to_str
                0x000000000002c9f9                rpl_dag_get_root_ipaddr
                0x000000000002ca43                rpl_dag_leave
                0x000000000002caee                rpl_dag_poison_and_leave
                0x000000000002cb0c                rpl_dag_periodic
                0x000000000002cbd0                rpl_is_addr_in_our_dag
                0x000000000002cc2c                rpl_get_default_instance
                0x000000000002cc53                rpl_get_any_dag
                0x000000000002ccc0                rpl_refresh_routes
                0x000000000002cd22                rpl_global_repair
                0x000000000002cde4                rpl_local_repair
                0x000000000002ce46                rpl_dag_ready_to_advertise
                0x000000000002ce9e                rpl_dag_update_state
                0x000000000002d761                rpl_process_dio
                0x000000000002d803                rpl_process_dis
                0x000000000002d857                rpl_process_dao
                0x000000000002d900                rpl_process_dao_ack
                0x000000000002d9b0                rpl_process_hbh
                0x000000000002da0f                rpl_dag_init_root
                0x000000000002db90                rpl_dag_init
 .text          0x000000000002dbb4      0xdef build/cooja/contiki-ng-cooja.a(rpl-ext-header.o)
                0x000000000002dbb4                rpl_ext_header_srh_get_next_hop
                0x000000000002dcc5                rpl_ext_header_srh_update
                0x000000000002e354                rpl_ext_header_hbh_update
                0x000000000002e6f4                rpl_ext_header_update
                0x000000000002e79e                rpl_ext_header_remove
 .text          0x000000000002e9a3     0x16eb build/cooja/contiki-ng-cooja.a(rpl-icmp6.o)
                0x000000000002eb37                rpl_icmp6_update_nbr_table
                0x000000000002ebec                rpl_icmp6_dis_output
                0x000000000002f310                rpl_icmp6_dio_output
                0x000000000002fc40                rpl_icmp6_dao_output
                0x000000000002ffb1                rpl_icmp6_dao_ack_output
                0x0000000000030047                rpl_icmp6_init
 .text          0x000000000003008e      0x36f build/cooja/contiki-ng-cooja.a(rpl-mrhof.o)
 .text          0x00000000000303fd       0x8c build/cooja/contiki-ng-cooja.a(rpl-nbr-policy.o)
                0x0000000000030445                rpl_nbr_gc_get_worst
 .text          0x0000000000030489      0xadd build/cooja/contiki-ng-cooja.a(rpl-neighbor.o)
                0x000000000003051c                rpl_neighbor_snprint
                0x000000000003084a                rpl_neighbor_print_list
                0x0000000000030921                rpl_neighbor_count
                0x0000000000030a0c                rpl_neighbor_get_from_lladdr
                0x0000000000030a37                rpl_neighbor_is_acceptable_parent
                0x0000000000030a83                rpl_neighbor_get_link_metric
                0x0000000000030acf                rpl_neighbor_rank_via_nbr
                0x0000000000030b1b                rpl_neighbor_get_lladdr
                0x0000000000030b46                rpl_neighbor_get_ipaddr
                0x0000000000030b74                rpl_neighbor_get_link_stats
                0x0000000000030ba2                rpl_neighbor_is_fresh
                0x0000000000030bd0                rpl_neighbor_is_parent
                0x0000000000030c09                rpl_neighbor_set_preferred_parent
                0x0000000000030cc0                rpl_neighbor_remove_all
                0x0000000000030d26                rpl_neighbor_get_from_ipaddr
                0x0000000000030e5f                rpl_neighbor_select_best
                0x0000000000030f3f                rpl_neighbor_init
 .text          0x0000000000030f66      0xd3d build/cooja/contiki-ng-cooja.a(rpl-timers.o)
                0x0000000000030f66                rpl_timers_schedule_periodic_dis
                0x000000000003111c                rpl_timers_dio_reset
                0x00000000000312a0                rpl_timers_schedule_unicast_dio
                0x0000000000031487                rpl_timers_schedule_dao
                0x000000000003158d                rpl_timers_schedule_dao_ack
                0x0000000000031652                rpl_timers_notify_dao_ack
                0x00000000000316c7                get_probing_delay
                0x000000000003170e                get_probing_target
                0x000000000003194c                rpl_schedule_probing
                0x0000000000031993                rpl_schedule_probing_now
                0x0000000000031a21                rpl_timers_unschedule_leaving
                0x0000000000031a6b                rpl_timers_schedule_leaving
                0x0000000000031ac9                rpl_timers_init
                0x0000000000031b7b                rpl_timers_stop_dag_timers
                0x0000000000031c1d                rpl_timers_unschedule_state_update
                0x0000000000031c4a                rpl_timers_schedule_state_update
 .text          0x0000000000031ca3       0x34 build/cooja/contiki-ng-cooja.a(assert.o)
                0x0000000000031ca3                _xassert
 .text          0x0000000000031cd7       0x3a build/cooja/contiki-ng-cooja.a(mac.o)
                0x0000000000031cd7                mac_call_sent_callback
 .text          0x0000000000031d11      0xca9 build/cooja/contiki-ng-cooja.a(frame802154.o)
                0x0000000000031d3f                frame802154_get_pan_id
                0x0000000000031d50                frame802154_set_pan_id
                0x0000000000031d6c                frame802154_has_panid
                0x0000000000031f4b                frame802154_check_dest_panid
                0x0000000000031fe9                frame802154_is_broadcast_addr
                0x0000000000032040                frame802154_extract_linkaddr
                0x00000000000322da                frame802154_hdrlen
                0x0000000000032359                frame802154_create_fcf
                0x000000000003242b                frame802154_create
                0x00000000000325d5                frame802154_parse_fcf
                0x00000000000326cc                frame802154_parse
 .text          0x00000000000329ba        0x0 /usr/lib/gcc/x86_64-linux-gnu/11/crtendS.o
 .text          0x00000000000329ba        0x0 /usr/lib/gcc/x86_64-linux-gnu/11/../../../x86_64-linux-gnu/crtn.o
 *(.gnu.warning)

.fini           0x00000000000329bc        0xd
 *(SORT_NONE(.fini))
 .fini          0x00000000000329bc        0x8 /usr/lib/gcc/x86_64-linux-gnu/11/../../../x86_64-linux-gnu/crti.o
                0x00000000000329bc                _fini
 .fini          0x00000000000329c4        0x5 /usr/lib/gcc/x86_64-linux-gnu/11/../../../x86_64-linux-gnu/crtn.o
                [!provide]                        PROVIDE (__etext = .)
                [!provide]                        PROVIDE (_etext = .)
                [!provide]                        PROVIDE (etext = .)
                0x0000000000033000                . = ALIGN (CONSTANT (MAXPAGESIZE))
                0x0000000000033000                . = SEGMENT_START ("rodata-segment", (ALIGN (CONSTANT (MAXPAGESIZE)) + (. & (CONSTANT (MAXPAGESIZE) - 0x1))))

.rodata         0x0000000000033000      0xf7d
 *(.rodata .rodata.* .gnu.linkonce.r.*)
 .rodata        0x0000000000033000      0x4b0 MQTT_server_temperature.o
 .rodata        0x00000000000334b0        0x6 build/cooja/contiki-ng-cooja.a(leds-arch.o)
                0x00000000000334b0                leds_arch_leds
 .rodata        0x00000000000334b6        0x4 build/cooja/contiki-ng-cooja.a(pir-sensor.o)
 .rodata        0x00000000000334ba        0x3 build/cooja/contiki-ng-cooja.a(rs232.o)
 .rodata        0x00000000000334bd        0xa build/cooja/contiki-ng-cooja.a(vib-sensor.o)
 *fill*         0x00000000000334c7        0x1 
 .rodata        0x00000000000334c8       0x26 build/cooja/contiki-ng-cooja.a(cfs-cooja.o)
 *fill*         0x00000000000334ee        0x2 
 .rodata        0x00000000000334f0       0x68 build/cooja/contiki-ng-cooja.a(cooja-radio.o)
 .rodata        0x0000000000033558        0x8 build/cooja/contiki-ng-cooja.a(sensors.o)
 .rodata        0x0000000000033560       0x14 build/cooja/contiki-ng-cooja.a(buttons.o)
                0x000000000003356c                button_hal_button_count
 .rodata        0x0000000000033574      0x29c build/cooja/contiki-ng-cooja.a(mqtt.o)
 .rodata        0x0000000000033810       0xf4 build/cooja/contiki-ng-cooja.a(contiki-main.o)
 .rodata        0x0000000000033904        0xf build/cooja/contiki-ng-cooja.a(ctimer.o)
 .rodata        0x0000000000033913        0xc build/cooja/contiki-ng-cooja.a(etimer.o)
 *fill*         0x000000000003391f        0x1 
 .rodata        0x0000000000033920       0xc0 build/cooja/contiki-ng-cooja.a(log.o)
 .rodata        0x00000000000339e0       0x13 build/cooja/contiki-ng-cooja.a(button-hal.o)
 .rodata        0x00000000000339f3        0xe build/cooja/contiki-ng-cooja.a(serial-line.o)
 *fill*         0x0000000000033a01        0x7 
 .rodata        0x0000000000033a08        0x8 build/cooja/contiki-ng-cooja.a(linkaddr.o)
                0x0000000000033a08                linkaddr_null
 .rodata        0x0000000000033a10      0x280 build/cooja/contiki-ng-cooja.a(strformat.o)
 .rodata        0x0000000000033c90        0x5 build/cooja/contiki-ng-cooja.a(csma.o)
 .rodata        0x0000000000033c95       0x1d build/cooja/contiki-ng-cooja.a(sicslowpan.o)
                0x0000000000033c95                unc_llconf
                0x0000000000033c99                unc_ctxconf
                0x0000000000033c9d                unc_mxconf
                0x0000000000033ca1                llprefix
 .rodata        0x0000000000033cb2       0x13 build/cooja/contiki-ng-cooja.a(tcp-socket.o)
 .rodata        0x0000000000033cc5        0xd build/cooja/contiki-ng-cooja.a(tcpip.o)
 *fill*         0x0000000000033cd2        0x6 
 .rodata        0x0000000000033cd8       0x4c build/cooja/contiki-ng-cooja.a(uip-ds6-route.o)
 .rodata        0x0000000000033d24       0x48 build/cooja/contiki-ng-cooja.a(uip6.o)
 .rodata        0x0000000000033d6c       0x2d build/cooja/contiki-ng-cooja.a(uiplib.o)
 .rodata        0x0000000000033d99        0x9 build/cooja/contiki-ng-cooja.a(rpl.o)
 *fill*         0x0000000000033da2        0x6 
 .rodata        0x0000000000033da8       0x2a build/cooja/contiki-ng-cooja.a(csma-output.o)
 .rodata        0x0000000000033dd2       0x44 build/cooja/contiki-ng-cooja.a(uip-sr.o)
 .rodata        0x0000000000033e16       0xd7 build/cooja/contiki-ng-cooja.a(rpl-dag.o)
 *fill*         0x0000000000033eed        0x3 
 .rodata        0x0000000000033ef0       0x58 build/cooja/contiki-ng-cooja.a(rpl-neighbor.o)
 .rodata        0x0000000000033f48        0xc build/cooja/contiki-ng-cooja.a(rpl-timers.o)
 *fill*         0x0000000000033f54        0x4 
 .rodata        0x0000000000033f58       0x25 build/cooja/contiki-ng-cooja.a(assert.o)

.rodata1
 *(.rodata1)

.eh_frame_hdr   0x0000000000033f80     0x1914
 *(.eh_frame_hdr)
 .eh_frame_hdr  0x0000000000033f80     0x1914 MQTT_server_temperature.o
                0x0000000000033f80                __GNU_EH_FRAME_HDR
 *(.eh_frame_entry .eh_frame_entry.*)

.eh_frame       0x0000000000035898     0x64b8
 *(.eh_frame)
 .eh_frame      0x0000000000035898       0x40 /usr/lib/gcc/x86_64-linux-gnu/11/../../../x86_64-linux-gnu/crti.o
 .eh_frame      0x00000000000358d8       0x18 /usr/lib/gcc/x86_64-linux-gnu/11/../../../x86_64-linux-gnu/crti.o
                                         0x30 (size before relaxing)
 .eh_frame      0x00000000000358f0       0x18 /usr/lib/gcc/x86_64-linux-gnu/11/../../../x86_64-linux-gnu/crti.o
                                         0x30 (size before relaxing)
 .eh_frame      0x0000000000035908      0x128 MQTT_server_temperature.o
                                        0x140 (size before relaxing)
 .eh_frame      0x0000000000035a30      0x198 build/cooja/mtype923640069.o
                                        0x1b0 (size before relaxing)
 .eh_frame      0x0000000000035bc8       0x40 build/cooja/contiki-ng-cooja.a(simEnvChange.o)
                                         0x58 (size before relaxing)
 .eh_frame      0x0000000000035c08       0x60 build/cooja/contiki-ng-cooja.a(cooja_mt.o)
                                         0x78 (size before relaxing)
 .eh_frame      0x0000000000035c68       0x80 build/cooja/contiki-ng-cooja.a(cooja_mtarch.o)
                                         0x98 (size before relaxing)
 .eh_frame      0x0000000000035ce8       0xc0 build/cooja/contiki-ng-cooja.a(rtimer-arch.o)
                                         0xd8 (size before relaxing)
 .eh_frame      0x0000000000035da8      0x160 build/cooja/contiki-ng-cooja.a(beep.o)
                                        0x178 (size before relaxing)
 .eh_frame      0x0000000000035f08       0x80 build/cooja/contiki-ng-cooja.a(leds-arch.o)
                                         0x98 (size before relaxing)
 .eh_frame      0x0000000000035f88       0x40 build/cooja/contiki-ng-cooja.a(moteid.o)
                                         0x58 (size before relaxing)
 .eh_frame      0x0000000000035fc8       0xa0 build/cooja/contiki-ng-cooja.a(pir-sensor.o)
                                         0xb8 (size before relaxing)
 .eh_frame      0x0000000000036068      0x100 build/cooja/contiki-ng-cooja.a(rs232.o)
                                        0x118 (size before relaxing)
 .eh_frame      0x0000000000036168       0xa0 build/cooja/contiki-ng-cooja.a(vib-sensor.o)
                                         0xb8 (size before relaxing)
 .eh_frame      0x0000000000036208       0xc0 build/cooja/contiki-ng-cooja.a(clock.o)
                                         0xd8 (size before relaxing)
 .eh_frame      0x00000000000362c8      0x100 build/cooja/contiki-ng-cooja.a(cooja-log.o)
                                        0x118 (size before relaxing)
 .eh_frame      0x00000000000363c8      0x160 build/cooja/contiki-ng-cooja.a(cfs-cooja.o)
                                        0x178 (size before relaxing)
 .eh_frame      0x0000000000036528      0x360 build/cooja/contiki-ng-cooja.a(cooja-radio.o)
                                        0x378 (size before relaxing)
 .eh_frame      0x0000000000036888       0xa0 build/cooja/contiki-ng-cooja.a(eeprom.o)
                                         0xb8 (size before relaxing)
 .eh_frame      0x0000000000036928       0x40 build/cooja/contiki-ng-cooja.a(random.o)
                                         0x58 (size before relaxing)
 .eh_frame      0x0000000000036968       0xc0 build/cooja/contiki-ng-cooja.a(sensors.o)
                                         0xd8 (size before relaxing)
 .eh_frame      0x0000000000036a28      0x120 build/cooja/contiki-ng-cooja.a(leds.o)
                                        0x138 (size before relaxing)
 .eh_frame      0x0000000000036b48      0x220 build/cooja/contiki-ng-cooja.a(gpio-hal-arch.o)
                                        0x238 (size before relaxing)
 .eh_frame      0x0000000000036d68       0xa0 build/cooja/contiki-ng-cooja.a(buttons.o)
                                         0xb8 (size before relaxing)
 .eh_frame      0x0000000000036e08      0x4e0 build/cooja/contiki-ng-cooja.a(mqtt.o)
                                        0x4f8 (size before relaxing)
 .eh_frame      0x00000000000372e8       0x20 build/cooja/contiki-ng-cooja.a(contiki-main.o)
                                         0x38 (size before relaxing)
 .eh_frame      0x0000000000037308       0x40 build/cooja/contiki-ng-cooja.a(autostart.o)
                                         0x58 (size before relaxing)
 .eh_frame      0x0000000000037348      0x100 build/cooja/contiki-ng-cooja.a(ctimer.o)
                                        0x118 (size before relaxing)
 .eh_frame      0x0000000000037448       0x60 build/cooja/contiki-ng-cooja.a(energest.o)
                                         0x78 (size before relaxing)
 .eh_frame      0x00000000000374a8      0x1e0 build/cooja/contiki-ng-cooja.a(etimer.o)
                                        0x1f8 (size before relaxing)
 .eh_frame      0x0000000000037688      0x120 build/cooja/contiki-ng-cooja.a(log.o)
                                        0x138 (size before relaxing)
 .eh_frame      0x00000000000377a8       0x20 build/cooja/contiki-ng-cooja.a(node-id.o)
                                         0x38 (size before relaxing)
 .eh_frame      0x00000000000377c8      0x1c8 build/cooja/contiki-ng-cooja.a(process.o)
                                        0x1e0 (size before relaxing)
 .eh_frame      0x0000000000037990       0x60 build/cooja/contiki-ng-cooja.a(rtimer.o)
                                         0x78 (size before relaxing)
 .eh_frame      0x00000000000379f0       0xa0 build/cooja/contiki-ng-cooja.a(timer.o)
                                         0xb8 (size before relaxing)
 .eh_frame      0x0000000000037a90      0x1a0 build/cooja/contiki-ng-cooja.a(list.o)
                                        0x1b8 (size before relaxing)
 .eh_frame      0x0000000000037c30      0x160 build/cooja/contiki-ng-cooja.a(button-hal.o)
                                        0x178 (size before relaxing)
 .eh_frame      0x0000000000037d90       0xe0 build/cooja/contiki-ng-cooja.a(gpio-hal.o)
                                         0xf8 (size before relaxing)
 .eh_frame      0x0000000000037e70       0x60 build/cooja/contiki-ng-cooja.a(serial-line.o)
                                         0x78 (size before relaxing)
 .eh_frame      0x0000000000037ed0       0x60 build/cooja/contiki-ng-cooja.a(linkaddr.o)
                                         0x78 (size before relaxing)
 .eh_frame      0x0000000000037f30       0x80 build/cooja/contiki-ng-cooja.a(netstack.o)
                                         0x98 (size before relaxing)
 .eh_frame      0x0000000000037fb0      0x288 build/cooja/contiki-ng-cooja.a(packetbuf.o)
                                        0x2a0 (size before relaxing)
 .eh_frame      0x0000000000038238      0x1a0 build/cooja/contiki-ng-cooja.a(queuebuf.o)
                                        0x1b8 (size before relaxing)
 .eh_frame      0x00000000000383d8       0x40 build/cooja/contiki-ng-cooja.a(printf.o)
                                         0x58 (size before relaxing)
 .eh_frame      0x0000000000038418       0x20 build/cooja/contiki-ng-cooja.a(putchar.o)
                                         0x38 (size before relaxing)
 .eh_frame      0x0000000000038438       0x20 build/cooja/contiki-ng-cooja.a(puts.o)
                                         0x38 (size before relaxing)
 .eh_frame      0x0000000000038458       0x60 build/cooja/contiki-ng-cooja.a(snprintf.o)
                                         0x78 (size before relaxing)
 .eh_frame      0x00000000000384b8       0x40 build/cooja/contiki-ng-cooja.a(sprintf.o)
                                         0x58 (size before relaxing)
 .eh_frame      0x00000000000384f8      0x120 build/cooja/contiki-ng-cooja.a(strformat.o)
                                        0x138 (size before relaxing)
 .eh_frame      0x0000000000038618       0xe0 build/cooja/contiki-ng-cooja.a(csma.o)
                                         0xf8 (size before relaxing)
 .eh_frame      0x00000000000386f8      0x2e0 build/cooja/contiki-ng-cooja.a(sicslowpan.o)
                                        0x2f8 (size before relaxing)
 .eh_frame      0x00000000000389d8      0x248 build/cooja/contiki-ng-cooja.a(tcp-socket.o)
                                        0x260 (size before relaxing)
 .eh_frame      0x0000000000038c20      0x308 build/cooja/contiki-ng-cooja.a(tcpip.o)
                                        0x320 (size before relaxing)
 .eh_frame      0x0000000000038f28      0x1c0 build/cooja/contiki-ng-cooja.a(uip-ds6-nbr.o)
                                        0x1d8 (size before relaxing)
 .eh_frame      0x00000000000390e8      0x240 build/cooja/contiki-ng-cooja.a(uip-ds6-route.o)
                                        0x258 (size before relaxing)
 .eh_frame      0x0000000000039328      0x328 build/cooja/contiki-ng-cooja.a(uip-ds6.o)
                                        0x340 (size before relaxing)
 .eh_frame      0x0000000000039650       0xe0 build/cooja/contiki-ng-cooja.a(uip-packetqueue.o)
                                         0xf8 (size before relaxing)
 .eh_frame      0x0000000000039730      0x2b0 build/cooja/contiki-ng-cooja.a(uip6.o)
                                        0x2c8 (size before relaxing)
 .eh_frame      0x00000000000399e0      0x200 build/cooja/contiki-ng-cooja.a(uipbuf.o)
                                        0x218 (size before relaxing)
 .eh_frame      0x0000000000039be0       0x80 build/cooja/contiki-ng-cooja.a(uiplib.o)
                                         0x98 (size before relaxing)
 .eh_frame      0x0000000000039c60      0x1e0 build/cooja/contiki-ng-cooja.a(rpl.o)
                                        0x1f8 (size before relaxing)
 .eh_frame      0x0000000000039e40       0xa0 build/cooja/contiki-ng-cooja.a(watchdog.o)
                                         0xb8 (size before relaxing)
 .eh_frame      0x0000000000039ee0       0x80 build/cooja/contiki-ng-cooja.a(int-master.o)
                                         0x98 (size before relaxing)
 .eh_frame      0x0000000000039f60       0xc0 build/cooja/contiki-ng-cooja.a(stimer.o)
                                         0xd8 (size before relaxing)
 .eh_frame      0x000000000003a020       0xa0 build/cooja/contiki-ng-cooja.a(memb.o)
                                         0xb8 (size before relaxing)
 .eh_frame      0x000000000003a0c0       0xa0 build/cooja/contiki-ng-cooja.a(ringbuf.o)
                                         0xb8 (size before relaxing)
 .eh_frame      0x000000000003a160      0x120 build/cooja/contiki-ng-cooja.a(link-stats.o)
                                        0x138 (size before relaxing)
 .eh_frame      0x000000000003a280      0x3e0 build/cooja/contiki-ng-cooja.a(nbr-table.o)
                                        0x3f8 (size before relaxing)
 .eh_frame      0x000000000003a660       0x48 build/cooja/contiki-ng-cooja.a(mac-sequence.o)
                                         0x60 (size before relaxing)
 .eh_frame      0x000000000003a6a8       0xa8 build/cooja/contiki-ng-cooja.a(framer-802154.o)
                                         0xc0 (size before relaxing)
 .eh_frame      0x000000000003a750      0x1c8 build/cooja/contiki-ng-cooja.a(csma-output.o)
                                        0x1e0 (size before relaxing)
 .eh_frame      0x000000000003a918       0x40 build/cooja/contiki-ng-cooja.a(csma-security.o)
                                         0x58 (size before relaxing)
 .eh_frame      0x000000000003a958      0x148 build/cooja/contiki-ng-cooja.a(uip-icmp6.o)
                                        0x160 (size before relaxing)
 .eh_frame      0x000000000003aaa0       0x80 build/cooja/contiki-ng-cooja.a(uip-nd6.o)
                                         0x98 (size before relaxing)
 .eh_frame      0x000000000003ab20      0x180 build/cooja/contiki-ng-cooja.a(uip-sr.o)
                                        0x198 (size before relaxing)
 .eh_frame      0x000000000003aca0       0xa0 build/cooja/contiki-ng-cooja.a(rpl-dag-root.o)
                                         0xb8 (size before relaxing)
 .eh_frame      0x000000000003ad40      0x360 build/cooja/contiki-ng-cooja.a(rpl-dag.o)
                                        0x378 (size before relaxing)
 .eh_frame      0x000000000003b0a0      0x128 build/cooja/contiki-ng-cooja.a(rpl-ext-header.o)
                                        0x140 (size before relaxing)
 .eh_frame      0x000000000003b1c8      0x1c0 build/cooja/contiki-ng-cooja.a(rpl-icmp6.o)
                                        0x1d8 (size before relaxing)
 .eh_frame      0x000000000003b388      0x148 build/cooja/contiki-ng-cooja.a(rpl-mrhof.o)
                                        0x160 (size before relaxing)
 .eh_frame      0x000000000003b4d0       0x40 build/cooja/contiki-ng-cooja.a(rpl-nbr-policy.o)
                                         0x58 (size before relaxing)
 .eh_frame      0x000000000003b510      0x2b0 build/cooja/contiki-ng-cooja.a(rpl-neighbor.o)
                                        0x2c8 (size before relaxing)
 .eh_frame      0x000000000003b7c0      0x3a8 build/cooja/contiki-ng-cooja.a(rpl-timers.o)
                                        0x3c0 (size before relaxing)
 .eh_frame      0x000000000003bb68       0x20 build/cooja/contiki-ng-cooja.a(assert.o)
                                         0x38 (size before relaxing)
 .eh_frame      0x000000000003bb88       0x20 build/cooja/contiki-ng-cooja.a(mac.o)
                                         0x38 (size before relaxing)
 .eh_frame      0x000000000003bba8      0x1a4 build/cooja/contiki-ng-cooja.a(frame802154.o)
                                        0x1c0 (size before relaxing)
 .eh_frame      0x000000000003bd4c        0x4 /usr/lib/gcc/x86_64-linux-gnu/11/crtendS.o
 *(.eh_frame.*)

.gcc_except_table
 *(.gcc_except_table .gcc_except_table.*)

.gnu_extab
 *(.gnu_extab*)

.exception_ranges
 *(.exception_ranges*)
                0x000000000003d6f0                . = DATA_SEGMENT_ALIGN (CONSTANT (MAXPAGESIZE), CONSTANT (COMMONPAGESIZE))

.eh_frame
 *(.eh_frame)
 *(.eh_frame.*)

.gnu_extab
 *(.gnu_extab)

.gcc_except_table
 *(.gcc_except_table .gcc_except_table.*)

.exception_ranges
 *(.exception_ranges*)

.tdata
 *(.tdata .tdata.* .gnu.linkonce.td.*)

.tbss
 *(.tbss .tbss.* .gnu.linkonce.tb.*)
 *(.tcommon)

.preinit_array
 *(.preinit_array)

.init_array     0x000000000003d6f0        0x8
 *(SORT_BY_INIT_PRIORITY(.init_array.*) SORT_BY_INIT_PRIORITY(.ctors.*))
 *(.init_array EXCLUDE_FILE(*crtend?.o *crtend.o *crtbegin?.o *crtbegin.o) .ctors)
 .init_array    0x000000000003d6f0        0x8 /usr/lib/gcc/x86_64-linux-gnu/11/crtbeginS.o

.fini_array     0x000000000003d6f8        0x8
 *(SORT_BY_INIT_PRIORITY(.fini_array.*) SORT_BY_INIT_PRIORITY(.dtors.*))
 *(.fini_array EXCLUDE_FILE(*crtend?.o *crtend.o *crtbegin?.o *crtbegin.o) .dtors)
 .fini_array    0x000000000003d6f8        0x8 /usr/lib/gcc/x86_64-linux-gnu/11/crtbeginS.o

.ctors
 *crtbegin.o(.ctors)
 *crtbegin?.o(.ctors)
 *(EXCLUDE_FILE(*crtend?.o *crtend.o) .ctors)
 *(SORT_BY_NAME(.ctors.*))
 *(.ctors)

.dtors
 *crtbegin.o(.dtors)
 *crtbegin?.o(.dtors)
 *(EXCLUDE_FILE(*crtend?.o *crtend.o) .dtors)
 *(SORT_BY_NAME(.dtors.*))
 *(.dtors)

.jcr
 *(.jcr)

.data.rel.ro    0x000000000003d700      0x350
 *(.data.rel.ro.local* .gnu.linkonce.d.rel.ro.local.*)
 .data.rel.ro.local
                0x000000000003d700       0x10 build/cooja/contiki-ng-cooja.a(beep.o)
                0x000000000003d700                beep_interface
 .data.rel.ro.local
                0x000000000003d710       0x10 build/cooja/contiki-ng-cooja.a(leds-arch.o)
                0x000000000003d710                leds_interface
 .data.rel.ro.local
                0x000000000003d720       0x10 build/cooja/contiki-ng-cooja.a(moteid.o)
                0x000000000003d720                moteid_interface
 *fill*         0x000000000003d730       0x10 
 .data.rel.ro.local
                0x000000000003d740       0x40 build/cooja/contiki-ng-cooja.a(pir-sensor.o)
                0x000000000003d740                pir_interface
                0x000000000003d760                pir_sensor
 .data.rel.ro.local
                0x000000000003d780       0x10 build/cooja/contiki-ng-cooja.a(rs232.o)
                0x000000000003d780                rs232_interface
 *fill*         0x000000000003d790       0x10 
 .data.rel.ro.local
                0x000000000003d7a0       0x40 build/cooja/contiki-ng-cooja.a(vib-sensor.o)
                0x000000000003d7a0                vib_interface
                0x000000000003d7c0                vib_sensor
 .data.rel.ro.local
                0x000000000003d7e0       0x10 build/cooja/contiki-ng-cooja.a(clock.o)
                0x000000000003d7e0                clock_interface
 .data.rel.ro.local
                0x000000000003d7f0       0x10 build/cooja/contiki-ng-cooja.a(cooja-log.o)
                0x000000000003d7f0                simlog_interface
 .data.rel.ro.local
                0x000000000003d800       0x10 build/cooja/contiki-ng-cooja.a(cfs-cooja.o)
                0x000000000003d800                cfs_interface
 *fill*         0x000000000003d810       0x10 
 .data.rel.ro.local
                0x000000000003d820       0x90 build/cooja/contiki-ng-cooja.a(cooja-radio.o)
                0x000000000003d820                radio_interface
                0x000000000003d840                cooja_radio_driver
 .data.rel.ro.local
                0x000000000003d8b0       0x10 build/cooja/contiki-ng-cooja.a(eeprom.o)
                0x000000000003d8b0                eeprom_interface
 .data.rel.ro.local
                0x000000000003d8c0       0x40 build/cooja/contiki-ng-cooja.a(buttons.o)
                0x000000000003d8c0                button_interface
                0x000000000003d8e0                button_sensor
 .data.rel.ro.local
                0x000000000003d900       0x38 build/cooja/contiki-ng-cooja.a(csma.o)
                0x000000000003d900                csma_driver
 *fill*         0x000000000003d938        0x8 
 .data.rel.ro.local
                0x000000000003d940       0x18 build/cooja/contiki-ng-cooja.a(framer-802154.o)
                0x000000000003d940                framer_802154
 *(.data.rel.ro .data.rel.ro.* .gnu.linkonce.d.rel.ro.*)
 .data.rel.ro   0x000000000003d958        0x0 /usr/lib/gcc/x86_64-linux-gnu/11/../../../x86_64-linux-gnu/crti.o
 *fill*         0x000000000003d958        0x8 
 .data.rel.ro   0x000000000003d960       0x10 MQTT_server_temperature.o
                0x000000000003d960                autostart_processes
 *fill*         0x000000000003d970       0x10 
 .data.rel.ro   0x000000000003d980       0x20 build/cooja/contiki-ng-cooja.a(sicslowpan.o)
                0x000000000003d980                sicslowpan_driver
 .data.rel.ro   0x000000000003d9a0       0xa8 build/cooja/contiki-ng-cooja.a(rpl.o)
                0x000000000003d9a0                rpl_lite_driver
 .data.rel.ro   0x000000000003da48        0x8 build/cooja/contiki-ng-cooja.a(rpl-dag.o)

.dynamic        0x000000000003da50      0x1c0
 *(.dynamic)
 .dynamic       0x000000000003da50      0x1c0 /usr/lib/gcc/x86_64-linux-gnu/11/../../../x86_64-linux-gnu/crti.o
                0x000000000003da50                _DYNAMIC

.got            0x000000000003dc10      0x3f0
 *(.got)
 .got           0x000000000003dc10      0x3f0 /usr/lib/gcc/x86_64-linux-gnu/11/../../../x86_64-linux-gnu/crti.o
 *(.igot)
                0x000000000003efe8                . = DATA_SEGMENT_RELRO_END (., (SIZEOF (.got.plt) >= 0x18)?0x18:0x0)

.got.plt        0x000000000003e000      0xbe8
 *(.got.plt)
 .got.plt       0x000000000003e000      0xbe8 /usr/lib/gcc/x86_64-linux-gnu/11/../../../x86_64-linux-gnu/crti.o
                0x000000000003e000                _GLOBAL_OFFSET_TABLE_
 *(.igot.plt)

.data           0x000000000003ec00      0x812
 *(.data .data.* .gnu.linkonce.d.*)
 .data          0x000000000003ec00        0x0 /usr/lib/gcc/x86_64-linux-gnu/11/../../../x86_64-linux-gnu/crti.o
 .data          0x000000000003ec00        0x0 /usr/lib/gcc/x86_64-linux-gnu/11/crtbeginS.o
 .data.rel.local
                0x000000000003ec00        0x8 /usr/lib/gcc/x86_64-linux-gnu/11/crtbeginS.o
                0x000000000003ec00                __dso_handle
 .data          0x000000000003ec08        0x4 MQTT_server_temperature.o
 *fill*         0x000000000003ec0c       0x14 
 .data.rel.local
                0x000000000003ec20       0x40 MQTT_server_temperature.o
                0x000000000003ec40                mqtt_client_temperature
 .data          0x000000000003ec60        0x0 build/cooja/mtype923640069.o
 .data.rel      0x000000000003ec60       0xa0 build/cooja/mtype923640069.o
                0x000000000003ec60                simInterfaces
                0x000000000003ece0                sensors
 .data          0x000000000003ed00        0x0 build/cooja/contiki-ng-cooja.a(simEnvChange.o)
 .data          0x000000000003ed00        0x0 build/cooja/contiki-ng-cooja.a(cooja_mt.o)
 .data          0x000000000003ed00        0x0 build/cooja/contiki-ng-cooja.a(cooja_mtarch.o)
 .data          0x000000000003ed00        0x0 build/cooja/contiki-ng-cooja.a(rtimer-arch.o)
 .data          0x000000000003ed00        0x0 build/cooja/contiki-ng-cooja.a(beep.o)
 .data          0x000000000003ed00        0x0 build/cooja/contiki-ng-cooja.a(leds-arch.o)
 .data          0x000000000003ed00        0x0 build/cooja/contiki-ng-cooja.a(moteid.o)
 .data          0x000000000003ed00        0x0 build/cooja/contiki-ng-cooja.a(pir-sensor.o)
 .data          0x000000000003ed00        0x0 build/cooja/contiki-ng-cooja.a(rs232.o)
 .data          0x000000000003ed00        0x0 build/cooja/contiki-ng-cooja.a(vib-sensor.o)
 .data          0x000000000003ed00        0x0 build/cooja/contiki-ng-cooja.a(clock.o)
 .data          0x000000000003ed00        0x0 build/cooja/contiki-ng-cooja.a(cooja-log.o)
 .data          0x000000000003ed00        0x0 build/cooja/contiki-ng-cooja.a(cfs-cooja.o)
 .data          0x000000000003ed00       0x20 build/cooja/contiki-ng-cooja.a(cooja-radio.o)
                0x000000000003ed00                simRadioHWOn
                0x000000000003ed04                simSignalStrength
                0x000000000003ed08                simLastSignalStrength
                0x000000000003ed0c                simPower
                0x000000000003ed10                simRadioChannel
                0x000000000003ed14                simLQI
                0x000000000003ed18                simLastLQI
 .data.rel.local
                0x000000000003ed20       0x20 build/cooja/contiki-ng-cooja.a(cooja-radio.o)
                0x000000000003ed20                cooja_radio_process
 .data          0x000000000003ed40        0x0 build/cooja/contiki-ng-cooja.a(eeprom.o)
 .data          0x000000000003ed40        0x0 build/cooja/contiki-ng-cooja.a(random.o)
 .data          0x000000000003ed40        0x0 build/cooja/contiki-ng-cooja.a(sensors.o)
 .data.rel.local
                0x000000000003ed40       0x20 build/cooja/contiki-ng-cooja.a(sensors.o)
                0x000000000003ed40                sensors_process
 .data          0x000000000003ed60        0x0 build/cooja/contiki-ng-cooja.a(leds.o)
 .data          0x000000000003ed60        0x0 build/cooja/contiki-ng-cooja.a(gpio-hal-arch.o)
 .data          0x000000000003ed60        0x1 build/cooja/contiki-ng-cooja.a(buttons.o)
                0x000000000003ed60                simButtonIsActive
 *fill*         0x000000000003ed61       0x1f 
 .data.rel.local
                0x000000000003ed80       0xb0 build/cooja/contiki-ng-cooja.a(buttons.o)
                0x000000000003ee20                button_hal_buttons
 .data          0x000000000003ee30        0x0 build/cooja/contiki-ng-cooja.a(mqtt.o)
 *fill*         0x000000000003ee30       0x10 
 .data.rel.local
                0x000000000003ee40       0x40 build/cooja/contiki-ng-cooja.a(mqtt.o)
                0x000000000003ee60                mqtt_process
 .data          0x000000000003ee80        0x0 build/cooja/contiki-ng-cooja.a(contiki-main.o)
 .data          0x000000000003ee80        0x0 build/cooja/contiki-ng-cooja.a(autostart.o)
 .data          0x000000000003ee80        0x0 build/cooja/contiki-ng-cooja.a(ctimer.o)
 .data.rel.local
                0x000000000003ee80       0x40 build/cooja/contiki-ng-cooja.a(ctimer.o)
                0x000000000003eea0                ctimer_process
 .data          0x000000000003eec0        0x0 build/cooja/contiki-ng-cooja.a(energest.o)
 .data          0x000000000003eec0        0x0 build/cooja/contiki-ng-cooja.a(etimer.o)
 .data.rel.local
                0x000000000003eec0       0x20 build/cooja/contiki-ng-cooja.a(etimer.o)
                0x000000000003eec0                etimer_process
 .data          0x000000000003eee0        0x4 build/cooja/contiki-ng-cooja.a(log.o)
                0x000000000003eee0                curr_log_level_main
 *fill*         0x000000000003eee4       0x1c 
 .data.rel      0x000000000003ef00      0x138 build/cooja/contiki-ng-cooja.a(log.o)
                0x000000000003ef00                all_modules
 .data          0x000000000003f038        0x0 build/cooja/contiki-ng-cooja.a(node-id.o)
 .data          0x000000000003f038        0x0 build/cooja/contiki-ng-cooja.a(process.o)
 .data          0x000000000003f038        0x0 build/cooja/contiki-ng-cooja.a(rtimer.o)
 .data          0x000000000003f038        0x0 build/cooja/contiki-ng-cooja.a(timer.o)
 .data          0x000000000003f038        0x0 build/cooja/contiki-ng-cooja.a(list.o)
 .data          0x000000000003f038        0x0 build/cooja/contiki-ng-cooja.a(button-hal.o)
 *fill*         0x000000000003f038        0x8 
 .data.rel.local
                0x000000000003f040       0x20 build/cooja/contiki-ng-cooja.a(button-hal.o)
                0x000000000003f040                button_hal_process
 .data          0x000000000003f060        0x0 build/cooja/contiki-ng-cooja.a(gpio-hal.o)
 .data.rel.local
                0x000000000003f060        0x8 build/cooja/contiki-ng-cooja.a(gpio-hal.o)
 .data          0x000000000003f068        0x0 build/cooja/contiki-ng-cooja.a(serial-line.o)
 *fill*         0x000000000003f068       0x18 
 .data.rel.local
                0x000000000003f080       0x20 build/cooja/contiki-ng-cooja.a(serial-line.o)
                0x000000000003f080                serial_line_process
 .data          0x000000000003f0a0        0x0 build/cooja/contiki-ng-cooja.a(linkaddr.o)
 .data          0x000000000003f0a0        0x0 build/cooja/contiki-ng-cooja.a(netstack.o)
 .data.rel.local
                0x000000000003f0a0        0x8 build/cooja/contiki-ng-cooja.a(netstack.o)
 .data          0x000000000003f0a8        0x0 build/cooja/contiki-ng-cooja.a(packetbuf.o)
 .data.rel.local
                0x000000000003f0a8        0x8 build/cooja/contiki-ng-cooja.a(packetbuf.o)
 .data          0x000000000003f0b0        0x0 build/cooja/contiki-ng-cooja.a(queuebuf.o)
 .data.rel.local
                0x000000000003f0b0       0x38 build/cooja/contiki-ng-cooja.a(queuebuf.o)
 .data          0x000000000003f0e8        0x0 build/cooja/contiki-ng-cooja.a(printf.o)
 *fill*         0x000000000003f0e8        0x8 
 .data.rel.local
                0x000000000003f0f0       0x10 build/cooja/contiki-ng-cooja.a(printf.o)
 .data          0x000000000003f100        0x0 build/cooja/contiki-ng-cooja.a(putchar.o)
 .data          0x000000000003f100        0x0 build/cooja/contiki-ng-cooja.a(puts.o)
 .data          0x000000000003f100        0x0 build/cooja/contiki-ng-cooja.a(snprintf.o)
 .data          0x000000000003f100        0x0 build/cooja/contiki-ng-cooja.a(sprintf.o)
 .data          0x000000000003f100        0x0 build/cooja/contiki-ng-cooja.a(strformat.o)
 .data          0x000000000003f100        0x0 build/cooja/contiki-ng-cooja.a(csma.o)
 .data          0x000000000003f100        0x0 build/cooja/contiki-ng-cooja.a(sicslowpan.o)
 .data          0x000000000003f100        0x0 build/cooja/contiki-ng-cooja.a(tcp-socket.o)
 .data.rel.local
                0x000000000003f100       0x40 build/cooja/contiki-ng-cooja.a(tcp-socket.o)
                0x000000000003f120                tcp_socket_process
 .data          0x000000000003f140        0x0 build/cooja/contiki-ng-cooja.a(tcpip.o)
 .data.rel.local
                0x000000000003f140       0x20 build/cooja/contiki-ng-cooja.a(tcpip.o)
                0x000000000003f140                tcpip_process
 .data          0x000000000003f160        0x0 build/cooja/contiki-ng-cooja.a(uip-ds6-nbr.o)
 .data.rel.local
                0x000000000003f160       0x20 build/cooja/contiki-ng-cooja.a(uip-ds6-nbr.o)
 .data          0x000000000003f180        0x0 build/cooja/contiki-ng-cooja.a(uip-ds6-route.o)
 .data.rel.local
                0x000000000003f180       0x28 build/cooja/contiki-ng-cooja.a(uip-ds6-route.o)
 .data          0x000000000003f1a8        0x0 build/cooja/contiki-ng-cooja.a(uip-ds6.o)
 .data          0x000000000003f1a8        0x0 build/cooja/contiki-ng-cooja.a(uip-packetqueue.o)
 *fill*         0x000000000003f1a8        0x8 
 .data.rel.local
                0x000000000003f1b0       0x18 build/cooja/contiki-ng-cooja.a(uip-packetqueue.o)
 .data          0x000000000003f1c8        0x0 build/cooja/contiki-ng-cooja.a(uip6.o)
 .data          0x000000000003f1c8        0x0 build/cooja/contiki-ng-cooja.a(uipbuf.o)
 .data          0x000000000003f1c8        0x0 build/cooja/contiki-ng-cooja.a(uiplib.o)
 .data          0x000000000003f1c8        0x0 build/cooja/contiki-ng-cooja.a(rpl.o)
 .data          0x000000000003f1c8        0x0 build/cooja/contiki-ng-cooja.a(watchdog.o)
 .data          0x000000000003f1c8        0x0 build/cooja/contiki-ng-cooja.a(int-master.o)
 .data          0x000000000003f1c8        0x0 build/cooja/contiki-ng-cooja.a(stimer.o)
 .data          0x000000000003f1c8        0x0 build/cooja/contiki-ng-cooja.a(memb.o)
 .data          0x000000000003f1c8        0x0 build/cooja/contiki-ng-cooja.a(ringbuf.o)
 .data          0x000000000003f1c8        0x0 build/cooja/contiki-ng-cooja.a(link-stats.o)
 *fill*         0x000000000003f1c8        0x8 
 .data.rel.local
                0x000000000003f1d0       0x20 build/cooja/contiki-ng-cooja.a(link-stats.o)
 .data          0x000000000003f1f0        0x0 build/cooja/contiki-ng-cooja.a(nbr-table.o)
 .data.rel.local
                0x000000000003f1f0       0x20 build/cooja/contiki-ng-cooja.a(nbr-table.o)
 .data          0x000000000003f210        0x0 build/cooja/contiki-ng-cooja.a(mac-sequence.o)
 .data          0x000000000003f210        0x0 build/cooja/contiki-ng-cooja.a(framer-802154.o)
 .data          0x000000000003f210        0x0 build/cooja/contiki-ng-cooja.a(csma-output.o)
 .data.rel.local
                0x000000000003f210       0x60 build/cooja/contiki-ng-cooja.a(csma-output.o)
 .data          0x000000000003f270        0x0 build/cooja/contiki-ng-cooja.a(csma-security.o)
 .data          0x000000000003f270        0x0 build/cooja/contiki-ng-cooja.a(uip-icmp6.o)
 .data.rel.local
                0x000000000003f270       0x48 build/cooja/contiki-ng-cooja.a(uip-icmp6.o)
 .data          0x000000000003f2b8        0x0 build/cooja/contiki-ng-cooja.a(uip-nd6.o)
 *fill*         0x000000000003f2b8        0x8 
 .data.rel.local
                0x000000000003f2c0       0x18 build/cooja/contiki-ng-cooja.a(uip-nd6.o)
 .data          0x000000000003f2d8        0x0 build/cooja/contiki-ng-cooja.a(uip-sr.o)
 *fill*         0x000000000003f2d8        0x8 
 .data.rel.local
                0x000000000003f2e0       0x28 build/cooja/contiki-ng-cooja.a(uip-sr.o)
 .data          0x000000000003f308        0x0 build/cooja/contiki-ng-cooja.a(rpl-dag-root.o)
 .data          0x000000000003f308        0x0 build/cooja/contiki-ng-cooja.a(rpl-dag.o)
 .data          0x000000000003f308        0x0 build/cooja/contiki-ng-cooja.a(rpl-ext-header.o)
 .data          0x000000000003f308        0x0 build/cooja/contiki-ng-cooja.a(rpl-icmp6.o)
 *fill*         0x000000000003f308        0x8 
 .data.rel.local
                0x000000000003f310       0x78 build/cooja/contiki-ng-cooja.a(rpl-icmp6.o)
 .data          0x000000000003f388        0x0 build/cooja/contiki-ng-cooja.a(rpl-mrhof.o)
 *fill*         0x000000000003f388       0x18 
 .data.rel.local
                0x000000000003f3a0       0x48 build/cooja/contiki-ng-cooja.a(rpl-mrhof.o)
                0x000000000003f3a0                rpl_mrhof
 .data          0x000000000003f3e8        0x0 build/cooja/contiki-ng-cooja.a(rpl-nbr-policy.o)
 .data          0x000000000003f3e8        0x0 build/cooja/contiki-ng-cooja.a(rpl-neighbor.o)
 *fill*         0x000000000003f3e8        0x8 
 .data.rel.local
                0x000000000003f3f0       0x20 build/cooja/contiki-ng-cooja.a(rpl-neighbor.o)
                0x000000000003f408                rpl_neighbors
 .data          0x000000000003f410        0x0 build/cooja/contiki-ng-cooja.a(rpl-timers.o)
 .data          0x000000000003f410        0x0 build/cooja/contiki-ng-cooja.a(assert.o)
 .data          0x000000000003f410        0x0 build/cooja/contiki-ng-cooja.a(mac.o)
 .data          0x000000000003f410        0x2 build/cooja/contiki-ng-cooja.a(frame802154.o)
 .data          0x000000000003f412        0x0 /usr/lib/gcc/x86_64-linux-gnu/11/crtendS.o
 .data          0x000000000003f412        0x0 /usr/lib/gcc/x86_64-linux-gnu/11/../../../x86_64-linux-gnu/crtn.o

.tm_clone_table
                0x000000000003f418        0x0
 .tm_clone_table
                0x000000000003f418        0x0 /usr/lib/gcc/x86_64-linux-gnu/11/crtbeginS.o
 .tm_clone_table
                0x000000000003f418        0x0 /usr/lib/gcc/x86_64-linux-gnu/11/crtendS.o

.data1
 *(.data1)
                [!provide]                        PROVIDE (_edata = .)
                [!provide]                        PROVIDE (edata = .)
                0x000000000003f418                . = .
                [!provide]                        PROVIDE (__bss_start = .)

.bss            0x000000000003f420    0x18340
 *(.dynbss)
 .dynbss        0x000000000003f420        0x0 /usr/lib/gcc/x86_64-linux-gnu/11/../../../x86_64-linux-gnu/crti.o
 *(.bss .bss.* .gnu.linkonce.b.*)
 .bss           0x000000000003f420        0x0 /usr/lib/gcc/x86_64-linux-gnu/11/../../../x86_64-linux-gnu/crti.o
 .bss           0x000000000003f420        0x1 /usr/lib/gcc/x86_64-linux-gnu/11/crtbeginS.o
 *fill*         0x000000000003f421       0x1f 
 .bss           0x000000000003f440      0xca0 MQTT_server_temperature.o
 .bss           0x00000000000400e0     0x4060 build/cooja/mtype923640069.o
                0x00000000000400e0                sensors_flags
                0x00000000000400e8                referenceVar
 .bss           0x0000000000044140       0x18 build/cooja/contiki-ng-cooja.a(simEnvChange.o)
                0x0000000000044140                simDontFallAsleep
                0x0000000000044144                simProcessRunValue
                0x0000000000044148                simEtimerPending
                0x0000000000044150                simEtimerNextExpirationTime
 .bss           0x0000000000044158        0x8 build/cooja/contiki-ng-cooja.a(cooja_mt.o)
 .bss           0x0000000000044160        0x8 build/cooja/contiki-ng-cooja.a(cooja_mtarch.o)
 .bss           0x0000000000044168       0x18 build/cooja/contiki-ng-cooja.a(rtimer-arch.o)
                0x0000000000044168                simRtimerPending
                0x0000000000044170                simRtimerNextExpirationTime
                0x0000000000044178                simRtimerCurrentTicks
 .bss           0x0000000000044180        0x1 build/cooja/contiki-ng-cooja.a(beep.o)
                0x0000000000044180                simBeeped
 .bss           0x0000000000044181        0x1 build/cooja/contiki-ng-cooja.a(leds-arch.o)
                0x0000000000044181                simLedsValue
 *fill*         0x0000000000044182        0x2 
 .bss           0x0000000000044184        0xc build/cooja/contiki-ng-cooja.a(moteid.o)
                0x0000000000044184                simMoteID
                0x0000000000044188                simMoteIDChanged
                0x000000000004418c                simRandomSeed
 .bss           0x0000000000044190        0x3 build/cooja/contiki-ng-cooja.a(pir-sensor.o)
                0x0000000000044190                simPirChanged
                0x0000000000044191                simPirIsActive
                0x0000000000044192                simPirValue
 *fill*         0x0000000000044193        0xd 
 .bss           0x00000000000441a0      0x810 build/cooja/contiki-ng-cooja.a(rs232.o)
                0x00000000000441a0                simSerialReceivingData
                0x00000000000449a0                simSerialReceivingLength
                0x00000000000449a4                simSerialReceivingFlag
 .bss           0x00000000000449b0        0x3 build/cooja/contiki-ng-cooja.a(vib-sensor.o)
                0x00000000000449b0                simVibChanged
                0x00000000000449b1                simVibIsActive
                0x00000000000449b2                simVibValue
 *fill*         0x00000000000449b3        0x5 
 .bss           0x00000000000449b8        0x8 build/cooja/contiki-ng-cooja.a(clock.o)
                0x00000000000449b8                simCurrentTime
 .bss           0x00000000000449c0     0x200d build/cooja/contiki-ng-cooja.a(cooja-log.o)
                0x00000000000449c0                simLoggedData
                0x00000000000469c0                simLoggedLength
                0x00000000000469c4                simLoggedFlag
 *fill*         0x00000000000469cd       0x13 
 .bss           0x00000000000469e0      0xfc0 build/cooja/contiki-ng-cooja.a(cfs-cooja.o)
                0x00000000000469e0                simCFSData
                0x0000000000047980                simCFSSize
                0x0000000000047984                simCFSChanged
                0x0000000000047988                simCFSRead
                0x000000000004798c                simCFSWritten
 .bss           0x00000000000479a0      0x15c build/cooja/contiki-ng-cooja.a(cooja-radio.o)
                0x00000000000479a0                simReceiving
                0x00000000000479c0                simInDataBuffer
                0x0000000000047a40                simInSize
                0x0000000000047a48                simLastPacketTimestamp
                0x0000000000047a60                simOutDataBuffer
                0x0000000000047ae0                simOutSize
 *fill*         0x0000000000047afc        0x4 
 .bss           0x0000000000047b00      0x40c build/cooja/contiki-ng-cooja.a(eeprom.o)
                0x0000000000047b00                simEEPROMData
                0x0000000000047f00                simEEPROMChanged
                0x0000000000047f04                simEEPROMRead
                0x0000000000047f08                simEEPROMWritten
 .bss           0x0000000000047f0c        0x0 build/cooja/contiki-ng-cooja.a(random.o)
 .bss           0x0000000000047f0c        0xc build/cooja/contiki-ng-cooja.a(sensors.o)
                0x0000000000047f0c                sensors_event
 .bss           0x0000000000047f18        0x0 build/cooja/contiki-ng-cooja.a(leds.o)
 *fill*         0x0000000000047f18        0x8 
 .bss           0x0000000000047f20       0x40 build/cooja/contiki-ng-cooja.a(gpio-hal-arch.o)
 .bss           0x0000000000047f60        0x2 build/cooja/contiki-ng-cooja.a(buttons.o)
                0x0000000000047f60                simButtonChanged
                0x0000000000047f61                simButtonIsDown
 *fill*         0x0000000000047f62        0x6 
 .bss           0x0000000000047f68       0x21 build/cooja/contiki-ng-cooja.a(mqtt.o)
                0x0000000000047f68                mqtt_update_event